Component: ARM Compiler 5.06 update 6 (build 750) Tool: armlink [4d35ed]

==============================================================================

Section Cross References

    main.o(i.AGC_RX) refers to main.o(i.PulsePeakDetector) for PulsePeakDetector
    main.o(i.AGC_RX) refers to measure.o(i.tlc5618_AGC_ADJ) for tlc5618_AGC_ADJ
    main.o(i.AGC_RX) refers to dflt_clz.o(x$fpl$dfltu) for __aeabi_ui2d
    main.o(i.AGC_RX) refers to ddiv.o(x$fpl$ddiv) for __aeabi_ddiv
    main.o(i.AGC_RX) refers to log10.o(i.log10) for log10
    main.o(i.AGC_RX) refers to dmul.o(x$fpl$dmul) for __aeabi_dmul
    main.o(i.AGC_RX) refers to dfix.o(x$fpl$dfix) for __aeabi_d2iz
    main.o(i.AGC_RX) refers to measure.o(i.Slect_Gain) for Slect_Gain
    main.o(i.AGC_RX) refers to measure.o(i.set_AGC_Gn) for set_AGC_Gn
    main.o(i.AGC_RX) refers to main.o(.data) for .data
    main.o(i.APD_HV_AdjWithTemper) refers to drv_adc.o(i.GetADCResult) for GetADCResult
    main.o(i.APD_HV_AdjWithTemper) refers to main.o(.data) for .data
    main.o(i.CAlMEASURE) refers to main.o(i.Cal_APDV) for Cal_APDV
    main.o(i.CAlMEASURE) refers to main.o(i.Cal_hdl) for Cal_hdl
    main.o(i.CAlMEASURE) refers to ascii_protocol.o(i.SettingSave) for SettingSave
    main.o(i.CAlMEASURE) refers to measure.o(i.Slect_Gain) for Slect_Gain
    main.o(i.CAlMEASURE) refers to measure.o(i.delay1us) for delay1us
    main.o(i.CAlMEASURE) refers to debug.o(i.mPrintf) for mPrintf
    main.o(i.CAlMEASURE) refers to main.o(i.NVIC_SystemReset) for NVIC_SystemReset
    main.o(i.CAlMEASURE) refers to main.o(.data) for .data
    main.o(i.CAlMEASURE) refers to ascii_protocol.o(.bss) for SysSeting
    main.o(i.Cal_APDV) refers to measure.o(i.Slect_Gain) for Slect_Gain
    main.o(i.Cal_APDV) refers to ascii_protocol.o(.bss) for SysSeting
    main.o(i.Cal_APDV) refers to main.o(.data) for .data
    main.o(i.Cal_hdl) refers to measure.o(i.Slect_Gain) for Slect_Gain
    main.o(i.Cal_hdl) refers to measure.o(i.delay1us) for delay1us
    main.o(i.Cal_hdl) refers to debug.o(i.mPrintf) for mPrintf
    main.o(i.Cal_hdl) refers to ascii_protocol.o(i.SettingSave) for SettingSave
    main.o(i.Cal_hdl) refers to main.o(i.NVIC_SystemReset) for NVIC_SystemReset
    main.o(i.Cal_hdl) refers to ascii_protocol.o(.bss) for SysSeting
    main.o(i.Cal_hdl) refers to main.o(.data) for .data
    main.o(i.FilterBublesort) refers to lludivv7m.o(.text) for __aeabi_uldivmod
    main.o(i.LOW_Pwoer) refers to measure.o(i.tlc5618_execute) for tlc5618_execute
    main.o(i.POWER_Off_Init) refers to measure.o(i.delay1us) for delay1us
    main.o(i.POWER_On_Init) refers to measure.o(i.gp22_init) for gp22_init
    main.o(i.POWER_On_Init) refers to meas_current.o(i.ExDAC_Init) for ExDAC_Init
    main.o(i.POWER_On_Init) refers to measure.o(i.tlc5618_init) for tlc5618_init
    main.o(i.POWER_On_Init) refers to main.o(i.Contrl_635LD) for Contrl_635LD
    main.o(i.POWER_On_Init) refers to drv_pwmhv.o(i.PWMSet_APD) for PWMSet_APD
    main.o(i.POWER_On_Init) refers to measure.o(i.set_AGC_Gn) for set_AGC_Gn
    main.o(i.POWER_On_Init) refers to measure.o(i.set_LD_HV) for set_LD_HV
    main.o(i.POWER_On_Init) refers to measure.o(i.delay1us) for delay1us
    main.o(i.POWER_On_Init) refers to ascii_protocol.o(.bss) for SysSeting
    main.o(i.Packet) refers to _printf_percent.o(.ARM.Collect$$_printf_percent$$00000000) for _printf_percent
    main.o(i.Packet) refers to _printf_f.o(.ARM.Collect$$_printf_percent$$00000003) for _printf_f
    main.o(i.Packet) refers to printf1.o(x$fpl$printf1) for _printf_fp_dec
    main.o(i.Packet) refers to noretval__2sprintf.o(.text) for __2sprintf
    main.o(i.PulsePeakDetector) refers to drv_adc.o(i.GetADCResult) for GetADCResult
    main.o(i.PulsePeakDetector) refers to measure.o(i.delay1us) for delay1us
    main.o(i.TurnDACOutput) refers to meas_current.o(i.ExDAC_WriteDat) for ExDAC_WriteDat
    main.o(i.TurnDACOutput) refers to ascii_protocol.o(.bss) for SysSeting
    main.o(i.cal_dst) refers to fflt_clz.o(x$fpl$ffltu) for __aeabi_ui2f
    main.o(i.cal_dst) refers to fmul.o(x$fpl$fmul) for __aeabi_fmul
    main.o(i.cal_dst) refers to faddsub_clz.o(x$fpl$fadd) for __aeabi_fadd
    main.o(i.cal_dst) refers to ffixu.o(x$fpl$ffixu) for __aeabi_f2uiz
    main.o(i.dis_maxmin) refers to debug.o(i.mPrintf) for mPrintf
    main.o(i.dis_maxmin) refers to main.o(.data) for .data
    main.o(i.get_APD_vot) refers to measure.o(i.trigger_pulse) for trigger_pulse
    main.o(i.get_APD_vot) refers to measure.o(i.delay1us) for delay1us
    main.o(i.get_APD_vot) refers to main.o(i.PulsePeakDetector) for PulsePeakDetector
    main.o(i.get_APD_vot) refers to drv_pwmhv.o(i.PWM_Adj_APD) for PWM_Adj_APD
    main.o(i.get_APD_vot) refers to dflt_clz.o(x$fpl$dfltu) for __aeabi_ui2d
    main.o(i.get_APD_vot) refers to daddsub_clz.o(x$fpl$dsub) for __aeabi_dsub
    main.o(i.get_APD_vot) refers to drleqf.o(x$fpl$drleqf) for __aeabi_cdrcmple
    main.o(i.get_APD_vot) refers to main.o(.data) for .data
[...]
    __rt_lib_init_stdio_1                    0x08000183   Thumb Code     0  libinit2.o(.ARM.Collect$$libinit$$00000025)
    __rt_lib_shutdown                        0x08000185   Thumb Code     0  libshutdown.o(.ARM.Collect$$libshutdown$$00000000)
    __rt_lib_shutdown_cpp_1                  0x08000187   Thumb Code     0  libshutdown2.o(.ARM.Collect$$libshutdown$$00000002)
    __rt_lib_shutdown_fp_trap_1              0x08000187   Thumb Code     0  libshutdown2.o(.ARM.Collect$$libshutdown$$00000007)
    __rt_lib_shutdown_heap_1                 0x08000187   Thumb Code     0  libshutdown2.o(.ARM.Collect$$libshutdown$$0000000F)
    __rt_lib_shutdown_return                 0x08000187   Thumb Code     0  libshutdown2.o(.ARM.Collect$$libshutdown$$00000010)
    __rt_lib_shutdown_signal_1               0x08000187   Thumb Code     0  libshutdown2.o(.ARM.Collect$$libshutdown$$0000000A)
    __rt_lib_shutdown_stdio_1                0x08000187   Thumb Code     0  libshutdown2.o(.ARM.Collect$$libshutdown$$00000004)
    __rt_lib_shutdown_user_alloc_1           0x08000187   Thumb Code     0  libshutdown2.o(.ARM.Collect$$libshutdown$$0000000C)
    __rt_entry                               0x08000189   Thumb Code     0  __rtentry.o(.ARM.Collect$$rtentry$$00000000)
    __rt_entry_presh_1                       0x08000189   Thumb Code     0  __rtentry2.o(.ARM.Collect$$rtentry$$00000002)
    __rt_entry_sh                            0x08000189   Thumb Code     0  __rtentry4.o(.ARM.Collect$$rtentry$$00000004)
    __rt_entry_li                            0x0800018f   Thumb Code     0  __rtentry2.o(.ARM.Collect$$rtentry$$0000000A)
    __rt_entry_postsh_1                      0x0800018f   Thumb Code     0  __rtentry2.o(.ARM.Collect$$rtentry$$00000009)
    __rt_entry_main                          0x08000193   Thumb Code     0  __rtentry2.o(.ARM.Collect$$rtentry$$0000000D)
    __rt_entry_postli_1                      0x08000193   Thumb Code     0  __rtentry2.o(.ARM.Collect$$rtentry$$0000000C)
    __rt_exit                                0x0800019b   Thumb Code     0  rtexit.o(.ARM.Collect$$rtexit$$00000000)
    __rt_exit_ls                             0x0800019d   Thumb Code     0  rtexit2.o(.ARM.Collect$$rtexit$$00000003)
    __rt_exit_prels_1                        0x0800019d   Thumb Code     0  rtexit2.o(.ARM.Collect$$rtexit$$00000002)
    __rt_exit_exit                           0x080001a1   Thumb Code     0  rtexit2.o(.ARM.Collect$$rtexit$$00000004)
    Reset_Handler                            0x080001a9   Thumb Code     8  startup_stm32f10x_md.o(.text)
    NMI_Handler                              0x080001b1   Thumb Code     2  startup_stm32f10x_md.o(.text)
    MemManage_Handler                        0x080001b5   Thumb Code     2  startup_stm32f10x_md.o(.text)
    BusFault_Handler                         0x080001b7   Thumb Code     2  startup_stm32f10x_md.o(.text)
    UsageFault_Handler                       0x080001b9   Thumb Code     2  startup_stm32f10x_md.o(.text)
    SVC_Handler                              0x080001bb   Thumb Code     2  startup_stm32f10x_md.o(.text)
    DebugMon_Handler                         0x080001bd   Thumb Code     2  startup_stm32f10x_md.o(.text)
    PendSV_Handler                           0x080001bf   Thumb Code     2  startup_stm32f10x_md.o(.text)
    ADC1_2_IRQHandler                        0x080001c3   Thumb Code     0  startup_stm32f10x_md.o(.text)
    CAN1_RX1_IRQHandler                      0x080001c3   Thumb Code     0  startup_stm32f10x_md.o(.text)
    CAN1_SCE_IRQHandler                      0x080001c3   Thumb Code     0  startup_stm32f10x_md.o(.text)
    DMA1_Channel1_IRQHandler                 0x080001c3   Thumb Code     0  startup_stm32f10x_md.o(.text)
    DMA1_Channel2_IRQHandler                 0x080001c3   Thumb Code     0  startup_stm32f10x_md.o(.text)
    DMA1_Channel3_IRQHandler                 0x080001c3   Thumb Code     0  startup_stm32f10x_md.o(.text)
    DMA1_Channel5_IRQHandler                 0x080001c3   Thumb Code     0  startup_stm32f10x_md.o(.text)
    DMA1_Channel6_IRQHandler                 0x080001c3   Thumb Code     0  startup_stm32f10x_md.o(.text)
    DMA1_Channel7_IRQHandler                 0x080001c3   Thumb Code     0  startup_stm32f10x_md.o(.text)
    EXTI0_IRQHandler                         0x080001c3   Thumb Code     0  startup_stm32f10x_md.o(.text)
    EXTI15_10_IRQHandler                     0x080001c3   Thumb Code     0  startup_stm32f10x_md.o(.text)
    EXTI1_IRQHandler                         0x080001c3   Thumb Code     0  startup_stm32f10x_md.o(.text)
    EXTI2_IRQHandler                         0x080001c3   Thumb Code     0  startup_stm32f10x_md.o(.text)
    EXTI3_IRQHandler                         0x080001c3   Thumb Code     0  startup_stm32f10x_md.o(.text)
    EXTI4_IRQHandler                         0x080001c3   Thumb Code     0  startup_stm32f10x_md.o(.text)
    EXTI9_5_IRQHandler                       0x080001c3   Thumb Code     0  startup_stm32f10x_md.o(.text)
    FLASH_IRQHandler                         0x080001c3   Thumb Code     0  startup_stm32f10x_md.o(.text)
    I2C1_ER_IRQHandler                       0x080001c3   Thumb Code     0  startup_stm32f10x_md.o(.text)
    I2C1_EV_IRQHandler                       0x080001c3   Thumb Code     0  startup_stm32f10x_md.o(.text)
    I2C2_ER_IRQHandler                       0x080001c3   Thumb Code     0  startup_stm32f10x_md.o(.text)
    I2C2_EV_IRQHandler                       0x080001c3   Thumb Code     0  startup_stm32f10x_md.o(.text)
    PVD_IRQHandler                           0x080001c3   Thumb Code     0  startup_stm32f10x_md.o(.text)
    RCC_IRQHandler                           0x080001c3   Thumb Code     0  startup_stm32f10x_md.o(.text)
    RTCAlarm_IRQHandler                      0x080001c3   Thumb Code     0  startup_stm32f10x_md.o(.text)
    RTC_IRQHandler                           0x080001c3   Thumb Code     0  startup_stm32f10x_md.o(.text)
    SPI1_IRQHandler                          0x080001c3   Thumb Code     0  startup_stm32f10x_md.o(.text)
    SPI2_IRQHandler                          0x080001c3   Thumb Code     0  startup_stm32f10x_md.o(.text)
    TAMPER_IRQHandler                        0x080001c3   Thumb Code     0  startup_stm32f10x_md.o(.text)
    TIM1_BRK_IRQHandler                      0x080001c3   Thumb Code     0  startup_stm32f10x_md.o(.text)
    TIM1_CC_IRQHandler                       0x080001c3   Thumb Code     0  startup_stm32f10x_md.o(.text)
    TIM1_TRG_COM_IRQHandler                  0x080001c3   Thumb Code     0  startup_stm32f10x_md.o(.text)
    TIM2_IRQHandler                          0x080001c3   Thumb Code     0  startup_stm32f10x_md.o(.text)
    TIM4_IRQHandler                          0x080001c3   Thumb Code     0  startup_stm32f10x_md.o(.text)
    USART2_IRQHandler                        0x080001c3   Thumb Code     0  startup_stm32f10x_md.o(.text)
    USART3_IRQHandler                        0x080001c3   Thumb Code     0  startup_stm32f10x_md.o(.text)
    USBWakeUp_IRQHandler                     0x080001c3   Thumb Code     0  startup_stm32f10x_md.o(.text)
    USB_HP_CAN1_TX_IRQHandler                0x080001c3   Thumb Code     0  startup_stm32f10x_md.o(.text)
    USB_LP_CAN1_RX0_IRQHandler               0x080001c3   Thumb Code     0  startup_stm32f10x_md.o(.text)
    WWDG_IRQHandler                          0x080001c3   Thumb Code     0  startup_stm32f10x_md.o(.text)
    __user_initial_stackheap                 0x080001c5   Thumb Code     0  startup_stm32f10x_md.o(.text)
    __aeabi_uldivmod                         0x080001e9   Thumb Code     0  lludivv7m.o(.text)
    _ll_udiv                                 0x080001e9   Thumb Code   238  lludivv7m.o(.text)
    __2sprintf                               0x080002d9   Thumb Code    34  noretval__2sprintf.o(.text)
    _printf_int_dec                          0x08000301   Thumb Code   104  _printf_dec.o(.text)
    __printf                                 0x08000379   Thumb Code   270  __printf_wp.o(.text)
    strlen                                   0x08000487   Thumb Code    62  strlen.o(.text)
    __aeabi_memcpy4                          0x080004c5   Thumb Code     0  rt_memcpy_w.o(.text)
    __aeabi_memcpy8                          0x080004c5   Thumb Code     0  rt_memcpy_w.o(.text)
    __rt_memcpy_w                            0x080004c5   Thumb Code   100  rt_memcpy_w.o(.text)
    _memcpy_lastbytes_aligned                0x0800050d   Thumb Code     0  rt_memcpy_w.o(.text)
    __aeabi_memclr                           0x08000529   Thumb Code     0  rt_memclr.o(.text)
    __rt_memclr                              0x08000529   Thumb Code    68  rt_memclr.o(.text)
    _memset                                  0x0800052d   Thumb Code     0  rt_memclr.o(.text)
    __aeabi_memclr4                          0x0800056d   Thumb Code     0  rt_memclr_w.o(.text)
    __aeabi_memclr8                          0x0800056d   Thumb Code     0  rt_memclr_w.o(.text)
    __rt_memclr_w                            0x0800056d   Thumb Code    78  rt_memclr_w.o(.text)
    _memset_w                                0x08000571   Thumb Code     0  rt_memclr_w.o(.text)
    __use_two_region_memory                  0x080005bb   Thumb Code     2  heapauxi.o(.text)
    __rt_heap_escrow$2region                 0x080005bd   Thumb Code     2  heapauxi.o(.text)
    __rt_heap_expand$2region                 0x080005bf   Thumb Code     2  heapauxi.o(.text)
    __read_errno                             0x080005c1   Thumb Code    10  _rserrno.o(.text)
    __set_errno                              0x080005cb   Thumb Code    12  _rserrno.o(.text)
    _printf_int_common                       0x080005d7   Thumb Code   178  _printf_intcommon.o(.text)
    __lib_sel_fp_printf                      0x08000689   Thumb Code     2  _printf_fp_dec.o(.text)
    _printf_fp_dec_real                      0x0800083b   Thumb Code   620  _printf_fp_dec.o(.text)
    _printf_char_common                      0x08000ab3   Thumb Code    32  _printf_char_common.o(.text)
    _sputc                                   0x08000ad9   Thumb Code    10  _sputc.o(.text)
    __rt_locale                              0x08000ae5   Thumb Code     8  rt_locale_intlibspace.o(.text)
    __aeabi_errno_addr                       0x08000aed   Thumb Code     8  rt_errno_addr_intlibspace.o(.text)
    __errno$intlibspace                      0x08000aed   Thumb Code     0  rt_errno_addr_intlibspace.o(.text)
    __rt_errno_addr$intlibspace              0x08000aed   Thumb Code     0  rt_errno_addr_intlibspace.o(.text)
    _ll_udiv10                               0x08000af5   Thumb Code   138  lludiv10.o(.text)
    _printf_fp_infnan                        0x08000b81   Thumb Code   112  _printf_fp_infnan.o(.text)
    _btod_etento                             0x08000c01   Thumb Code   224  bigflt0.o(.text)
    __user_libspace                          0x08000ce5   Thumb Code     8  libspace.o(.text)
    __user_perproc_libspace                  0x08000ce5   Thumb Code     0  libspace.o(.text)
    __user_perthread_libspace                0x08000ce5   Thumb Code     0  libspace.o(.text)
    __user_setup_stackheap                   0x08000ced   Thumb Code    74  sys_stackheap_outer.o(.text)
    exit                                     0x08000d37   Thumb Code    18  exit.o(.text)
    strcmp                                   0x08000d49   Thumb Code   128  strcmpv7m.o(.text)
    _sys_exit                                0x08000dc9   Thumb Code     8  sys_exit.o(.text)
    __I$use$semihosting                      0x08000dd5   Thumb Code     0  use_no_semi.o(.text)
    __use_no_semihosting_swi                 0x08000dd5   Thumb Code     2  use_no_semi.o(.text)
    __semihosting_library_function           0x08000dd7   Thumb Code     0  indicate_semi.o(.text)
    _btod_d2e                                0x08000dd7   Thumb Code    62  btod.o(CL$$btod_d2e)
    _d2e_denorm_low                          0x08000e15   Thumb Code    70  btod.o(CL$$btod_d2e_denorm_low)
    _d2e_norm_op1                            0x08000e5b   Thumb Code    96  btod.o(CL$$btod_d2e_norm_op1)
    __btod_div_common                        0x08000ebb   Thumb Code   696  btod.o(CL$$btod_div_common)
    _e2e                                     0x080011f3   Thumb Code   220  btod.o(CL$$btod_e2e)
    _btod_ediv                               0x080012cf   Thumb Code    42  btod.o(CL$$btod_ediv)
    _btod_emul                               0x080012f9   Thumb Code    42  btod.o(CL$$btod_emul)
    __btod_mult_common                       0x08001323   Thumb Code   580  btod.o(CL$$btod_mult_common)
    AD5420_Write                             0x08001569   Thumb Code    80  meas_current.o(i.AD5420_Write)
    ADC_Cmd                                  0x080015c5   Thumb Code    20  stm32f10x_adc.o(i.ADC_Cmd)
    ADC_DMACmd                               0x080015d9   Thumb Code    20  stm32f10x_adc.o(i.ADC_DMACmd)
    ADC_GetCalibrationStatus                 0x080015ed   Thumb Code    14  stm32f10x_adc.o(i.ADC_GetCalibrationStatus)
    ADC_GetResetCalibrationStatus            0x080015fb   Thumb Code    14  stm32f10x_adc.o(i.ADC_GetResetCalibrationStatus)
    ADC_Init                                 0x08001609   Thumb Code    62  stm32f10x_adc.o(i.ADC_Init)
    ADC_RegularChannelConfig                 0x08001651   Thumb Code   116  stm32f10x_adc.o(i.ADC_RegularChannelConfig)
    ADC_ResetCalibration                     0x080016c5   Thumb Code    10  stm32f10x_adc.o(i.ADC_ResetCalibration)
    ADC_SoftwareStartConvCmd                 0x080016cf   Thumb Code    20  stm32f10x_adc.o(i.ADC_SoftwareStartConvCmd)
    ADC_StartCalibration                     0x080016e3   Thumb Code    10  stm32f10x_adc.o(i.ADC_StartCalibration)
    AGC_RX                                   0x080016ed   Thumb Code   276  main.o(i.AGC_RX)
    APD_HV_AdjWithTemper                     0x0800180d   Thumb Code    36  main.o(i.APD_HV_AdjWithTemper)
    BSP_SPI1_Init                            0x0800194d   Thumb Code   132  stm32f1_init.o(i.BSP_SPI1_Init)
    BSP_SPI2_Init                            0x080019d9   Thumb Code   140  stm32f1_init.o(i.BSP_SPI2_Init)
    BSP_USART_Config                         0x08001a6d   Thumb Code   196  stm32f1_init.o(i.BSP_USART_Config)
    BSP_UartDMA_Config                       0x08001b41   Thumb Code    92  stm32f1_init.o(i.BSP_UartDMA_Config)
    CAlMEASURE                               0x08001ba5   Thumb Code   120  main.o(i.CAlMEASURE)
    CMD20_LedCtl                             0x08001c55   Thumb Code    34  rtu_protocol.o(i.CMD20_LedCtl)
    CMD2_GetAddress                          0x08001c79   Thumb Code    18  rtu_protocol.o(i.CMD2_GetAddress)
    CMD2_GetAutorun                          0x08001c91   Thumb Code    18  rtu_protocol.o(i.CMD2_GetAutorun)
    CMD2_GetBase                             0x08001ca9   Thumb Code    18  rtu_protocol.o(i.CMD2_GetBase)
    CMD2_GetBaudrate                         0x08001cc1   Thumb Code    20  rtu_protocol.o(i.CMD2_GetBaudrate)
    CMD2_GetCurrentRange                     0x08001cd9   Thumb Code    20  rtu_protocol.o(i.CMD2_GetCurrentRange)
    CMD2_GetOutputHZ                         0x08001cf1   Thumb Code    18  rtu_protocol.o(i.CMD2_GetOutputHZ)
    CMD2_GetPulseFreq                        0x08001d09   Thumb Code    34  rtu_protocol.o(i.CMD2_GetPulseFreq)
    CMD2_GetSwitchResult                     0x08001d31   Thumb Code    14  rtu_protocol.o(i.CMD2_GetSwitchResult)
    CMD2_GetSwitchthd                        0x08001d49   Thumb Code    18  rtu_protocol.o(i.CMD2_GetSwitchthd)
    CMD2_GetVersion                          0x08001d61   Thumb Code    46  rtu_protocol.o(i.CMD2_GetVersion)
    CMD2_SetAddress                          0x08001d91   Thumb Code    14  rtu_protocol.o(i.CMD2_SetAddress)
    CMD2_SetAutorun                          0x08001da5   Thumb Code    16  rtu_protocol.o(i.CMD2_SetAutorun)
    CMD2_SetBase                             0x08001db9   Thumb Code    16  rtu_protocol.o(i.CMD2_SetBase)
    CMD2_SetBaudrate                         0x08001dcd   Thumb Code    82  rtu_protocol.o(i.CMD2_SetBaudrate)
    CMD2_SetCurrentRange                     0x08001e25   Thumb Code    68  rtu_protocol.o(i.CMD2_SetCurrentRange)
    CMD2_SetOutputHZ                         0x08001e6d   Thumb Code    80  rtu_protocol.o(i.CMD2_SetOutputHZ)
    CMD2_SetPulseFreq                        0x08001ec5   Thumb Code    54  rtu_protocol.o(i.CMD2_SetPulseFreq)
    CMD2_SetRange                            0x08001f05   Thumb Code    52  rtu_protocol.o(i.CMD2_SetRange)
    CMD2_SetSwitchthd                        0x08001f3d   Thumb Code    26  rtu_protocol.o(i.CMD2_SetSwitchthd)
    CMD2_SingMeas                            0x08001f5d   Thumb Code     8  rtu_protocol.o(i.CMD2_SingMeas)
    CMD2_StartMeas                           0x08001f69   Thumb Code    46  rtu_protocol.o(i.CMD2_StartMeas)
    CMD2_StopMeas                            0x08001fa5   Thumb Code    54  rtu_protocol.o(i.CMD2_StopMeas)
    CMD_FreeRun                              0x08001fe5   Thumb Code    28  ascii_protocol.o(i.CMD_FreeRun)
    CMD_GetRange                             0x08002025   Thumb Code    10  ascii_protocol.o(i.CMD_GetRange)
    CMD_GetVersion                           0x08002039   Thumb Code    72  ascii_protocol.o(i.CMD_GetVersion)
    CMD_LedOff                               0x080020e1   Thumb Code    18  ascii_protocol.o(i.CMD_LedOff)
    CMD_LedOn                                0x080020fd   Thumb Code    18  ascii_protocol.o(i.CMD_LedOn)
    CMD_LsAddress                            0x08002119   Thumb Code    12  ascii_protocol.o(i.CMD_LsAddress)
    CMD_ReadCal                              0x0800212d   Thumb Code   330  ascii_protocol.o(i.CMD_ReadCal)
    CMD_ReadFactorySettings                  0x0800249d   Thumb Code    20  ascii_protocol.o(i.CMD_ReadFactorySettings)
    CMD_ReadStandard                         0x080024b5   Thumb Code    38  ascii_protocol.o(i.CMD_ReadStandard)
    CMD_SetAddress                           0x0800252d   Thumb Code    48  ascii_protocol.o(i.CMD_SetAddress)
    CMD_SetBaudrate                          0x08002589   Thumb Code   130  ascii_protocol.o(i.CMD_SetBaudrate)
    CMD_SetCal                               0x08002641   Thumb Code    54  ascii_protocol.o(i.CMD_SetCal)
    CMD_SetOutputHZ                          0x080026bd   Thumb Code   100  ascii_protocol.o(i.CMD_SetOutputHZ)
    CMD_SetPulseHZ                           0x0800275d   Thumb Code    68  ascii_protocol.o(i.CMD_SetPulseHZ)
    CMD_SetRange                             0x080027c1   Thumb Code    58  ascii_protocol.o(i.CMD_SetRange)
    CMD_SetStandard                          0x08002831   Thumb Code    48  ascii_protocol.o(i.CMD_SetStandard)
    CMD_SingleMeas                           0x080028b9   Thumb Code    16  ascii_protocol.o(i.CMD_SingleMeas)
    CMD_StartCal                             0x080028d1   Thumb Code   108  ascii_protocol.o(i.CMD_StartCal)
    CMD_StartContisMeas                      0x080029e9   Thumb Code    24  ascii_protocol.o(i.CMD_StartContisMeas)
    CMD_StopCal                              0x08002a09   Thumb Code    44  ascii_protocol.o(i.CMD_StopCal)
    CMD_StopContisMeas                       0x08002a51   Thumb Code    16  ascii_protocol.o(i.CMD_StopContisMeas)
    CMD_TestWithSig                          0x08002a69   Thumb Code    12  ascii_protocol.o(i.CMD_TestWithSig)
    CMD_TestWithoutSig                       0x08002a7d   Thumb Code    14  ascii_protocol.o(i.CMD_TestWithoutSig)
    CRC16                                    0x08002a95   Thumb Code    40  drv_crc16.o(i.CRC16)
    Cal_APDV                                 0x08002ac1   Thumb Code    42  main.o(i.Cal_APDV)
    Cal_hdl                                  0x08002af5   Thumb Code   312  main.o(i.Cal_hdl)
    CalcDistance                             0x08002ce5   Thumb Code    72  measure.o(i.CalcDistance)
    Contrl_635LD                             0x08002d3d   Thumb Code    18  main.o(i.Contrl_635LD)
    DMA1_Channel4_IRQHandler                 0x08002d55   Thumb Code    44  drv_uart.o(i.DMA1_Channel4_IRQHandler)
    DMA_ClearITPendingBit                    0x08002d89   Thumb Code    16  stm32f10x_dma.o(i.DMA_ClearITPendingBit)
    DMA_Cmd                                  0x08002da1   Thumb Code    22  stm32f10x_dma.o(i.DMA_Cmd)
    DMA_DeInit                               0x08002db9   Thumb Code   218  stm32f10x_dma.o(i.DMA_DeInit)
    DMA_GetITStatus                          0x08002e9d   Thumb Code    24  stm32f10x_dma.o(i.DMA_GetITStatus)
    DMA_ITConfig                             0x08002ebd   Thumb Code    16  stm32f10x_dma.o(i.DMA_ITConfig)
    DMA_Init                                 0x08002ecd   Thumb Code    58  stm32f10x_dma.o(i.DMA_Init)
    DMA_Init_Mem2Periph                      0x08002f07   Thumb Code    86  drv_uart.o(i.DMA_Init_Mem2Periph)
    DefaultSetting                           0x08002f5d   Thumb Code   144  ascii_protocol.o(i.DefaultSetting)
    EE_Flash_Init                            0x08002ff1   Thumb Code    26  drv_eeprom.o(i.EE_Flash_Init)
    EE_Flash_Read_All_Contents               0x08003011   Thumb Code    10  drv_eeprom.o(i.EE_Flash_Read_All_Contents)
    EE_Flash_Write_All_Contents              0x08003025   Thumb Code    20  drv_eeprom.o(i.EE_Flash_Write_All_Contents)
    ExDAC_Delay                              0x08003041   Thumb Code    12  meas_current.o(i.ExDAC_Delay)
    ExDAC_Init                               0x0800304d   Thumb Code    28  meas_current.o(i.ExDAC_Init)
    ExDAC_WriteDat                           0x0800306d   Thumb Code     8  meas_current.o(i.ExDAC_WriteDat)
    FLASH_ErasePage                          0x08003075   Thumb Code    56  stm32f10x_flash.o(i.FLASH_ErasePage)
    FLASH_GetBank1Status                     0x080030b1   Thumb Code    34  stm32f10x_flash.o(i.FLASH_GetBank1Status)
    FLASH_Lock                               0x080030d9   Thumb Code    12  stm32f10x_flash.o(i.FLASH_Lock)
    FLASH_PrefetchBufferCmd                  0x080030e9   Thumb Code    18  stm32f10x_flash.o(i.FLASH_PrefetchBufferCmd)
    FLASH_ProgramHalfWord                    0x08003101   Thumb Code    48  stm32f10x_flash.o(i.FLASH_ProgramHalfWord)
    FLASH_SetLatency                         0x08003135   Thumb Code    14  stm32f10x_flash.o(i.FLASH_SetLatency)
    FLASH_Unlock                             0x08003149   Thumb Code    12  stm32f10x_flash.o(i.FLASH_Unlock)
    FLASH_UserOptionByteConfig               0x08003161   Thumb Code    78  stm32f10x_flash.o(i.FLASH_UserOptionByteConfig)
    FLASH_WaitForLastOperation               0x080031c1   Thumb Code    36  stm32f10x_flash.o(i.FLASH_WaitForLastOperation)
    FilterBublesort                          0x080031e5   Thumb Code   118  main.o(i.FilterBublesort)
    Flash_ReadData                           0x0800325d   Thumb Code    30  drv_eeprom.o(i.Flash_ReadData)
    Flash_WriteData                          0x08003281   Thumb Code    30  drv_eeprom.o(i.Flash_WriteData)
    GPIO_Init                                0x080032a5   Thumb Code   162  stm32f10x_gpio.o(i.GPIO_Init)
    GPIO_PinRemapConfig                      0x08003349   Thumb Code    82  stm32f10x_gpio.o(i.GPIO_PinRemapConfig)
    GPIO_ResetBits                           0x080033a1   Thumb Code     4  stm32f10x_gpio.o(i.GPIO_ResetBits)
    GPIO_SetBits                             0x080033a5   Thumb Code     4  stm32f10x_gpio.o(i.GPIO_SetBits)
    GetADCResult                             0x080033a9   Thumb Code    56  drv_adc.o(i.GetADCResult)
    GetSoftDate                              0x080033e5   Thumb Code   116  rtu_protocol.o(i.GetSoftDate)
    GetStrCmd                                0x08003469   Thumb Code    44  drv_uart.o(i.GetStrCmd)
    GetStrDat                                0x0800349d   Thumb Code    40  drv_uart.o(i.GetStrDat)
    HardFault_Handler                        0x080034c5   Thumb Code     2  stm32f10x_it.o(i.HardFault_Handler)
    HwTimer_InterrtpyInit                    0x080034c9   Thumb Code    76  my_timer.o(i.HwTimer_InterrtpyInit)
    LittleCopy_16                            0x08003519   Thumb Code    26  drv_modbus.o(i.LittleCopy_16)
    LittleCopy_32                            0x08003533   Thumb Code    38  drv_modbus.o(i.LittleCopy_32)
    McuFlash_EreasePage                      0x08003559   Thumb Code    38  drv_eeprom.o(i.McuFlash_EreasePage)
    McuFlash_ReadData                        0x08003581   Thumb Code    26  drv_eeprom.o(i.McuFlash_ReadData)
    McuFlash_WriteData                       0x0800359d   Thumb Code    60  drv_eeprom.o(i.McuFlash_WriteData)
    Mode_Config                              0x080035d9   Thumb Code    96  measure.o(i.Mode_Config)
    NVIC_Init                                0x08003651   Thumb Code    94  misc.o(i.NVIC_Init)
    NVIC_PriorityGroupConfig                 0x080036b5   Thumb Code    10  misc.o(i.NVIC_PriorityGroupConfig)
    POWER_On_Init                            0x080036e9   Thumb Code    70  main.o(i.POWER_On_Init)
    PWMSet_APD                               0x0800373d   Thumb Code    30  drv_pwmhv.o(i.PWMSet_APD)
    Packet                                   0x08003761   Thumb Code    34  main.o(i.Packet)
    PulseGenerate                            0x08003795   Thumb Code    34  measure.o(i.PulseGenerate)
    PulsePeakDetector                        0x080037bd   Thumb Code    40  main.o(i.PulsePeakDetector)
    PwmCongfig                               0x080037e9   Thumb Code   180  drv_pwmhv.o(i.PwmCongfig)
    RCC_ADCCLKConfig                         0x080038a5   Thumb Code    14  stm32f10x_rcc.o(i.RCC_ADCCLKConfig)
    RCC_AHBPeriphClockCmd                    0x080038b9   Thumb Code    18  stm32f10x_rcc.o(i.RCC_AHBPeriphClockCmd)
    RCC_APB1PeriphClockCmd                   0x080038d1   Thumb Code    18  stm32f10x_rcc.o(i.RCC_APB1PeriphClockCmd)
    RCC_APB1PeriphResetCmd                   0x080038e9   Thumb Code    18  stm32f10x_rcc.o(i.RCC_APB1PeriphResetCmd)
    RCC_APB2PeriphClockCmd                   0x08003901   Thumb Code    18  stm32f10x_rcc.o(i.RCC_APB2PeriphClockCmd)
    RCC_APB2PeriphResetCmd                   0x08003919   Thumb Code    18  stm32f10x_rcc.o(i.RCC_APB2PeriphResetCmd)
    RCC_DeInit                               0x08003931   Thumb Code    50  stm32f10x_rcc.o(i.RCC_DeInit)
    RCC_GetClocksFreq                        0x08003971   Thumb Code   128  stm32f10x_rcc.o(i.RCC_GetClocksFreq)
    RCC_GetFlagStatus                        0x08003a01   Thumb Code    44  stm32f10x_rcc.o(i.RCC_GetFlagStatus)
    RCC_GetSYSCLKSource                      0x08003a31   Thumb Code    10  stm32f10x_rcc.o(i.RCC_GetSYSCLKSource)
    RCC_HCLKConfig                           0x08003a41   Thumb Code    14  stm32f10x_rcc.o(i.RCC_HCLKConfig)
    RCC_HSICmd                               0x08003a55   Thumb Code     6  stm32f10x_rcc.o(i.RCC_HSICmd)
    RCC_PCLK1Config                          0x08003a61   Thumb Code    14  stm32f10x_rcc.o(i.RCC_PCLK1Config)
    RCC_PCLK2Config                          0x08003a75   Thumb Code    16  stm32f10x_rcc.o(i.RCC_PCLK2Config)
    RCC_PLLCmd                               0x08003a89   Thumb Code     6  stm32f10x_rcc.o(i.RCC_PLLCmd)
    RCC_PLLConfig                            0x08003a95   Thumb Code    16  stm32f10x_rcc.o(i.RCC_PLLConfig)
    RCC_SYSCLKConfig                         0x08003aa9   Thumb Code    14  stm32f10x_rcc.o(i.RCC_SYSCLKConfig)
    ReadGP22Status                           0x08003abd   Thumb Code    28  measure.o(i.ReadGP22Status)
    SPI_Cmd                                  0x08003add   Thumb Code    20  stm32f10x_spi.o(i.SPI_Cmd)
    SPI_Init                                 0x08003af1   Thumb Code    56  stm32f10x_spi.o(i.SPI_Init)
    SetAdChannel                             0x08003b29   Thumb Code   170  drv_adc.o(i.SetAdChannel)
    SettingRead                              0x08003bdd   Thumb Code   460  ascii_protocol.o(i.SettingRead)
    SettingSave                              0x080040f9   Thumb Code    20  ascii_protocol.o(i.SettingSave)
    Slect_Gain                               0x08004111   Thumb Code    78  measure.o(i.Slect_Gain)
    StartAdcSample                           0x08004169   Thumb Code    12  drv_adc.o(i.StartAdcSample)
    Str2Hex32                                0x08004179   Thumb Code    48  drv_uart.o(i.Str2Hex32)
    StrCmp                                   0x080041a9   Thumb Code    28  drv_uart.o(i.StrCmp)
    SysParamInit                             0x080041c5   Thumb Code    88  ascii_protocol.o(i.SysParamInit)
    SysTickStop                              0x08004225   Thumb Code    12  stm32f1_init.o(i.SysTickStop)
    SysTick_Handler                          0x08004231   Thumb Code    10  stm32f10x_it.o(i.SysTick_Handler)
    SystemInit                               0x08004241   Thumb Code     2  stm32f1_init.o(i.SystemInit)
    System_Init                              0x08004245   Thumb Code   200  stm32f1_init.o(i.System_Init)
    TIM1_UP_IRQHandler                       0x08004315   Thumb Code     4  stm32f10x_it.o(i.TIM1_UP_IRQHandler)
    TIM3_IRQHandler                          0x08004319   Thumb Code   152  my_timer.o(i.TIM3_IRQHandler)
    TIM_ARRPreloadConfig                     0x080043ed   Thumb Code    20  stm32f10x_tim.o(i.TIM_ARRPreloadConfig)
    TIM_ClearFlag                            0x08004401   Thumb Code     6  stm32f10x_tim.o(i.TIM_ClearFlag)
    TIM_ClearITPendingBit                    0x08004407   Thumb Code     6  stm32f10x_tim.o(i.TIM_ClearITPendingBit)
    TIM_Cmd                                  0x0800440d   Thumb Code    20  stm32f10x_tim.o(i.TIM_Cmd)
    TIM_CtrlPWMOutputs                       0x08004421   Thumb Code    22  stm32f10x_tim.o(i.TIM_CtrlPWMOutputs)
    TIM_DeInit                               0x08004439   Thumb Code   304  stm32f10x_tim.o(i.TIM_DeInit)
    TIM_ITConfig                             0x080045a9   Thumb Code    16  stm32f10x_tim.o(i.TIM_ITConfig)
    TIM_OC4Init                              0x080045b9   Thumb Code    90  stm32f10x_tim.o(i.TIM_OC4Init)
    TIM_OC4PreloadConfig                     0x0800461d   Thumb Code    20  stm32f10x_tim.o(i.TIM_OC4PreloadConfig)
    TIM_SetCompare4                          0x08004631   Thumb Code     6  stm32f10x_tim.o(i.TIM_SetCompare4)
    TIM_TimeBaseInit                         0x08004639   Thumb Code   114  stm32f10x_tim.o(i.TIM_TimeBaseInit)
    TimerBoard_Init                          0x080046d5   Thumb Code   212  my_timer.o(i.TimerBoard_Init)
    UART_RxIRQ                               0x08004811   Thumb Code   136  drv_uart.o(i.UART_RxIRQ)
    UART_StartReceive                        0x080048a5   Thumb Code    14  drv_uart.o(i.UART_StartReceive)
    UART_TimeOutIRQ                          0x080048b9   Thumb Code    48  drv_uart.o(i.UART_TimeOutIRQ)
    USART1_IRQHandler                        0x080048f1   Thumb Code    14  stm32f10x_it.o(i.USART1_IRQHandler)
    USART_ClearFlag                          0x08004905   Thumb Code     6  stm32f10x_usart.o(i.USART_ClearFlag)
    USART_Cmd                                0x0800490b   Thumb Code    20  stm32f10x_usart.o(i.USART_Cmd)
    USART_CmdParse                           0x08004921   Thumb Code   434  drv_uart.o(i.USART_CmdParse)
    USART_DMACmd                             0x08004aed   Thumb Code    16  stm32f10x_usart.o(i.USART_DMACmd)
    USART_ITConfig                           0x08004afd   Thumb Code    48  stm32f10x_usart.o(i.USART_ITConfig)
    USART_Init                               0x08004b2d   Thumb Code   166  stm32f10x_usart.o(i.USART_Init)
    Uart1_DMASendOutOnce                     0x08004bd9   Thumb Code    56  drv_uart.o(i.Uart1_DMASendOutOnce)
    __ARM_fpclassify                         0x08004c19   Thumb Code    40  fpclassify.o(i.__ARM_fpclassify)
    __kernel_poly                            0x08004c41   Thumb Code   170  poly.o(i.__kernel_poly)
    __mathlib_dbl_divzero                    0x08004ced   Thumb Code    12  dunder.o(i.__mathlib_dbl_divzero)
    __mathlib_dbl_infnan                     0x08004cfd   Thumb Code     6  dunder.o(i.__mathlib_dbl_infnan)
    __mathlib_dbl_invalid                    0x08004d03   Thumb Code    12  dunder.o(i.__mathlib_dbl_invalid)
    _is_digit                                0x08004d0f   Thumb Code    14  __printf_wp.o(i._is_digit)
    cwdPrintf                                0x08004d1d   Thumb Code   112  debug.o(i.cwdPrintf)
    delay1us                                 0x08004d8d   Thumb Code   130  measure.o(i.delay1us)
    dis_maxmin                               0x08004e11   Thumb Code    44  main.o(i.dis_maxmin)
    dly100ns                                 0x08004e59   Thumb Code    14  measure.o(i.dly100ns)
    gp22_init                                0x08004e69   Thumb Code   130  measure.o(i.gp22_init)
    gp22_read_dword                          0x08004f09   Thumb Code    50  measure.o(i.gp22_read_dword)
    gp22_send_byte                           0x08004f41   Thumb Code    26  measure.o(i.gp22_send_byte)
    gp22_write_config_reg                    0x08004f61   Thumb Code    56  measure.o(i.gp22_write_config_reg)
    hr_TimerBaseInit                         0x08004f9d   Thumb Code    66  my_timer.o(i.hr_TimerBaseInit)
    log                                      0x08004fe1   Thumb Code   808  log.o(i.log)
    log10                                    0x0800533d   Thumb Code   198  log10.o(i.log10)
    mPrintf                                  0x08005421   Thumb Code    44  debug.o(i.mPrintf)
    main                                     0x0800544d   Thumb Code   112  main.o(i.main)
    meas_range                               0x080054c5   Thumb Code   610  main.o(i.meas_range)
    printf_dec                               0x080058cd   Thumb Code    88  debug.o(i.printf_dec)
    printf_hex                               0x08005925   Thumb Code    52  debug.o(i.printf_hex)
    put_string                               0x08005959   Thumb Code    62  stm32f1_init.o(i.put_string)
    range_Get                                0x080059a1   Thumb Code    88  main.o(i.range_Get)
    set_AGC_Gn                               0x08005a01   Thumb Code    16  measure.o(i.set_AGC_Gn)
    set_LD_HV                                0x08005a15   Thumb Code    14  measure.o(i.set_LD_HV)
    spi1_write_byte                          0x08005a29   Thumb Code    22  drv_spi.o(i.spi1_write_byte)
    spi2_write_word                          0x08005a45   Thumb Code    52  drv_spi.o(i.spi2_write_word)
    tlc5618_AGC_ADJ                          0x08005a81   Thumb Code    44  measure.o(i.tlc5618_AGC_ADJ)
    tlc5618_execute                          0x08005ab1   Thumb Code    30  measure.o(i.tlc5618_execute)
    tlc5618_init                             0x08005ad5   Thumb Code    10  measure.o(i.tlc5618_init)
    trigger_pulse                            0x08005ae5   Thumb Code    98  measure.o(i.trigger_pulse)
    _get_lc_numeric                          0x08005b55   Thumb Code    44  lc_numeric_c.o(locale$$code)
    __aeabi_d2f                              0x08005b81   Thumb Code     0  d2f.o(x$fpl$d2f)
    _d2f                                     0x08005b81   Thumb Code    98  d2f.o(x$fpl$d2f)
    __aeabi_dadd                             0x08005be5   Thumb Code     0  daddsub_clz.o(x$fpl$dadd)
    _dadd                                    0x08005be5   Thumb Code   332  daddsub_clz.o(x$fpl$dadd)
    __fpl_dcheck_NaN1                        0x08005d35   Thumb Code    10  dcheck1.o(x$fpl$dcheck1)
    __fpl_dcmp_Inf                           0x08005d45   Thumb Code    24  dcmpi.o(x$fpl$dcmpinf)
    __aeabi_ddiv                             0x08005d5d   Thumb Code     0  ddiv.o(x$fpl$ddiv)
    _ddiv                                    0x08005d5d   Thumb Code   552  ddiv.o(x$fpl$ddiv)
    __aeabi_cdcmpeq                          0x0800600d   Thumb Code     0  deqf.o(x$fpl$deqf)
    _dcmpeq                                  0x0800600d   Thumb Code   120  deqf.o(x$fpl$deqf)
    __aeabi_d2iz                             0x08006085   Thumb Code     0  dfix.o(x$fpl$dfix)
    _dfix                                    0x08006085   Thumb Code    94  dfix.o(x$fpl$dfix)
    __aeabi_i2d                              0x080060e3   Thumb Code     0  dflt_clz.o(x$fpl$dflt)
    _dflt                                    0x080060e3   Thumb Code    46  dflt_clz.o(x$fpl$dflt)
    __aeabi_ui2d                             0x08006111   Thumb Code     0  dflt_clz.o(x$fpl$dfltu)
    _dfltu                                   0x08006111   Thumb Code    38  dflt_clz.o(x$fpl$dfltu)
    __aeabi_dmul                             0x08006139   Thumb Code     0  dmul.o(x$fpl$dmul)
    _dmul                                    0x08006139   Thumb Code   332  dmul.o(x$fpl$dmul)
    __fpl_dnaninf                            0x0800628d   Thumb Code   156  dnaninf.o(x$fpl$dnaninf)
    __fpl_dretinf                            0x08006329   Thumb Code    12  dretinf.o(x$fpl$dretinf)
    __aeabi_drsub                            0x08006335   Thumb Code     0  daddsub_clz.o(x$fpl$drsb)
    _drsb                                    0x08006335   Thumb Code    22  daddsub_clz.o(x$fpl$drsb)
    __aeabi_dsub                             0x0800634d   Thumb Code     0  daddsub_clz.o(x$fpl$dsub)
    _dsub                                    0x0800634d   Thumb Code   464  daddsub_clz.o(x$fpl$dsub)
    __aeabi_f2d                              0x08006521   Thumb Code     0  f2d.o(x$fpl$f2d)
    _f2d                                     0x08006521   Thumb Code    86  f2d.o(x$fpl$f2d)
    __aeabi_f2uiz                            0x08006579   Thumb Code     0  ffixu.o(x$fpl$ffixu)
    _ffixu                                   0x08006579   Thumb Code    62  ffixu.o(x$fpl$ffixu)
    __aeabi_ui2f                             0x080065b9   Thumb Code     0  fflt_clz.o(x$fpl$ffltu)
    _ffltu                                   0x080065b9   Thumb Code    38  fflt_clz.o(x$fpl$ffltu)
    __fpl_fnaninf                            0x080065df   Thumb Code   140  fnaninf.o(x$fpl$fnaninf)
    __fpl_fretinf                            0x0800666b   Thumb Code    10  fretinf.o(x$fpl$fretinf)
    _printf_fp_dec                           0x08006675   Thumb Code     4  printf1.o(x$fpl$printf1)
    __fpl_return_NaN                         0x08006679   Thumb Code   100  retnan.o(x$fpl$retnan)
    __ARM_scalbn                             0x080066dd   Thumb Code    92  scalbn.o(x$fpl$scalbn)
    __fpl_cmpreturn                          0x08006739   Thumb Code    48  trapv.o(x$fpl$trapveneer)
    HandleTab                                0x08006768   Data         184  ascii_protocol.o(.constdata)
    __I$use$fp                               0x08006768   Number         0  usenofp.o(x$fpl$usenofp)
    MAX_CMD_NUM                              0x08006820   Data           1  ascii_protocol.o(.constdata)
    ModBusHandleTab                          0x08006824   Data         192  rtu_protocol.o(.constdata)
    auchCRCHi                                0x08006908   Data         256  drv_crc16.o(.constdata)
    auchCRCLo                                0x08006a08   Data         256  drv_crc16.o(.constdata)
    __mathlib_zero                           0x08006bd8   Data           8  qnan.o(.constdata)
    Region$$Table$$Base                      0x08006d20   Number         0  anon$$obj.o(Region$$Table)
    Region$$Table$$Limit                     0x08006d40   Number         0  anon$$obj.o(Region$$Table)
    flag_disBool                             0x20000000   Data           1  main.o(.data)
    Flag_NormalTest                          0x20000001   Data           1  main.o(.data)
    Flag_Cal                                 0x20000002   Data           1  main.o(.data)
    Flag_QCTEST                              0x20000003   Data           1  main.o(.data)
    FreeRun                                  0x20000004   Data           1  main.o(.data)
    Flag_ApdGn                               0x20000005   Data           1  main.o(.data)
    APDGainState                             0x20000006   Data           1  main.o(.data)
    Flag_FirstDist                           0x20000007   Data           1  main.o(.data)
    MeasStatus                               0x20000008   Data           1  main.o(.data)
    cal_cnt                                  0x2000000a   Data           2  main.o(.data)
    dist_cnt                                 0x2000000c   Data           2  main.o(.data)
    PEAK_ADC                                 0x2000000e   Data           2  main.o(.data)
    dist_collect_tim_cnt                     0x20000010   Data           2  main.o(.data)
    dist_ok                                  0x20000012   Data           2  main.o(.data)
    AGC_NOW                                  0x20000014   Data           2  main.o(.data)
    Ax                                       0x20000016   Data           2  main.o(.data)
    NormalCnt                                0x20000018   Data           2  main.o(.data)
    CalNormDist                              0x2000001a   Data           2  main.o(.data)
    QC_DIST                                  0x2000001c   Data           2  main.o(.data)
    QC_NUB                                   0x2000001e   Data           2  main.o(.data)
    Qc1                                      0x20000020   Data           2  main.o(.data)
    Qc2                                      0x20000022   Data           2  main.o(.data)
    Cal                                      0x20000024   Data           2  main.o(.data)
    dist_final                               0x20000028   Data           4  main.o(.data)
    dist                                     0x2000002c   Data           4  main.o(.data)
    temper                                   0x20000030   Data           4  main.o(.data)
    dstMax                                   0x20000034   Data           4  main.o(.data)
    dstMin                                   0x20000038   Data           4  main.o(.data)
    zjk_test_count                           0x2000003c   Data           4  main.o(.data)
    status_gp2                               0x20000040   Data           4  main.o(.data)
    dist_num                                 0x20000044   Data           2  main.o(.data)
    Flag_SetingDis                           0x20000046   Data           1  ascii_protocol.o(.data)
    CurrentMark                              0x20000048   Data          10  ascii_protocol.o(.data)
    ProtocolType                             0x20000052   Data           1  ascii_protocol.o(.data)
    cmd_id                                   0x20000064   Data           4  drv_uart.o(.data)
    dat                                      0x20000068   Data           4  drv_uart.o(.data)
    g_TimerNbr                               0x20000080   Data           1  my_timer.o(.data)
    rt_tick                                  0x20000082   Data           2  my_timer.o(.data)
    OutputTimeStr                            0x20000084   Data           4  my_timer.o(.data)
    dist_tab                                 0x20000088   Data        8000  main.o(.bss)
    SysSeting                                0x20001fc8   Data          80  ascii_protocol.o(.bss)
    TxBuf                                    0x20002018   Data          64  stm32f1_init.o(.bss)
    AdcData                                  0x20002058   Data         200  drv_adc.o(.bss)
    FlashContents                            0x20002120   Data         128  drv_eeprom.o(.bss)
    UART0_TxBuf                              0x200021a0   Data         130  drv_uart.o(.bss)
    UART0_RxBuf                              0x20002222   Data         130  drv_uart.o(.bss)
    UsartDatStr                              0x200022a4   Data         204  drv_uart.o(.bss)
    __libspace_start                         0x20002370   Data          96  libspace.o(.bss)
    __temporary_stack_top$libspace           0x200023d0   Data           0  libspace.o(.bss)



==============================================================================

Memory Map of the image

  Image Entry point : 0x080001a9

  Load Region LR_1 (Base: 0x08000000, Size: 0x00006de4, Max: 0xffffffff, ABSOLUTE)

    Execution Region ER_RO (Exec base: 0x08000000, Load base: 0x08000000, Size: 0x00006d5c, Max: 0xffffffff, ABSOLUTE)

    Exec Addr    Load Addr    Size         Type   Attr      Idx    E Section Name        Object

    0x08000000   0x08000000   0x000000ec   Data   RO         1108    RESET               startup_stm32f10x_md.o
    0x080000ec   0x080000ec   0x00000008   Code   RO         3478  * !!!main             c_w.l(__main.o)
    0x080000f4   0x080000f4   0x00000034   Code   RO         3814    !!!scatter          c_w.l(__scatter.o)
    0x08000128   0x08000128   0x0000001a   Code   RO         3816    !!handler_copy      c_w.l(__scatter_copy.o)
    0x08000142   0x08000142   0x00000002   PAD
    0x08000144   0x08000144   0x0000001c   Code   RO         3818    !!handler_zi        c_w.l(__scatter_zi.o)
    0x08000160   0x08000160   0x00000000   Code   RO         3467    .ARM.Collect$$_printf_percent$$00000000  c_w.l(_printf_percent.o)
    0x08000160   0x08000160   0x00000006   Code   RO         3466    .ARM.Collect$$_printf_percent$$00000003  c_w.l(_printf_f.o)
    0x08000166   0x08000166   0x00000006   Code   RO         3465    .ARM.Collect$$_printf_percent$$00000009  c_w.l(_printf_d.o)
    0x0800016c   0x0800016c   0x00000004   Code   RO         3555    .ARM.Collect$$_printf_percent$$00000017  c_w.l(_printf_percent_end.o)
    0x08000170   0x08000170   0x00000002   Code   RO         3685    .ARM.Collect$$libinit$$00000000  c_w.l(libinit.o)
    0x08000172   0x08000172   0x00000000   Code   RO         3687    .ARM.Collect$$libinit$$00000002  c_w.l(libinit2.o)
    0x08000172   0x08000172   0x00000000   Code   RO         3689    .ARM.Collect$$libinit$$00000004  c_w.l(libinit2.o)
    0x08000172   0x08000172   0x00000000   Code   RO         3692    .ARM.Collect$$libinit$$0000000A  c_w.l(libinit2.o)
    0x08000172   0x08000172   0x00000000   Code   RO         3694    .ARM.Collect$$libinit$$0000000C  c_w.l(libinit2.o)
    0x08000172   0x08000172   0x00000000   Code   RO         3696    .ARM.Collect$$libinit$$0000000E  c_w.l(libinit2.o)
    0x08000172   0x08000172   0x00000006   Code   RO         3697    .ARM.Collect$$libinit$$0000000F  c_w.l(libinit2.o)
    0x08000178   0x08000178   0x00000000   Code   RO         3699    .ARM.Collect$$libinit$$00000011  c_w.l(libinit2.o)
    0x08000178   0x08000178   0x00000000   Code   RO         3701    .ARM.Collect$$libinit$$00000013  c_w.l(libinit2.o)
    0x08000178   0x08000178   0x00000000   Code   RO         3703    .ARM.Collect$$libinit$$00000015  c_w.l(libinit2.o)
    0x08000178   0x08000178   0x0000000a   Code   RO         3704    .ARM.Collect$$libinit$$00000016  c_w.l(libinit2.o)
    0x08000182   0x08000182   0x00000000   Code   RO         3705    .ARM.Collect$$libinit$$00000017  c_w.l(libinit2.o)
    0x08000182   0x08000182   0x00000000   Code   RO         3707    .ARM.Collect$$libinit$$00000019  c_w.l(libinit2.o)
    0x08000182   0x08000182   0x00000000   Code   RO         3709    .ARM.Collect$$libinit$$0000001B  c_w.l(libinit2.o)
    0x08000182   0x08000182   0x00000000   Code   RO         3711    .ARM.Collect$$libinit$$0000001D  c_w.l(libinit2.o)
    0x08000182   0x08000182   0x00000000   Code   RO         3713    .ARM.Collect$$libinit$$0000001F  c_w.l(libinit2.o)
    0x08000182   0x08000182   0x00000000   Code   RO         3715    .ARM.Collect$$libinit$$00000021  c_w.l(libinit2.o)
    0x08000182   0x08000182   0x00000000   Code   RO         3717    .ARM.Collect$$libinit$$00000023  c_w.l(libinit2.o)
    0x08000182   0x08000182   0x00000000   Code   RO         3719    .ARM.Collect$$libinit$$00000025  c_w.l(libinit2.o)
    0x08000182   0x08000182   0x00000000   Code   RO         3723    .ARM.Collect$$libinit$$0000002C  c_w.l(libinit2.o)
    0x08000182   0x08000182   0x00000000   Code   RO         3725    .ARM.Collect$$libinit$$0000002E  c_w.l(libinit2.o)
    0x08000182   0x08000182   0x00000000   Code   RO         3727    .ARM.Collect$$libinit$$00000030  c_w.l(libinit2.o)
    0x08000182   0x08000182   0x00000000   Code   RO         3729    .ARM.Collect$$libinit$$00000032  c_w.l(libinit2.o)
    0x08000182   0x08000182   0x00000002   Code   RO         3730    .ARM.Collect$$libinit$$00000033  c_w.l(libinit2.o)
    0x08000184   0x08000184   0x00000002   Code   RO         3779    .ARM.Collect$$libshutdown$$00000000  c_w.l(libshutdown.o)
    0x08000186   0x08000186   0x00000000   Code   RO         3797    .ARM.Collect$$libshutdown$$00000002  c_w.l(libshutdown2.o)
    0x08000186   0x08000186   0x00000000   Code   RO         3799    .ARM.Collect$$libshutdown$$00000004  c_w.l(libshutdown2.o)
    0x08000186   0x08000186   0x00000000   Code   RO         3802    .ARM.Collect$$libshutdown$$00000007  c_w.l(libshutdown2.o)
    0x08000186   0x08000186   0x00000000   Code   RO         3805    .ARM.Collect$$libshutdown$$0000000A  c_w.l(libshutdown2.o)
    0x08000186   0x08000186   0x00000000   Code   RO         3807    .ARM.Collect$$libshutdown$$0000000C  c_w.l(libshutdown2.o)
    0x08000186   0x08000186   0x00000000   Code   RO         3810    .ARM.Collect$$libshutdown$$0000000F  c_w.l(libshutdown2.o)
    0x08000186   0x08000186   0x00000002   Code   RO         3811    .ARM.Collect$$libshutdown$$00000010  c_w.l(libshutdown2.o)
    0x08000188   0x08000188   0x00000000   Code   RO         3538    .ARM.Collect$$rtentry$$00000000  c_w.l(__rtentry.o)
    0x08000188   0x08000188   0x00000000   Code   RO         3594    .ARM.Collect$$rtentry$$00000002  c_w.l(__rtentry2.o)
    0x08000188   0x08000188   0x00000006   Code   RO         3606    .ARM.Collect$$rtentry$$00000004  c_w.l(__rtentry4.o)
    0x0800018e   0x0800018e   0x00000000   Code   RO         3596    .ARM.Collect$$rtentry$$00000009  c_w.l(__rtentry2.o)
    0x0800018e   0x0800018e   0x00000004   Code   RO         3597    .ARM.Collect$$rtentry$$0000000A  c_w.l(__rtentry2.o)
    0x08000192   0x08000192   0x00000000   Code   RO         3599    .ARM.Collect$$rtentry$$0000000C  c_w.l(__rtentry2.o)
    0x08000192   0x08000192   0x00000008   Code   RO         3600    .ARM.Collect$$rtentry$$0000000D  c_w.l(__rtentry2.o)
    0x0800019a   0x0800019a   0x00000002   Code   RO         3733    .ARM.Collect$$rtexit$$00000000  c_w.l(rtexit.o)
    0x0800019c   0x0800019c   0x00000000   Code   RO         3748    .ARM.Collect$$rtexit$$00000002  c_w.l(rtexit2.o)
    0x0800019c   0x0800019c   0x00000004   Code   RO         3749    .ARM.Collect$$rtexit$$00000003  c_w.l(rtexit2.o)
    0x080001a0   0x080001a0   0x00000006   Code   RO         3750    .ARM.Collect$$rtexit$$00000004  c_w.l(rtexit2.o)
    0x080001a6   0x080001a6   0x00000002   PAD
    0x080001a8   0x080001a8   0x00000040   Code   RO         1109  * .text               startup_stm32f10x_md.o
    0x080001e8   0x080001e8   0x000000ee   Code   RO         3432    .text               c_w.l(lludivv7m.o)
    0x080002d6   0x080002d6   0x00000002   PAD
    0x080002d8   0x080002d8   0x00000028   Code   RO         3436    .text               c_w.l(noretval__2sprintf.o)
    0x08000300   0x08000300   0x00000078   Code   RO         3442    .text               c_w.l(_printf_dec.o)
    0x08000378   0x08000378   0x0000010e   Code   RO         3452    .text               c_w.l(__printf_wp.o)
    0x08000486   0x08000486   0x0000003e   Code   RO         3468    .text               c_w.l(strlen.o)
    0x080004c4   0x080004c4   0x00000064   Code   RO         3470    .text               c_w.l(rt_memcpy_w.o)
    0x08000528   0x08000528   0x00000044   Code   RO         3472    .text               c_w.l(rt_memclr.o)
    0x0800056c   0x0800056c   0x0000004e   Code   RO         3474    .text               c_w.l(rt_memclr_w.o)
    0x080005ba   0x080005ba   0x00000006   Code   RO         3476    .text               c_w.l(heapauxi.o)
    0x080005c0   0x080005c0   0x00000016   Code   RO         3543    .text               c_w.l(_rserrno.o)
    0x080005d6   0x080005d6   0x000000b2   Code   RO         3545    .text               c_w.l(_printf_intcommon.o)
    0x08000688   0x08000688   0x0000041e   Code   RO         3547    .text               c_w.l(_printf_fp_dec.o)
    0x08000aa6   0x08000aa6   0x00000002   PAD
    0x08000aa8   0x08000aa8   0x00000030   Code   RO         3549    .text               c_w.l(_printf_char_common.o)
    0x08000ad8   0x08000ad8   0x0000000a   Code   RO         3551    .text               c_w.l(_sputc.o)
    0x08000ae2   0x08000ae2   0x00000002   PAD
    0x08000ae4   0x08000ae4   0x00000008   Code   RO         3613    .text               c_w.l(rt_locale_intlibspace.o)
    0x08000aec   0x08000aec   0x00000008   Code   RO         3618    .text               c_w.l(rt_errno_addr_intlibspace.o)
    0x08000af4   0x08000af4   0x0000008a   Code   RO         3620    .text               c_w.l(lludiv10.o)
    0x08000b7e   0x08000b7e   0x00000002   PAD
    0x08000b80   0x08000b80   0x00000080   Code   RO         3622    .text               c_w.l(_printf_fp_infnan.o)
    0x08000c00   0x08000c00   0x000000e4   Code   RO         3626    .text               c_w.l(bigflt0.o)
    0x08000ce4   0x08000ce4   0x00000008   Code   RO         3667    .text               c_w.l(libspace.o)
    0x08000cec   0x08000cec   0x0000004a   Code   RO         3670    .text               c_w.l(sys_stackheap_outer.o)
    0x08000d36   0x08000d36   0x00000012   Code   RO         3672    .text               c_w.l(exit.o)
    0x08000d48   0x08000d48   0x00000080   Code   RO         3678    .text               c_w.l(strcmpv7m.o)
    0x08000dc8   0x08000dc8   0x0000000c   Code   RO         3745    .text               c_w.l(sys_exit.o)
    0x08000dd4   0x08000dd4   0x00000002   Code   RO         3766    .text               c_w.l(use_no_semi.o)
    0x08000dd6   0x08000dd6   0x00000000   Code   RO         3768    .text               c_w.l(indicate_semi.o)
    0x08000dd6   0x08000dd6   0x0000003e   Code   RO         3629    CL$$btod_d2e        c_w.l(btod.o)
    0x08000e14   0x08000e14   0x00000046   Code   RO         3631    CL$$btod_d2e_denorm_low  c_w.l(btod.o)
    0x08000e5a   0x08000e5a   0x00000060   Code   RO         3630    CL$$btod_d2e_norm_op1  c_w.l(btod.o)
    0x08000eba   0x08000eba   0x00000338   Code   RO         3639    CL$$btod_div_common  c_w.l(btod.o)
    0x080011f2   0x080011f2   0x000000dc   Code   RO         3636    CL$$btod_e2e        c_w.l(btod.o)
    0x080012ce   0x080012ce   0x0000002a   Code   RO         3633    CL$$btod_ediv       c_w.l(btod.o)
    0x080012f8   0x080012f8   0x0000002a   Code   RO         3632    CL$$btod_emul       c_w.l(btod.o)
    0x08001322   0x08001322   0x00000244   Code   RO         3638    CL$$btod_mult_common  c_w.l(btod.o)
    0x08001566   0x08001566   0x00000002   PAD
    0x08001568   0x08001568   0x0000005c   Code   RO         1496    i.AD5420_Write      meas_current.o
    0x080015c4   0x080015c4   0x00000014   Code   RO         1583    i.ADC_Cmd           stm32f10x_adc.o
    0x080015d8   0x080015d8   0x00000014   Code   RO         1584    i.ADC_DMACmd        stm32f10x_adc.o
    0x080015ec   0x080015ec   0x0000000e   Code   RO         1591    i.ADC_GetCalibrationStatus  stm32f10x_adc.o
    0x080015fa   0x080015fa   0x0000000e   Code   RO         1597    i.ADC_GetResetCalibrationStatus  stm32f10x_adc.o
    0x08001608   0x08001608   0x00000048   Code   RO         1601    i.ADC_Init          stm32f10x_adc.o
    0x08001650   0x08001650   0x00000074   Code   RO         1605    i.ADC_RegularChannelConfig  stm32f10x_adc.o
    0x080016c4   0x080016c4   0x0000000a   Code   RO         1606    i.ADC_ResetCalibration  stm32f10x_adc.o
    0x080016ce   0x080016ce   0x00000014   Code   RO         1608    i.ADC_SoftwareStartConvCmd  stm32f10x_adc.o
    0x080016e2   0x080016e2   0x0000000a   Code   RO         1610    i.ADC_StartCalibration  stm32f10x_adc.o
    0x080016ec   0x080016ec   0x00000120   Code   RO            3    i.AGC_RX            main.o
    0x0800180c   0x0800180c   0x0000002c   Code   RO            4    i.APD_HV_AdjWithTemper  main.o
    0x08001838   0x08001838   0x00000072   Code   RO          941    i.BSP_Clock_Init    stm32f1_init.o
    0x080018aa   0x080018aa   0x00000002   PAD
    0x080018ac   0x080018ac   0x000000a0   Code   RO          942    i.BSP_IO_Init       stm32f1_init.o
    0x0800194c   0x0800194c   0x0000008c   Code   RO          943    i.BSP_SPI1_Init     stm32f1_init.o
    0x080019d8   0x080019d8   0x00000094   Code   RO          944    i.BSP_SPI2_Init     stm32f1_init.o
    0x08001a6c   0x08001a6c   0x000000d4   Code   RO          945    i.BSP_USART_Config  stm32f1_init.o
    0x08001b40   0x08001b40   0x00000064   Code   RO          946    i.BSP_UartDMA_Config  stm32f1_init.o
    0x08001ba4   0x08001ba4   0x000000b0   Code   RO            5    i.CAlMEASURE        main.o
    0x08001c54   0x08001c54   0x00000022   Code   RO          770    i.CMD20_LedCtl      rtu_protocol.o
    0x08001c76   0x08001c76   0x00000002   PAD
    0x08001c78   0x08001c78   0x00000018   Code   RO          771    i.CMD2_GetAddress   rtu_protocol.o
    0x08001c90   0x08001c90   0x00000018   Code   RO          772    i.CMD2_GetAutorun   rtu_protocol.o
    0x08001ca8   0x08001ca8   0x00000018   Code   RO          773    i.CMD2_GetBase      rtu_protocol.o
    0x08001cc0   0x08001cc0   0x00000018   Code   RO          774    i.CMD2_GetBaudrate  rtu_protocol.o
    0x08001cd8   0x08001cd8   0x00000018   Code   RO          775    i.CMD2_GetCurrentRange  rtu_protocol.o
    0x08001cf0   0x08001cf0   0x00000018   Code   RO          776    i.CMD2_GetOutputHZ  rtu_protocol.o
    0x08001d08   0x08001d08   0x00000028   Code   RO          777    i.CMD2_GetPulseFreq  rtu_protocol.o
    0x08001d30   0x08001d30   0x00000018   Code   RO          778    i.CMD2_GetSwitchResult  rtu_protocol.o
    0x08001d48   0x08001d48   0x00000018   Code   RO          779    i.CMD2_GetSwitchthd  rtu_protocol.o
    0x08001d60   0x08001d60   0x0000002e   Code   RO          780    i.CMD2_GetVersion   rtu_protocol.o
    0x08001d8e   0x08001d8e   0x00000002   PAD
    0x08001d90   0x08001d90   0x00000014   Code   RO          782    i.CMD2_SetAddress   rtu_protocol.o
    0x08001da4   0x08001da4   0x00000014   Code   RO          783    i.CMD2_SetAutorun   rtu_protocol.o
    0x08001db8   0x08001db8   0x00000014   Code   RO          784    i.CMD2_SetBase      rtu_protocol.o
    0x08001dcc   0x08001dcc   0x00000058   Code   RO          785    i.CMD2_SetBaudrate  rtu_protocol.o
    0x08001e24   0x08001e24   0x00000048   Code   RO          786    i.CMD2_SetCurrentRange  rtu_protocol.o
    0x08001e6c   0x08001e6c   0x00000058   Code   RO          787    i.CMD2_SetOutputHZ  rtu_protocol.o
    0x08001ec4   0x08001ec4   0x00000040   Code   RO          788    i.CMD2_SetPulseFreq  rtu_protocol.o
    0x08001f04   0x08001f04   0x00000038   Code   RO          789    i.CMD2_SetRange     rtu_protocol.o
    0x08001f3c   0x08001f3c   0x00000020   Code   RO          790    i.CMD2_SetSwitchthd  rtu_protocol.o
    0x08001f5c   0x08001f5c   0x0000000c   Code   RO          791    i.CMD2_SingMeas     rtu_protocol.o
    0x08001f68   0x08001f68   0x0000003c   Code   RO          792    i.CMD2_StartMeas    rtu_protocol.o
    0x08001fa4   0x08001fa4   0x00000040   Code   RO          793    i.CMD2_StopMeas     rtu_protocol.o
    0x08001fe4   0x08001fe4   0x00000040   Code   RO          323    i.CMD_FreeRun       ascii_protocol.o
    0x08002024   0x08002024   0x00000014   Code   RO          325    i.CMD_GetRange      ascii_protocol.o
    0x08002038   0x08002038   0x000000a8   Code   RO          326    i.CMD_GetVersion    ascii_protocol.o
    0x080020e0   0x080020e0   0x0000001c   Code   RO          327    i.CMD_LedOff        ascii_protocol.o
    0x080020fc   0x080020fc   0x0000001c   Code   RO          328    i.CMD_LedOn         ascii_protocol.o
    0x08002118   0x08002118   0x00000014   Code   RO          329    i.CMD_LsAddress     ascii_protocol.o
    0x0800212c   0x0800212c   0x00000370   Code   RO          334    i.CMD_ReadCal       ascii_protocol.o
    0x0800249c   0x0800249c   0x00000018   Code   RO          335    i.CMD_ReadFactorySettings  ascii_protocol.o
    0x080024b4   0x080024b4   0x00000078   Code   RO          336    i.CMD_ReadStandard  ascii_protocol.o
    0x0800252c   0x0800252c   0x0000005c   Code   RO          338    i.CMD_SetAddress    ascii_protocol.o
    0x08002588   0x08002588   0x000000b8   Code   RO          339    i.CMD_SetBaudrate   ascii_protocol.o
    0x08002640   0x08002640   0x0000007c   Code   RO          340    i.CMD_SetCal        ascii_protocol.o
    0x080026bc   0x080026bc   0x000000a0   Code   RO          344    i.CMD_SetOutputHZ   ascii_protocol.o
    0x0800275c   0x0800275c   0x00000064   Code   RO          345    i.CMD_SetPulseHZ    ascii_protocol.o
    0x080027c0   0x080027c0   0x00000070   Code   RO          346    i.CMD_SetRange      ascii_protocol.o
    0x08002830   0x08002830   0x00000088   Code   RO          347    i.CMD_SetStandard   ascii_protocol.o
    0x080028b8   0x080028b8   0x00000018   Code   RO          349    i.CMD_SingleMeas    ascii_protocol.o
    0x080028d0   0x080028d0   0x00000118   Code   RO          351    i.CMD_StartCal      ascii_protocol.o
    0x080029e8   0x080029e8   0x00000020   Code   RO          352    i.CMD_StartContisMeas  ascii_protocol.o
    0x08002a08   0x08002a08   0x00000048   Code   RO          353    i.CMD_StopCal       ascii_protocol.o
    0x08002a50   0x08002a50   0x00000018   Code   RO          354    i.CMD_StopContisMeas  ascii_protocol.o
    0x08002a68   0x08002a68   0x00000014   Code   RO          356    i.CMD_TestWithSig   ascii_protocol.o
    0x08002a7c   0x08002a7c   0x00000018   Code   RO          357    i.CMD_TestWithoutSig  ascii_protocol.o
    0x08002a94   0x08002a94   0x0000002c   Code   RO         1203    i.CRC16             drv_crc16.o
    0x08002ac0   0x08002ac0   0x00000034   Code   RO            6    i.Cal_APDV          main.o
    0x08002af4   0x08002af4   0x000001f0   Code   RO            7    i.Cal_hdl           main.o
    0x08002ce4   0x08002ce4   0x00000058   Code   RO          619    i.CalcDistance      measure.o
    0x08002d3c   0x08002d3c   0x00000018   Code   RO            8    i.Contrl_635LD      main.o
    0x08002d54   0x08002d54   0x00000034   Code   RO         1406    i.DMA1_Channel4_IRQHandler  drv_uart.o
    0x08002d88   0x08002d88   0x00000018   Code   RO         1808    i.DMA_ClearITPendingBit  stm32f10x_dma.o
    0x08002da0   0x08002da0   0x00000016   Code   RO         1809    i.DMA_Cmd           stm32f10x_dma.o
    0x08002db6   0x08002db6   0x00000002   PAD
    0x08002db8   0x08002db8   0x000000e4   Code   RO         1810    i.DMA_DeInit        stm32f10x_dma.o
    0x08002e9c   0x08002e9c   0x00000020   Code   RO         1813    i.DMA_GetITStatus   stm32f10x_dma.o
    0x08002ebc   0x08002ebc   0x00000010   Code   RO         1814    i.DMA_ITConfig      stm32f10x_dma.o
    0x08002ecc   0x08002ecc   0x0000003a   Code   RO         1815    i.DMA_Init          stm32f10x_dma.o
    0x08002f06   0x08002f06   0x00000056   Code   RO         1407    i.DMA_Init_Mem2Periph  drv_uart.o
    0x08002f5c   0x08002f5c   0x00000094   Code   RO          358    i.DefaultSetting    ascii_protocol.o
    0x08002ff0   0x08002ff0   0x00000020   Code   RO         1226    i.EE_Flash_Init     drv_eeprom.o
    0x08003010   0x08003010   0x00000014   Code   RO         1227    i.EE_Flash_Read_All_Contents  drv_eeprom.o
    0x08003024   0x08003024   0x0000001c   Code   RO         1228    i.EE_Flash_Write_All_Contents  drv_eeprom.o
    0x08003040   0x08003040   0x0000000c   Code   RO         1497    i.ExDAC_Delay       meas_current.o
    0x0800304c   0x0800304c   0x00000020   Code   RO         1498    i.ExDAC_Init        meas_current.o
    0x0800306c   0x0800306c   0x00000008   Code   RO         1499    i.ExDAC_WriteDat    meas_current.o
    0x08003074   0x08003074   0x0000003c   Code   RO         1892    i.FLASH_ErasePage   stm32f10x_flash.o
    0x080030b0   0x080030b0   0x00000028   Code   RO         1893    i.FLASH_GetBank1Status  stm32f10x_flash.o
    0x080030d8   0x080030d8   0x00000010   Code   RO         1902    i.FLASH_Lock        stm32f10x_flash.o
    0x080030e8   0x080030e8   0x00000018   Code   RO         1904    i.FLASH_PrefetchBufferCmd  stm32f10x_flash.o
    0x08003100   0x08003100   0x00000034   Code   RO         1905    i.FLASH_ProgramHalfWord  stm32f10x_flash.o
    0x08003134   0x08003134   0x00000014   Code   RO         1909    i.FLASH_SetLatency  stm32f10x_flash.o
    0x08003148   0x08003148   0x00000018   Code   RO         1910    i.FLASH_Unlock      stm32f10x_flash.o
    0x08003160   0x08003160   0x00000060   Code   RO         1912    i.FLASH_UserOptionByteConfig  stm32f10x_flash.o
    0x080031c0   0x080031c0   0x00000024   Code   RO         1914    i.FLASH_WaitForLastOperation  stm32f10x_flash.o
    0x080031e4   0x080031e4   0x00000076   Code   RO            9    i.FilterBublesort   main.o
    0x0800325a   0x0800325a   0x00000002   PAD
    0x0800325c   0x0800325c   0x00000024   Code   RO         1229    i.Flash_ReadData    drv_eeprom.o
    0x08003280   0x08003280   0x00000024   Code   RO         1230    i.Flash_WriteData   drv_eeprom.o
    0x080032a4   0x080032a4   0x000000a2   Code   RO         2073    i.GPIO_Init         stm32f10x_gpio.o
    0x08003346   0x08003346   0x00000002   PAD
    0x08003348   0x08003348   0x00000058   Code   RO         2075    i.GPIO_PinRemapConfig  stm32f10x_gpio.o
    0x080033a0   0x080033a0   0x00000004   Code   RO         2080    i.GPIO_ResetBits    stm32f10x_gpio.o
    0x080033a4   0x080033a4   0x00000004   Code   RO         2081    i.GPIO_SetBits      stm32f10x_gpio.o
    0x080033a8   0x080033a8   0x0000003c   Code   RO         1162    i.GetADCResult      drv_adc.o
    0x080033e4   0x080033e4   0x00000084   Code   RO          794    i.GetSoftDate       rtu_protocol.o
    0x08003468   0x08003468   0x00000034   Code   RO         1408    i.GetStrCmd         drv_uart.o
    0x0800349c   0x0800349c   0x00000028   Code   RO         1409    i.GetStrDat         drv_uart.o
    0x080034c4   0x080034c4   0x00000002   Code   RO         1059    i.HardFault_Handler  stm32f10x_it.o
    0x080034c6   0x080034c6   0x00000002   PAD
    0x080034c8   0x080034c8   0x00000050   Code   RO         3346    i.HwTimer_InterrtpyInit  my_timer.o
    0x08003518   0x08003518   0x0000001a   Code   RO         1289    i.LittleCopy_16     drv_modbus.o
    0x08003532   0x08003532   0x00000026   Code   RO         1290    i.LittleCopy_32     drv_modbus.o
    0x08003558   0x08003558   0x00000026   Code   RO         1231    i.McuFlash_EreasePage  drv_eeprom.o
    0x0800357e   0x0800357e   0x00000002   PAD
    0x08003580   0x08003580   0x0000001a   Code   RO         1232    i.McuFlash_ReadData  drv_eeprom.o
    0x0800359a   0x0800359a   0x00000002   PAD
    0x0800359c   0x0800359c   0x0000003c   Code   RO         1233    i.McuFlash_WriteData  drv_eeprom.o
    0x080035d8   0x080035d8   0x00000078   Code   RO          620    i.Mode_Config       measure.o
    0x08003650   0x08003650   0x00000064   Code   RO         1533    i.NVIC_Init         misc.o
    0x080036b4   0x080036b4   0x00000014   Code   RO         1534    i.NVIC_PriorityGroupConfig  misc.o
    0x080036c8   0x080036c8   0x00000020   Code   RO           12    i.NVIC_SystemReset  main.o
    0x080036e8   0x080036e8   0x00000054   Code   RO           14    i.POWER_On_Init     main.o
    0x0800373c   0x0800373c   0x00000024   Code   RO         1316    i.PWMSet_APD        drv_pwmhv.o
    0x08003760   0x08003760   0x00000034   Code   RO           15    i.Packet            main.o
    0x08003794   0x08003794   0x00000028   Code   RO          621    i.PulseGenerate     measure.o
    0x080037bc   0x080037bc   0x0000002c   Code   RO           16    i.PulsePeakDetector  main.o
    0x080037e8   0x080037e8   0x000000bc   Code   RO         1322    i.PwmCongfig        drv_pwmhv.o
    0x080038a4   0x080038a4   0x00000014   Code   RO         2257    i.RCC_ADCCLKConfig  stm32f10x_rcc.o
    0x080038b8   0x080038b8   0x00000018   Code   RO         2258    i.RCC_AHBPeriphClockCmd  stm32f10x_rcc.o
    0x080038d0   0x080038d0   0x00000018   Code   RO         2259    i.RCC_APB1PeriphClockCmd  stm32f10x_rcc.o
    0x080038e8   0x080038e8   0x00000018   Code   RO         2260    i.RCC_APB1PeriphResetCmd  stm32f10x_rcc.o
    0x08003900   0x08003900   0x00000018   Code   RO         2261    i.RCC_APB2PeriphClockCmd  stm32f10x_rcc.o
    0x08003918   0x08003918   0x00000018   Code   RO         2262    i.RCC_APB2PeriphResetCmd  stm32f10x_rcc.o
    0x08003930   0x08003930   0x00000040   Code   RO         2268    i.RCC_DeInit        stm32f10x_rcc.o
    0x08003970   0x08003970   0x00000090   Code   RO         2269    i.RCC_GetClocksFreq  stm32f10x_rcc.o
    0x08003a00   0x08003a00   0x00000030   Code   RO         2270    i.RCC_GetFlagStatus  stm32f10x_rcc.o
    0x08003a30   0x08003a30   0x00000010   Code   RO         2272    i.RCC_GetSYSCLKSource  stm32f10x_rcc.o
    0x08003a40   0x08003a40   0x00000014   Code   RO         2273    i.RCC_HCLKConfig    stm32f10x_rcc.o
    0x08003a54   0x08003a54   0x0000000c   Code   RO         2275    i.RCC_HSICmd        stm32f10x_rcc.o
    0x08003a60   0x08003a60   0x00000014   Code   RO         2280    i.RCC_PCLK1Config   stm32f10x_rcc.o
    0x08003a74   0x08003a74   0x00000014   Code   RO         2281    i.RCC_PCLK2Config   stm32f10x_rcc.o
    0x08003a88   0x08003a88   0x0000000c   Code   RO         2282    i.RCC_PLLCmd        stm32f10x_rcc.o
    0x08003a94   0x08003a94   0x00000014   Code   RO         2283    i.RCC_PLLConfig     stm32f10x_rcc.o
    0x08003aa8   0x08003aa8   0x00000014   Code   RO         2286    i.RCC_SYSCLKConfig  stm32f10x_rcc.o
    0x08003abc   0x08003abc   0x00000020   Code   RO          622    i.ReadGP22Status    measure.o
    0x08003adc   0x08003adc   0x00000014   Code   RO         2470    i.SPI_Cmd           stm32f10x_spi.o
    0x08003af0   0x08003af0   0x00000038   Code   RO         2483    i.SPI_Init          stm32f10x_spi.o
    0x08003b28   0x08003b28   0x000000b4   Code   RO         1163    i.SetAdChannel      drv_adc.o
    0x08003bdc   0x08003bdc   0x0000051c   Code   RO          362    i.SettingRead       ascii_protocol.o
    0x080040f8   0x080040f8   0x00000018   Code   RO          363    i.SettingSave       ascii_protocol.o
    0x08004110   0x08004110   0x00000058   Code   RO          623    i.Slect_Gain        measure.o
    0x08004168   0x08004168   0x00000010   Code   RO         1164    i.StartAdcSample    drv_adc.o
    0x08004178   0x08004178   0x00000030   Code   RO         1410    i.Str2Hex32         drv_uart.o
    0x080041a8   0x080041a8   0x0000001c   Code   RO         1411    i.StrCmp            drv_uart.o
    0x080041c4   0x080041c4   0x00000060   Code   RO          364    i.SysParamInit      ascii_protocol.o
    0x08004224   0x08004224   0x0000000c   Code   RO          948    i.SysTickStop       stm32f1_init.o
    0x08004230   0x08004230   0x00000010   Code   RO         1060    i.SysTick_Handler   stm32f10x_it.o
    0x08004240   0x08004240   0x00000002   Code   RO          949    i.SystemInit        stm32f1_init.o
    0x08004242   0x08004242   0x00000002   PAD
    0x08004244   0x08004244   0x000000d0   Code   RO          950    i.System_Init       stm32f1_init.o
    0x08004314   0x08004314   0x00000004   Code   RO         1061    i.TIM1_UP_IRQHandler  stm32f10x_it.o
    0x08004318   0x08004318   0x000000d4   Code   RO         3348    i.TIM3_IRQHandler   my_timer.o
    0x080043ec   0x080043ec   0x00000014   Code   RO         2619    i.TIM_ARRPreloadConfig  stm32f10x_tim.o
    0x08004400   0x08004400   0x00000006   Code   RO         2625    i.TIM_ClearFlag     stm32f10x_tim.o
    0x08004406   0x08004406   0x00000006   Code   RO         2626    i.TIM_ClearITPendingBit  stm32f10x_tim.o
    0x0800440c   0x0800440c   0x00000014   Code   RO         2631    i.TIM_Cmd           stm32f10x_tim.o
    0x08004420   0x08004420   0x00000016   Code   RO         2633    i.TIM_CtrlPWMOutputs  stm32f10x_tim.o
    0x08004436   0x08004436   0x00000002   PAD
    0x08004438   0x08004438   0x00000170   Code   RO         2636    i.TIM_DeInit        stm32f10x_tim.o
    0x080045a8   0x080045a8   0x00000010   Code   RO         2656    i.TIM_ITConfig      stm32f10x_tim.o
    0x080045b8   0x080045b8   0x00000064   Code   RO         2675    i.TIM_OC4Init       stm32f10x_tim.o
    0x0800461c   0x0800461c   0x00000014   Code   RO         2677    i.TIM_OC4PreloadConfig  stm32f10x_tim.o
    0x08004630   0x08004630   0x00000006   Code   RO         2695    i.TIM_SetCompare4   stm32f10x_tim.o
    0x08004636   0x08004636   0x00000002   PAD
    0x08004638   0x08004638   0x0000009c   Code   RO         2702    i.TIM_TimeBaseInit  stm32f10x_tim.o
    0x080046d4   0x080046d4   0x0000013c   Code   RO         3349    i.TimerBoard_Init   my_timer.o
    0x08004810   0x08004810   0x00000094   Code   RO         1412    i.UART_RxIRQ        drv_uart.o
    0x080048a4   0x080048a4   0x00000014   Code   RO         1414    i.UART_StartReceive  drv_uart.o
    0x080048b8   0x080048b8   0x00000038   Code   RO         1415    i.UART_TimeOutIRQ   drv_uart.o
    0x080048f0   0x080048f0   0x00000014   Code   RO         1062    i.USART1_IRQHandler  stm32f10x_it.o
    0x08004904   0x08004904   0x00000006   Code   RO         3158    i.USART_ClearFlag   stm32f10x_usart.o
    0x0800490a   0x0800490a   0x00000014   Code   RO         3162    i.USART_Cmd         stm32f10x_usart.o
    0x0800491e   0x0800491e   0x00000002   PAD
    0x08004920   0x08004920   0x000001cc   Code   RO         1416    i.USART_CmdParse    drv_uart.o
    0x08004aec   0x08004aec   0x00000010   Code   RO         3163    i.USART_DMACmd      stm32f10x_usart.o
    0x08004afc   0x08004afc   0x00000030   Code   RO         3168    i.USART_ITConfig    stm32f10x_usart.o
    0x08004b2c   0x08004b2c   0x000000ac   Code   RO         3169    i.USART_Init        stm32f10x_usart.o
    0x08004bd8   0x08004bd8   0x00000040   Code   RO         1417    i.Uart1_DMASendOutOnce  drv_uart.o
    0x08004c18   0x08004c18   0x00000028   Code   RO         3662    i.__ARM_fpclassify  m_ws.l(fpclassify.o)
    0x08004c40   0x08004c40   0x000000aa   Code   RO         3664    i.__kernel_poly     m_ws.l(poly.o)
    0x08004cea   0x08004cea   0x00000002   PAD
    0x08004cec   0x08004cec   0x00000010   Code   RO         3569    i.__mathlib_dbl_divzero  m_ws.l(dunder.o)
    0x08004cfc   0x08004cfc   0x00000006   Code   RO         3570    i.__mathlib_dbl_infnan  m_ws.l(dunder.o)
    0x08004d02   0x08004d02   0x0000000c   Code   RO         3572    i.__mathlib_dbl_invalid  m_ws.l(dunder.o)
    0x08004d0e   0x08004d0e   0x0000000e   Code   RO         3454    i._is_digit         c_w.l(__printf_wp.o)
    0x08004d1c   0x08004d1c   0x00000070   Code   RO         1115    i.cwdPrintf         debug.o
    0x08004d8c   0x08004d8c   0x00000082   Code   RO          624    i.delay1us          measure.o
    0x08004e0e   0x08004e0e   0x00000002   PAD
    0x08004e10   0x08004e10   0x00000048   Code   RO           19    i.dis_maxmin        main.o
    0x08004e58   0x08004e58   0x0000000e   Code   RO          625    i.dly100ns          measure.o
    0x08004e66   0x08004e66   0x00000002   PAD
    0x08004e68   0x08004e68   0x000000a0   Code   RO          626    i.gp22_init         measure.o
    0x08004f08   0x08004f08   0x00000038   Code   RO          627    i.gp22_read_dword   measure.o
    0x08004f40   0x08004f40   0x00000020   Code   RO          629    i.gp22_send_byte    measure.o
    0x08004f60   0x08004f60   0x0000003c   Code   RO          630    i.gp22_write_config_reg  measure.o
    0x08004f9c   0x08004f9c   0x00000042   Code   RO         3352    i.hr_TimerBaseInit  my_timer.o
    0x08004fde   0x08004fde   0x00000002   PAD
    0x08004fe0   0x08004fe0   0x0000035c   Code   RO         3584    i.log               m_ws.l(log.o)
    0x0800533c   0x0800533c   0x000000e4   Code   RO         3531    i.log10             m_ws.l(log10.o)
    0x08005420   0x08005420   0x0000002c   Code   RO         1116    i.mPrintf           debug.o
    0x0800544c   0x0800544c   0x00000078   Code   RO           21    i.main              main.o
    0x080054c4   0x080054c4   0x00000408   Code   RO           22    i.meas_range        main.o
    0x080058cc   0x080058cc   0x00000058   Code   RO         1117    i.printf_dec        debug.o
    0x08005924   0x08005924   0x00000034   Code   RO         1118    i.printf_hex        debug.o
    0x08005958   0x08005958   0x00000048   Code   RO          954    i.put_string        stm32f1_init.o
    0x080059a0   0x080059a0   0x00000060   Code   RO           23    i.range_Get         main.o
    0x08005a00   0x08005a00   0x00000014   Code   RO          631    i.set_AGC_Gn        measure.o
    0x08005a14   0x08005a14   0x00000014   Code   RO          632    i.set_LD_HV         measure.o
    0x08005a28   0x08005a28   0x0000001c   Code   RO         1375    i.spi1_write_byte   drv_spi.o
    0x08005a44   0x08005a44   0x0000003c   Code   RO         1376    i.spi2_write_word   drv_spi.o
    0x08005a80   0x08005a80   0x00000030   Code   RO          633    i.tlc5618_AGC_ADJ   measure.o
    0x08005ab0   0x08005ab0   0x00000024   Code   RO          635    i.tlc5618_execute   measure.o
    0x08005ad4   0x08005ad4   0x00000010   Code   RO          636    i.tlc5618_init      measure.o
    0x08005ae4   0x08005ae4   0x00000070   Code   RO          637    i.trigger_pulse     measure.o
    0x08005b54   0x08005b54   0x0000002c   Code   RO         3652    locale$$code        c_w.l(lc_numeric_c.o)
    0x08005b80   0x08005b80   0x00000062   Code   RO         3480    x$fpl$d2f           fz_ws.l(d2f.o)
    0x08005be2   0x08005be2   0x00000002   PAD
    0x08005be4   0x08005be4   0x00000150   Code   RO         3482    x$fpl$dadd          fz_ws.l(daddsub_clz.o)
    0x08005d34   0x08005d34   0x00000010   Code   RO         3556    x$fpl$dcheck1       fz_ws.l(dcheck1.o)
    0x08005d44   0x08005d44   0x00000018   Code   RO         3654    x$fpl$dcmpinf       fz_ws.l(dcmpi.o)
    0x08005d5c   0x08005d5c   0x000002b0   Code   RO         3489    x$fpl$ddiv          fz_ws.l(ddiv.o)
    0x0800600c   0x0800600c   0x00000078   Code   RO         3656    x$fpl$deqf          fz_ws.l(deqf.o)
    0x08006084   0x08006084   0x0000005e   Code   RO         3492    x$fpl$dfix          fz_ws.l(dfix.o)
    0x080060e2   0x080060e2   0x0000002e   Code   RO         3497    x$fpl$dflt          fz_ws.l(dflt_clz.o)
    0x08006110   0x08006110   0x00000026   Code   RO         3496    x$fpl$dfltu         fz_ws.l(dflt_clz.o)
    0x08006136   0x08006136   0x00000002   PAD
    0x08006138   0x08006138   0x00000154   Code   RO         3502    x$fpl$dmul          fz_ws.l(dmul.o)
    0x0800628c   0x0800628c   0x0000009c   Code   RO         3560    x$fpl$dnaninf       fz_ws.l(dnaninf.o)
    0x08006328   0x08006328   0x0000000c   Code   RO         3562    x$fpl$dretinf       fz_ws.l(dretinf.o)
    0x08006334   0x08006334   0x00000016   Code   RO         3483    x$fpl$drsb          fz_ws.l(daddsub_clz.o)
    0x0800634a   0x0800634a   0x00000002   PAD
    0x0800634c   0x0800634c   0x000001d4   Code   RO         3484    x$fpl$dsub          fz_ws.l(daddsub_clz.o)
    0x08006520   0x08006520   0x00000056   Code   RO         3506    x$fpl$f2d           fz_ws.l(f2d.o)
    0x08006576   0x08006576   0x00000002   PAD
    0x08006578   0x08006578   0x0000003e   Code   RO         3514    x$fpl$ffixu         fz_ws.l(ffixu.o)
    0x080065b6   0x080065b6   0x00000002   PAD
    0x080065b8   0x080065b8   0x00000026   Code   RO         3518    x$fpl$ffltu         fz_ws.l(fflt_clz.o)
    0x080065de   0x080065de   0x0000008c   Code   RO         3564    x$fpl$fnaninf       fz_ws.l(fnaninf.o)
    0x0800666a   0x0800666a   0x0000000a   Code   RO         3566    x$fpl$fretinf       fz_ws.l(fretinf.o)
    0x08006674   0x08006674   0x00000004   Code   RO         3526    x$fpl$printf1       fz_ws.l(printf1.o)
    0x08006678   0x08006678   0x00000064   Code   RO         3660    x$fpl$retnan        fz_ws.l(retnan.o)
    0x080066dc   0x080066dc   0x0000005c   Code   RO         3528    x$fpl$scalbn        fz_ws.l(scalbn.o)
    0x08006738   0x08006738   0x00000030   Code   RO         3731    x$fpl$trapveneer    fz_ws.l(trapv.o)
    0x08006768   0x08006768   0x00000000   Code   RO         3568    x$fpl$usenofp       fz_ws.l(usenofp.o)
    0x08006768   0x08006768   0x000000b8   Data   RO          368    .constdata          ascii_protocol.o
    0x08006820   0x08006820   0x00000001   Data   RO          369    .constdata          ascii_protocol.o
    0x08006821   0x08006821   0x00000003   PAD
    0x08006824   0x08006824   0x000000c0   Data   RO          795    .constdata          rtu_protocol.o
    0x080068e4   0x080068e4   0x00000024   Data   RO          797    .constdata          rtu_protocol.o
    0x08006908   0x08006908   0x00000200   Data   RO         1204    .constdata          drv_crc16.o
    0x08006b08   0x08006b08   0x00000038   Data   RO         3585    .constdata          m_ws.l(log.o)
    0x08006b40   0x08006b40   0x00000094   Data   RO         3627    .constdata          c_w.l(bigflt0.o)
    0x08006bd4   0x08006bd4   0x00000004   PAD
    0x08006bd8   0x08006bd8   0x00000008   Data   RO         3666    .constdata          m_ws.l(qnan.o)
    0x08006be0   0x08006be0   0x0000013e   Data   RO          370    .conststring        ascii_protocol.o
    0x08006d1e   0x08006d1e   0x00000002   PAD
    0x08006d20   0x08006d20   0x00000020   Data   RO         3812    Region$$Table       anon$$obj.o
    0x08006d40   0x08006d40   0x0000001c   Data   RO         3651    locale$$data        c_w.l(lc_numeric_c.o)


    Execution Region ER_RW (Exec base: 0x20000000, Load base: 0x08006d5c, Size: 0x00000088, Max: 0xffffffff, ABSOLUTE)

    Exec Addr    Load Addr    Size         Type   Attr      Idx    E Section Name        Object

    0x20000000   0x08006d5c   0x00000040   Data   RW           26    .data               main.o
    0x20000040   0x08006d9c   0x00000004   Data   RW           29    .data               main.o
    0x20000044   0x08006da0   0x00000002   Data   RW           30    .data               main.o
    0x20000046   0x08006da2   0x0000000c   Data   RW          371    .data               ascii_protocol.o
    0x20000052   0x08006dae   0x00000001   Data   RW          372    .data               ascii_protocol.o
    0x20000053   0x08006daf   0x00000001   PAD
    0x20000054   0x08006db0   0x00000006   Data   RW          638    .data               measure.o
    0x2000005a   0x08006db6   0x00000001   Data   RW          798    .data               rtu_protocol.o
    0x2000005b   0x08006db7   0x00000001   PAD
    0x2000005c   0x08006db8   0x00000006   Data   RW         1323    .data               drv_pwmhv.o
    0x20000062   0x08006dbe   0x00000002   PAD
    0x20000064   0x08006dc0   0x00000008   Data   RW         1419    .data               drv_uart.o
    0x2000006c   0x08006dc8   0x00000014   Data   RW         2289    .data               stm32f10x_rcc.o
    0x20000080   0x08006ddc   0x00000008   Data   RW         3357    .data               my_timer.o


    Execution Region ER_ZI (Exec base: 0x20000088, Load base: 0x08006de4, Size: 0x00002948, Max: 0xffffffff, ABSOLUTE)

    Exec Addr    Load Addr    Size         Type   Attr      Idx    E Section Name        Object

    0x20000088        -       0x00001f40   Zero   RW           24    .bss                main.o
    0x20001fc8        -       0x00000050   Zero   RW          366    .bss                ascii_protocol.o
    0x20002018        -       0x00000040   Zero   RW          955    .bss                stm32f1_init.o
    0x20002058        -       0x000000c8   Zero   RW         1166    .bss                drv_adc.o
    0x20002120        -       0x00000080   Zero   RW         1234    .bss                drv_eeprom.o
    0x200021a0        -       0x000001d0   Zero   RW         1418    .bss                drv_uart.o
    0x20002370        -       0x00000060   Zero   RW         3668    .bss                c_w.l(libspace.o)
    0x200023d0        -       0x00000200   Zero   RW         1107    HEAP                startup_stm32f10x_md.o
    0x200025d0        -       0x00000400   Zero   RW         1106    STACK               startup_stm32f10x_md.o


==============================================================================

Image component sizes


      Code (inc. data)   RO Data    RW Data    ZI Data      Debug   Object Name

      4312       2314        503         13         80      15958   ascii_protocol.o
       296          0          0          0          0       3332   debug.o
       256         18          0          0        200       2397   drv_adc.o
        44          4        512          0          0       1198   drv_crc16.o
       276         36          0          0        128       5385   drv_eeprom.o
        64          0          0          0          0       1545   drv_modbus.o
       224         14          0          6          0       1402   drv_pwmhv.o
        88         14          0          0          0       1036   drv_spi.o
      1054         76          0          8        464       8693   drv_uart.o
      2730        786          0         70       8000     325315   main.o
       144         16          0          0          0       2481   meas_current.o
      1072        146          0          6          0      10163   measure.o
       120         16          0          0          0       1571   misc.o
       674        168          0          8          0      26007   my_timer.o
      1040        150        228          1          0      13882   rtu_protocol.o
        64         26        236          0       1536        820   startup_stm32f10x_md.o
       296         10          0          0          0       7637   stm32f10x_adc.o
       380         26          0          0          0       5483   stm32f10x_dma.o
       368         60          0          0          0       7337   stm32f10x_flash.o
       258          6          0          0          0       3810   stm32f10x_gpio.o
        42         12          0          0          0       1683   stm32f10x_it.o
       536        114          0         20          0      12404   stm32f10x_rcc.o
        76          0          0          0          0       2221   stm32f10x_spi.o
       740        116          0          0          0       8379   stm32f10x_tim.o
       262          6          0          0          0       4967   stm32f10x_usart.o
      1168         78          0          0         64      30901   stm32f1_init.o

    ----------------------------------------------------------------------
     16616       4212       1516        136      10472     506007   Object Totals
         0          0         32          0          0          0   (incl. Generated)
        32          0          5          4          0          0   (incl. Padding)

    ----------------------------------------------------------------------

      Code (inc. data)   RO Data    RW Data    ZI Data      Debug   Library Member Name

         8          0          0          0          0         68   __main.o
       284          0          0          0          0        156   __printf_wp.o
         0          0          0          0          0          0   __rtentry.o
        12          0          0          0          0          0   __rtentry2.o
         6          0          0          0          0          0   __rtentry4.o
        52          8          0          0          0          0   __scatter.o
        26          0          0          0          0          0   __scatter_copy.o
        28          0          0          0          0          0   __scatter_zi.o
        48          6          0          0          0         96   _printf_char_common.o
         6          0          0          0          0          0   _printf_d.o
       120         16          0          0          0         92   _printf_dec.o
         6          0          0          0          0          0   _printf_f.o
      1054          0          0          0          0        216   _printf_fp_dec.o
       128         16          0          0          0         84   _printf_fp_infnan.o
       178          0          0          0          0         88   _printf_intcommon.o
         0          0          0          0          0          0   _printf_percent.o
         4          0          0          0          0          0   _printf_percent_end.o
        22          0          0          0          0        100   _rserrno.o
        10          0          0          0          0         68   _sputc.o
       228          4        148          0          0         96   bigflt0.o
      1936        128          0          0          0        672   btod.o
        18          0          0          0          0         80   exit.o
         6          0          0          0          0        152   heapauxi.o
         0          0          0          0          0          0   indicate_semi.o
        44         10         28          0          0         76   lc_numeric_c.o
         2          0          0          0          0          0   libinit.o
        18          0          0          0          0          0   libinit2.o
         2          0          0          0          0          0   libshutdown.o
         2          0          0          0          0          0   libshutdown2.o
         8          4          0          0         96         68   libspace.o
       138          0          0          0          0         80   lludiv10.o
       238          0          0          0          0        100   lludivv7m.o
        40          6          0          0          0         84   noretval__2sprintf.o
         8          4          0          0          0         68   rt_errno_addr_intlibspace.o
         8          4          0          0          0         68   rt_locale_intlibspace.o
        68          0          0          0          0         68   rt_memclr.o
        78          0          0          0          0         80   rt_memclr_w.o
       100          0          0          0          0         80   rt_memcpy_w.o
         2          0          0          0          0          0   rtexit.o
        10          0          0          0          0          0   rtexit2.o
       128          0          0          0          0         68   strcmpv7m.o
        62          0          0          0          0         76   strlen.o
        12          4          0          0          0         68   sys_exit.o
        74          0          0          0          0         80   sys_stackheap_outer.o
         2          0          0          0          0         68   use_no_semi.o
        98          4          0          0          0         92   d2f.o
       826         16          0          0          0        348   daddsub_clz.o
        16          4          0          0          0         68   dcheck1.o
        24          0          0          0          0         68   dcmpi.o
       688        140          0          0          0        208   ddiv.o
       120          4          0          0          0         92   deqf.o
        94          4          0          0          0         92   dfix.o
        84          0          0          0          0        136   dflt_clz.o
       340         12          0          0          0        104   dmul.o
       156          4          0          0          0         92   dnaninf.o
        12          0          0          0          0         68   dretinf.o
        86          4          0          0          0         84   f2d.o
        62          4          0          0          0         84   ffixu.o
        38          0          0          0          0         68   fflt_clz.o
       140          4          0          0          0         84   fnaninf.o
        10          0          0          0          0         68   fretinf.o
         4          0          0          0          0         68   printf1.o
       100          0          0          0          0         68   retnan.o
        92          0          0          0          0         68   scalbn.o
        48          0          0          0          0         68   trapv.o
         0          0          0          0          0          0   usenofp.o
        34          4          0          0          0        204   dunder.o
        40          0          0          0          0         68   fpclassify.o
       860         52         56          0          0        256   log.o
       228         30          0          0          0        120   log10.o
       170          0          0          0          0         96   poly.o
         0          0          8          0          0          0   qnan.o

    ----------------------------------------------------------------------
      9620        496        244          0         96       5872   Library Totals
        26          0          4          0          0          0   (incl. Padding)

    ----------------------------------------------------------------------

      Code (inc. data)   RO Data    RW Data    ZI Data      Debug   Library Name

      5224        210        176          0         96       3100   c_w.l
      3038        200          0          0          0       2028   fz_ws.l
      1332         86         64          0          0        744   m_ws.l

    ----------------------------------------------------------------------
      9620        496        244          0         96       5872   Library Totals

    ----------------------------------------------------------------------

==============================================================================


      Code (inc. data)   RO Data    RW Data    ZI Data      Debug   

     26236       4708       1760        136      10568     498303   Grand Totals
     26236       4708       1760        136      10568     498303   ELF Image Totals
     26236       4708       1760        136          0          0   ROM Totals

==============================================================================

    Total RO  Size (Code + RO Data)                27996 (  27.34kB)
    Total RW  Size (RW Data + ZI Data)             10704 (  10.45kB)
    Total ROM Size (Code + RO Data + RW Data)      28132 (  27.47kB)

==============================================================================

