Component: ARM Compiler 5.06 update 6 (build 750) Tool: armlink [4d35ed]

==============================================================================

Section Cross References

    main.o(i.AGC_RX) refers to main.o(i.PulsePeakDetector) for PulsePeakDetector
    main.o(i.AGC_RX) refers to measure.o(i.tlc5618_AGC_ADJ) for tlc5618_AGC_ADJ
    main.o(i.AGC_RX) refers to dflt_clz.o(x$fpl$dfltu) for __aeabi_ui2d
    main.o(i.AGC_RX) refers to ddiv.o(x$fpl$ddiv) for __aeabi_ddiv
    main.o(i.AGC_RX) refers to log10.o(i.log10) for log10
    main.o(i.AGC_RX) refers to dmul.o(x$fpl$dmul) for __aeabi_dmul
    main.o(i.AGC_RX) refers to dfix.o(x$fpl$dfix) for __aeabi_d2iz
    main.o(i.AGC_RX) refers to measure.o(i.Slect_Gain) for Slect_Gain
    main.o(i.AGC_RX) refers to measure.o(i.set_AGC_Gn) for set_AGC_Gn
    main.o(i.AGC_RX) refers to main.o(.data) for .data
    main.o(i.APD_HV_AdjWithTemper) refers to drv_adc.o(i.GetADCResult) for GetADCResult
    main.o(i.APD_HV_AdjWithTemper) refers to main.o(.data) for .data
    main.o(i.CAlMEASURE) refers to main.o(i.Cal_APDV) for Cal_APDV
    main.o(i.CAlMEASURE) refers to main.o(i.Cal_hdl) for Cal_hdl
    main.o(i.CAlMEASURE) refers to ascii_protocol.o(i.SettingSave) for SettingSave
    main.o(i.CAlMEASURE) refers to measure.o(i.Slect_Gain) for Slect_Gain
    main.o(i.CAlMEASURE) refers to measure.o(i.delay1us) for delay1us
    main.o(i.CAlMEASURE) refers to debug.o(i.mPrintf) for mPrintf
    main.o(i.CAlMEASURE) refers to main.o(i.NVIC_SystemReset) for NVIC_SystemReset
    main.o(i.CAlMEASURE) refers to main.o(.data) for .data
    main.o(i.CAlMEASURE) refers to ascii_protocol.o(.bss) for SysSeting
    main.o(i.Cal_APDV) refers to measure.o(i.Slect_Gain) for Slect_Gain
    main.o(i.Cal_APDV) refers to ascii_protocol.o(.bss) for SysSeting
    main.o(i.Cal_APDV) refers to main.o(.data) for .data
    main.o(i.Cal_hdl) refers to measure.o(i.Slect_Gain) for Slect_Gain
    main.o(i.Cal_hdl) refers to measure.o(i.delay1us) for delay1us
    main.o(i.Cal_hdl) refers to debug.o(i.mPrintf) for mPrintf
    main.o(i.Cal_hdl) refers to ascii_protocol.o(i.SettingSave) for SettingSave
    main.o(i.Cal_hdl) refers to main.o(i.NVIC_SystemReset) for NVIC_SystemReset
    main.o(i.Cal_hdl) refers to ascii_protocol.o(.bss) for SysSeting
    main.o(i.Cal_hdl) refers to main.o(.data) for .data
    main.o(i.FilterBublesort) refers to lludivv7m.o(.text) for __aeabi_uldivmod
    main.o(i.FilterBublesort) refers to main.o(.data) for .data
    main.o(i.FilterBublesort) refers to measure.o(.data) for erro_dist_cnt
    main.o(i.LOW_Pwoer) refers to measure.o(i.tlc5618_execute) for tlc5618_execute
    main.o(i.POWER_Off_Init) refers to measure.o(i.delay1us) for delay1us
    main.o(i.POWER_On_Init) refers to measure.o(i.gp22_init) for gp22_init
    main.o(i.POWER_On_Init) refers to meas_current.o(i.ExDAC_Init) for ExDAC_Init
    main.o(i.POWER_On_Init) refers to measure.o(i.tlc5618_init) for tlc5618_init
    main.o(i.POWER_On_Init) refers to main.o(i.Contrl_635LD) for Contrl_635LD
    main.o(i.POWER_On_Init) refers to drv_pwmhv.o(i.PWMSet_APD) for PWMSet_APD
    main.o(i.POWER_On_Init) refers to measure.o(i.set_AGC_Gn) for set_AGC_Gn
    main.o(i.POWER_On_Init) refers to measure.o(i.set_LD_HV) for set_LD_HV
    main.o(i.POWER_On_Init) refers to measure.o(i.delay1us) for delay1us
    main.o(i.POWER_On_Init) refers to ascii_protocol.o(.bss) for SysSeting
    main.o(i.Packet) refers to _printf_percent.o(.ARM.Collect$$_printf_percent$$00000000) for _printf_percent
    main.o(i.Packet) refers to _printf_f.o(.ARM.Collect$$_printf_percent$$00000003) for _printf_f
    main.o(i.Packet) refers to printf1.o(x$fpl$printf1) for _printf_fp_dec
    main.o(i.Packet) refers to noretval__2sprintf.o(.text) for __2sprintf
    main.o(i.PulsePeakDetector) refers to drv_adc.o(i.GetADCResult) for GetADCResult
    main.o(i.PulsePeakDetector) refers to measure.o(i.delay1us) for delay1us
    main.o(i.TurnDACOutput) refers to meas_current.o(i.ExDAC_WriteDat) for ExDAC_WriteDat
    main.o(i.TurnDACOutput) refers to ascii_protocol.o(.bss) for SysSeting
    main.o(i.cal_dst) refers to fflt_clz.o(x$fpl$ffltu) for __aeabi_ui2f
    main.o(i.cal_dst) refers to fmul.o(x$fpl$fmul) for __aeabi_fmul
    main.o(i.cal_dst) refers to faddsub_clz.o(x$fpl$fadd) for __aeabi_fadd
    main.o(i.cal_dst) refers to ffixu.o(x$fpl$ffixu) for __aeabi_f2uiz
    main.o(i.dis_maxmin) refers to debug.o(i.mPrintf) for mPrintf
    main.o(i.dis_maxmin) refers to main.o(.data) for .data
    main.o(i.get_APD_vot) refers to measure.o(i.trigger_pulse) for trigger_pulse
    main.o(i.get_APD_vot) refers to measure.o(i.delay1us) for delay1us
    main.o(i.get_APD_vot) refers to main.o(i.PulsePeakDetector) for PulsePeakDetector
    main.o(i.get_APD_vot) refers to drv_pwmhv.o(i.PWM_Adj_APD) for PWM_Adj_APD
    main.o(i.get_APD_vot) refers to dflt_clz.o(x$fpl$dfltu) for __aeabi_ui2d
    main.o(i.get_APD_vot) refers to daddsub_clz.o(x$fpl$dsub) for __aeabi_dsub
[...]
    _init_alloc                               - Undefined Weak Reference
    _init_user_alloc                          - Undefined Weak Reference
    _initio                                   - Undefined Weak Reference
    _printf_mbtowc                            - Undefined Weak Reference
    _printf_post_padding                      - Undefined Weak Reference
    _printf_pre_padding                       - Undefined Weak Reference
    _printf_truncate_signed                   - Undefined Weak Reference
    _printf_truncate_unsigned                 - Undefined Weak Reference
    _rand_init                                - Undefined Weak Reference
    _signal_finish                            - Undefined Weak Reference
    _signal_init                              - Undefined Weak Reference
    _terminate_alloc                          - Undefined Weak Reference
    _terminate_user_alloc                     - Undefined Weak Reference
    _terminateio                              - Undefined Weak Reference
    __Vectors_Size                           0x000000ec   Number         0  startup_stm32f10x_md.o ABSOLUTE
    __Vectors                                0x08000000   Data           4  startup_stm32f10x_md.o(RESET)
    __Vectors_End                            0x080000ec   Data           0  startup_stm32f10x_md.o(RESET)
    __main                                   0x080000ed   Thumb Code     8  __main.o(!!!main)
    __scatterload                            0x080000f5   Thumb Code     0  __scatter.o(!!!scatter)
    __scatterload_rt2                        0x080000f5   Thumb Code    44  __scatter.o(!!!scatter)
    __scatterload_rt2_thumb_only             0x080000f5   Thumb Code     0  __scatter.o(!!!scatter)
    __scatterload_null                       0x08000103   Thumb Code     0  __scatter.o(!!!scatter)
    __scatterload_copy                       0x08000129   Thumb Code    26  __scatter_copy.o(!!handler_copy)
    __scatterload_zeroinit                   0x08000145   Thumb Code    28  __scatter_zi.o(!!handler_zi)
    _printf_f                                0x08000161   Thumb Code     0  _printf_f.o(.ARM.Collect$$_printf_percent$$00000003)
    _printf_percent                          0x08000161   Thumb Code     0  _printf_percent.o(.ARM.Collect$$_printf_percent$$00000000)
    _printf_d                                0x08000167   Thumb Code     0  _printf_d.o(.ARM.Collect$$_printf_percent$$00000009)
    _printf_percent_end                      0x0800016d   Thumb Code     0  _printf_percent_end.o(.ARM.Collect$$_printf_percent$$00000017)
    __rt_lib_init                            0x08000171   Thumb Code     0  libinit.o(.ARM.Collect$$libinit$$00000000)
    __rt_lib_init_fp_1                       0x08000173   Thumb Code     0  libinit2.o(.ARM.Collect$$libinit$$00000002)
    __rt_lib_init_heap_1                     0x08000173   Thumb Code     0  libinit2.o(.ARM.Collect$$libinit$$0000000A)
    __rt_lib_init_lc_common                  0x08000173   Thumb Code     0  libinit2.o(.ARM.Collect$$libinit$$0000000F)
    __rt_lib_init_preinit_1                  0x08000173   Thumb Code     0  libinit2.o(.ARM.Collect$$libinit$$00000004)
    __rt_lib_init_rand_1                     0x08000173   Thumb Code     0  libinit2.o(.ARM.Collect$$libinit$$0000000E)
    __rt_lib_init_user_alloc_1               0x08000173   Thumb Code     0  libinit2.o(.ARM.Collect$$libinit$$0000000C)
    __rt_lib_init_lc_collate_1               0x08000179   Thumb Code     0  libinit2.o(.ARM.Collect$$libinit$$00000011)
    __rt_lib_init_lc_ctype_1                 0x08000179   Thumb Code     0  libinit2.o(.ARM.Collect$$libinit$$00000013)
    __rt_lib_init_lc_monetary_1              0x08000179   Thumb Code     0  libinit2.o(.ARM.Collect$$libinit$$00000015)
    __rt_lib_init_lc_numeric_2               0x08000179   Thumb Code     0  libinit2.o(.ARM.Collect$$libinit$$00000016)
    __rt_lib_init_alloca_1                   0x08000183   Thumb Code     0  libinit2.o(.ARM.Collect$$libinit$$0000002E)
    __rt_lib_init_argv_1                     0x08000183   Thumb Code     0  libinit2.o(.ARM.Collect$$libinit$$0000002C)
    __rt_lib_init_atexit_1                   0x08000183   Thumb Code     0  libinit2.o(.ARM.Collect$$libinit$$0000001B)
    __rt_lib_init_clock_1                    0x08000183   Thumb Code     0  libinit2.o(.ARM.Collect$$libinit$$00000021)
    __rt_lib_init_cpp_1                      0x08000183   Thumb Code     0  libinit2.o(.ARM.Collect$$libinit$$00000032)
    __rt_lib_init_exceptions_1               0x08000183   Thumb Code     0  libinit2.o(.ARM.Collect$$libinit$$00000030)
    __rt_lib_init_fp_trap_1                  0x08000183   Thumb Code     0  libinit2.o(.ARM.Collect$$libinit$$0000001F)
    __rt_lib_init_getenv_1                   0x08000183   Thumb Code     0  libinit2.o(.ARM.Collect$$libinit$$00000023)
    __rt_lib_init_lc_numeric_1               0x08000183   Thumb Code     0  libinit2.o(.ARM.Collect$$libinit$$00000017)
    __rt_lib_init_lc_time_1                  0x08000183   Thumb Code     0  libinit2.o(.ARM.Collect$$libinit$$00000019)
    __rt_lib_init_return                     0x08000183   Thumb Code     0  libinit2.o(.ARM.Collect$$libinit$$00000033)
    __rt_lib_init_signal_1                   0x08000183   Thumb Code     0  libinit2.o(.ARM.Collect$$libinit$$0000001D)
    __rt_lib_init_stdio_1                    0x08000183   Thumb Code     0  libinit2.o(.ARM.Collect$$libinit$$00000025)
    __rt_lib_shutdown                        0x08000185   Thumb Code     0  libshutdown.o(.ARM.Collect$$libshutdown$$00000000)
    __rt_lib_shutdown_cpp_1                  0x08000187   Thumb Code     0  libshutdown2.o(.ARM.Collect$$libshutdown$$00000002)
    __rt_lib_shutdown_fp_trap_1              0x08000187   Thumb Code     0  libshutdown2.o(.ARM.Collect$$libshutdown$$00000007)
    __rt_lib_shutdown_heap_1                 0x08000187   Thumb Code     0  libshutdown2.o(.ARM.Collect$$libshutdown$$0000000F)
    __rt_lib_shutdown_return                 0x08000187   Thumb Code     0  libshutdown2.o(.ARM.Collect$$libshutdown$$00000010)
    __rt_lib_shutdown_signal_1               0x08000187   Thumb Code     0  libshutdown2.o(.ARM.Collect$$libshutdown$$0000000A)
    __rt_lib_shutdown_stdio_1                0x08000187   Thumb Code     0  libshutdown2.o(.ARM.Collect$$libshutdown$$00000004)
    __rt_lib_shutdown_user_alloc_1           0x08000187   Thumb Code     0  libshutdown2.o(.ARM.Collect$$libshutdown$$0000000C)
    __rt_entry                               0x08000189   Thumb Code     0  __rtentry.o(.ARM.Collect$$rtentry$$00000000)
    __rt_entry_presh_1                       0x08000189   Thumb Code     0  __rtentry2.o(.ARM.Collect$$rtentry$$00000002)
    __rt_entry_sh                            0x08000189   Thumb Code     0  __rtentry4.o(.ARM.Collect$$rtentry$$00000004)
    __rt_entry_li                            0x0800018f   Thumb Code     0  __rtentry2.o(.ARM.Collect$$rtentry$$0000000A)
    __rt_entry_postsh_1                      0x0800018f   Thumb Code     0  __rtentry2.o(.ARM.Collect$$rtentry$$00000009)
    __rt_entry_main                          0x08000193   Thumb Code     0  __rtentry2.o(.ARM.Collect$$rtentry$$0000000D)
    __rt_entry_postli_1                      0x08000193   Thumb Code     0  __rtentry2.o(.ARM.Collect$$rtentry$$0000000C)
    __rt_exit                                0x0800019b   Thumb Code     0  rtexit.o(.ARM.Collect$$rtexit$$00000000)
    __rt_exit_ls                             0x0800019d   Thumb Code     0  rtexit2.o(.ARM.Collect$$rtexit$$00000003)
    __rt_exit_prels_1                        0x0800019d   Thumb Code     0  rtexit2.o(.ARM.Collect$$rtexit$$00000002)
    __rt_exit_exit                           0x080001a1   Thumb Code     0  rtexit2.o(.ARM.Collect$$rtexit$$00000004)
    Reset_Handler                            0x080001a9   Thumb Code     8  startup_stm32f10x_md.o(.text)
    NMI_Handler                              0x080001b1   Thumb Code     2  startup_stm32f10x_md.o(.text)
    MemManage_Handler                        0x080001b5   Thumb Code     2  startup_stm32f10x_md.o(.text)
    BusFault_Handler                         0x080001b7   Thumb Code     2  startup_stm32f10x_md.o(.text)
    UsageFault_Handler                       0x080001b9   Thumb Code     2  startup_stm32f10x_md.o(.text)
    SVC_Handler                              0x080001bb   Thumb Code     2  startup_stm32f10x_md.o(.text)
    DebugMon_Handler                         0x080001bd   Thumb Code     2  startup_stm32f10x_md.o(.text)
    PendSV_Handler                           0x080001bf   Thumb Code     2  startup_stm32f10x_md.o(.text)
    ADC1_2_IRQHandler                        0x080001c3   Thumb Code     0  startup_stm32f10x_md.o(.text)
    CAN1_RX1_IRQHandler                      0x080001c3   Thumb Code     0  startup_stm32f10x_md.o(.text)
    CAN1_SCE_IRQHandler                      0x080001c3   Thumb Code     0  startup_stm32f10x_md.o(.text)
    DMA1_Channel1_IRQHandler                 0x080001c3   Thumb Code     0  startup_stm32f10x_md.o(.text)
    DMA1_Channel2_IRQHandler                 0x080001c3   Thumb Code     0  startup_stm32f10x_md.o(.text)
    DMA1_Channel3_IRQHandler                 0x080001c3   Thumb Code     0  startup_stm32f10x_md.o(.text)
    DMA1_Channel5_IRQHandler                 0x080001c3   Thumb Code     0  startup_stm32f10x_md.o(.text)
    DMA1_Channel6_IRQHandler                 0x080001c3   Thumb Code     0  startup_stm32f10x_md.o(.text)
    DMA1_Channel7_IRQHandler                 0x080001c3   Thumb Code     0  startup_stm32f10x_md.o(.text)
    EXTI0_IRQHandler                         0x080001c3   Thumb Code     0  startup_stm32f10x_md.o(.text)
    EXTI15_10_IRQHandler                     0x080001c3   Thumb Code     0  startup_stm32f10x_md.o(.text)
    EXTI1_IRQHandler                         0x080001c3   Thumb Code     0  startup_stm32f10x_md.o(.text)
    EXTI2_IRQHandler                         0x080001c3   Thumb Code     0  startup_stm32f10x_md.o(.text)
    EXTI3_IRQHandler                         0x080001c3   Thumb Code     0  startup_stm32f10x_md.o(.text)
    EXTI4_IRQHandler                         0x080001c3   Thumb Code     0  startup_stm32f10x_md.o(.text)
    EXTI9_5_IRQHandler                       0x080001c3   Thumb Code     0  startup_stm32f10x_md.o(.text)
    FLASH_IRQHandler                         0x080001c3   Thumb Code     0  startup_stm32f10x_md.o(.text)
    I2C1_ER_IRQHandler                       0x080001c3   Thumb Code     0  startup_stm32f10x_md.o(.text)
    I2C1_EV_IRQHandler                       0x080001c3   Thumb Code     0  startup_stm32f10x_md.o(.text)
    I2C2_ER_IRQHandler                       0x080001c3   Thumb Code     0  startup_stm32f10x_md.o(.text)
    I2C2_EV_IRQHandler                       0x080001c3   Thumb Code     0  startup_stm32f10x_md.o(.text)
    PVD_IRQHandler                           0x080001c3   Thumb Code     0  startup_stm32f10x_md.o(.text)
    RCC_IRQHandler                           0x080001c3   Thumb Code     0  startup_stm32f10x_md.o(.text)
    RTCAlarm_IRQHandler                      0x080001c3   Thumb Code     0  startup_stm32f10x_md.o(.text)
    RTC_IRQHandler                           0x080001c3   Thumb Code     0  startup_stm32f10x_md.o(.text)
    SPI1_IRQHandler                          0x080001c3   Thumb Code     0  startup_stm32f10x_md.o(.text)
    SPI2_IRQHandler                          0x080001c3   Thumb Code     0  startup_stm32f10x_md.o(.text)
    TAMPER_IRQHandler                        0x080001c3   Thumb Code     0  startup_stm32f10x_md.o(.text)
    TIM1_BRK_IRQHandler                      0x080001c3   Thumb Code     0  startup_stm32f10x_md.o(.text)
    TIM1_CC_IRQHandler                       0x080001c3   Thumb Code     0  startup_stm32f10x_md.o(.text)
    TIM1_TRG_COM_IRQHandler                  0x080001c3   Thumb Code     0  startup_stm32f10x_md.o(.text)
    TIM2_IRQHandler                          0x080001c3   Thumb Code     0  startup_stm32f10x_md.o(.text)
    TIM4_IRQHandler                          0x080001c3   Thumb Code     0  startup_stm32f10x_md.o(.text)
    USART2_IRQHandler                        0x080001c3   Thumb Code     0  startup_stm32f10x_md.o(.text)
    USART3_IRQHandler                        0x080001c3   Thumb Code     0  startup_stm32f10x_md.o(.text)
    USBWakeUp_IRQHandler                     0x080001c3   Thumb Code     0  startup_stm32f10x_md.o(.text)
    USB_HP_CAN1_TX_IRQHandler                0x080001c3   Thumb Code     0  startup_stm32f10x_md.o(.text)
    USB_LP_CAN1_RX0_IRQHandler               0x080001c3   Thumb Code     0  startup_stm32f10x_md.o(.text)
    WWDG_IRQHandler                          0x080001c3   Thumb Code     0  startup_stm32f10x_md.o(.text)
    __user_initial_stackheap                 0x080001c5   Thumb Code     0  startup_stm32f10x_md.o(.text)
    __aeabi_uldivmod                         0x080001e9   Thumb Code     0  lludivv7m.o(.text)
    _ll_udiv                                 0x080001e9   Thumb Code   238  lludivv7m.o(.text)
    __2sprintf                               0x080002d9   Thumb Code    34  noretval__2sprintf.o(.text)
    _printf_int_dec                          0x08000301   Thumb Code   104  _printf_dec.o(.text)
    __printf                                 0x08000379   Thumb Code   270  __printf_wp.o(.text)
    strlen                                   0x08000487   Thumb Code    62  strlen.o(.text)
    __aeabi_memcpy4                          0x080004c5   Thumb Code     0  rt_memcpy_w.o(.text)
    __aeabi_memcpy8                          0x080004c5   Thumb Code     0  rt_memcpy_w.o(.text)
    __rt_memcpy_w                            0x080004c5   Thumb Code   100  rt_memcpy_w.o(.text)
    _memcpy_lastbytes_aligned                0x0800050d   Thumb Code     0  rt_memcpy_w.o(.text)
    __aeabi_memclr                           0x08000529   Thumb Code     0  rt_memclr.o(.text)
    __rt_memclr                              0x08000529   Thumb Code    68  rt_memclr.o(.text)
    _memset                                  0x0800052d   Thumb Code     0  rt_memclr.o(.text)
    __aeabi_memclr4                          0x0800056d   Thumb Code     0  rt_memclr_w.o(.text)
    __aeabi_memclr8                          0x0800056d   Thumb Code     0  rt_memclr_w.o(.text)
    __rt_memclr_w                            0x0800056d   Thumb Code    78  rt_memclr_w.o(.text)
    _memset_w                                0x08000571   Thumb Code     0  rt_memclr_w.o(.text)
    __use_two_region_memory                  0x080005bb   Thumb Code     2  heapauxi.o(.text)
    __rt_heap_escrow$2region                 0x080005bd   Thumb Code     2  heapauxi.o(.text)
    __rt_heap_expand$2region                 0x080005bf   Thumb Code     2  heapauxi.o(.text)
    __read_errno                             0x080005c1   Thumb Code    10  _rserrno.o(.text)
    __set_errno                              0x080005cb   Thumb Code    12  _rserrno.o(.text)
    _printf_int_common                       0x080005d7   Thumb Code   178  _printf_intcommon.o(.text)
    __lib_sel_fp_printf                      0x08000689   Thumb Code     2  _printf_fp_dec.o(.text)
    _printf_fp_dec_real                      0x0800083b   Thumb Code   620  _printf_fp_dec.o(.text)
    _printf_char_common                      0x08000ab3   Thumb Code    32  _printf_char_common.o(.text)
    _sputc                                   0x08000ad9   Thumb Code    10  _sputc.o(.text)
    __rt_locale                              0x08000ae5   Thumb Code     8  rt_locale_intlibspace.o(.text)
    __aeabi_errno_addr                       0x08000aed   Thumb Code     8  rt_errno_addr_intlibspace.o(.text)
    __errno$intlibspace                      0x08000aed   Thumb Code     0  rt_errno_addr_intlibspace.o(.text)
    __rt_errno_addr$intlibspace              0x08000aed   Thumb Code     0  rt_errno_addr_intlibspace.o(.text)
    _ll_udiv10                               0x08000af5   Thumb Code   138  lludiv10.o(.text)
    _printf_fp_infnan                        0x08000b81   Thumb Code   112  _printf_fp_infnan.o(.text)
    _btod_etento                             0x08000c01   Thumb Code   224  bigflt0.o(.text)
    __user_libspace                          0x08000ce5   Thumb Code     8  libspace.o(.text)
    __user_perproc_libspace                  0x08000ce5   Thumb Code     0  libspace.o(.text)
    __user_perthread_libspace                0x08000ce5   Thumb Code     0  libspace.o(.text)
    __user_setup_stackheap                   0x08000ced   Thumb Code    74  sys_stackheap_outer.o(.text)
    exit                                     0x08000d37   Thumb Code    18  exit.o(.text)
    strcmp                                   0x08000d49   Thumb Code   128  strcmpv7m.o(.text)
    _sys_exit                                0x08000dc9   Thumb Code     8  sys_exit.o(.text)
    __I$use$semihosting                      0x08000dd5   Thumb Code     0  use_no_semi.o(.text)
    __use_no_semihosting_swi                 0x08000dd5   Thumb Code     2  use_no_semi.o(.text)
    __semihosting_library_function           0x08000dd7   Thumb Code     0  indicate_semi.o(.text)
    _btod_d2e                                0x08000dd7   Thumb Code    62  btod.o(CL$$btod_d2e)
    _d2e_denorm_low                          0x08000e15   Thumb Code    70  btod.o(CL$$btod_d2e_denorm_low)
    _d2e_norm_op1                            0x08000e5b   Thumb Code    96  btod.o(CL$$btod_d2e_norm_op1)
    __btod_div_common                        0x08000ebb   Thumb Code   696  btod.o(CL$$btod_div_common)
    _e2e                                     0x080011f3   Thumb Code   220  btod.o(CL$$btod_e2e)
    _btod_ediv                               0x080012cf   Thumb Code    42  btod.o(CL$$btod_ediv)
    _btod_emul                               0x080012f9   Thumb Code    42  btod.o(CL$$btod_emul)
    __btod_mult_common                       0x08001323   Thumb Code   580  btod.o(CL$$btod_mult_common)
    AD5420_Write                             0x08001569   Thumb Code    80  meas_current.o(i.AD5420_Write)
    ADC_Cmd                                  0x080015c5   Thumb Code    20  stm32f10x_adc.o(i.ADC_Cmd)
    ADC_DMACmd                               0x080015d9   Thumb Code    20  stm32f10x_adc.o(i.ADC_DMACmd)
    ADC_GetCalibrationStatus                 0x080015ed   Thumb Code    14  stm32f10x_adc.o(i.ADC_GetCalibrationStatus)
    ADC_GetResetCalibrationStatus            0x080015fb   Thumb Code    14  stm32f10x_adc.o(i.ADC_GetResetCalibrationStatus)
    ADC_Init                                 0x08001609   Thumb Code    62  stm32f10x_adc.o(i.ADC_Init)
    ADC_RegularChannelConfig                 0x08001651   Thumb Code   116  stm32f10x_adc.o(i.ADC_RegularChannelConfig)
    ADC_ResetCalibration                     0x080016c5   Thumb Code    10  stm32f10x_adc.o(i.ADC_ResetCalibration)
    ADC_SoftwareStartConvCmd                 0x080016cf   Thumb Code    20  stm32f10x_adc.o(i.ADC_SoftwareStartConvCmd)
    ADC_StartCalibration                     0x080016e3   Thumb Code    10  stm32f10x_adc.o(i.ADC_StartCalibration)
    AGC_RX                                   0x080016ed   Thumb Code   276  main.o(i.AGC_RX)
    APD_HV_AdjWithTemper                     0x0800180d   Thumb Code    36  main.o(i.APD_HV_AdjWithTemper)
    BSP_SPI1_Init                            0x0800194d   Thumb Code   132  stm32f1_init.o(i.BSP_SPI1_Init)
    BSP_SPI2_Init                            0x080019d9   Thumb Code   140  stm32f1_init.o(i.BSP_SPI2_Init)
    BSP_USART_Config                         0x08001a6d   Thumb Code   196  stm32f1_init.o(i.BSP_USART_Config)
    BSP_UartDMA_Config                       0x08001b41   Thumb Code    92  stm32f1_init.o(i.BSP_UartDMA_Config)
    CAlMEASURE                               0x08001ba5   Thumb Code   120  main.o(i.CAlMEASURE)
    CMD_FreeRun                              0x08001c55   Thumb Code    28  ascii_protocol.o(i.CMD_FreeRun)
    CMD_GetRange                             0x08001c75   Thumb Code    10  ascii_protocol.o(i.CMD_GetRange)
    CMD_GetVersion                           0x08001c89   Thumb Code    72  ascii_protocol.o(i.CMD_GetVersion)
    CMD_LedOff                               0x08001d31   Thumb Code     6  ascii_protocol.o(i.CMD_LedOff)
    CMD_LedOn                                0x08001d37   Thumb Code     6  ascii_protocol.o(i.CMD_LedOn)
    CMD_LsAddress                            0x08001d3d   Thumb Code    12  ascii_protocol.o(i.CMD_LsAddress)
    CMD_ReadCal                              0x08001d51   Thumb Code   330  ascii_protocol.o(i.CMD_ReadCal)
    CMD_ReadFactorySettings                  0x080020c1   Thumb Code    20  ascii_protocol.o(i.CMD_ReadFactorySettings)
    CMD_ReadStandard                         0x080020d9   Thumb Code    38  ascii_protocol.o(i.CMD_ReadStandard)
    CMD_ReadThd                              0x08002151   Thumb Code    24  ascii_protocol.o(i.CMD_ReadThd)
    CMD_SetAddress                           0x0800219d   Thumb Code    48  ascii_protocol.o(i.CMD_SetAddress)
    CMD_SetBaudrate                          0x080021f9   Thumb Code   130  ascii_protocol.o(i.CMD_SetBaudrate)
    CMD_SetCal                               0x080022b1   Thumb Code    54  ascii_protocol.o(i.CMD_SetCal)
    CMD_SetOutputHZ                          0x0800232d   Thumb Code   112  ascii_protocol.o(i.CMD_SetOutputHZ)
    CMD_SetPulseHZ                           0x080023f1   Thumb Code    68  ascii_protocol.o(i.CMD_SetPulseHZ)
    CMD_SetRange                             0x08002455   Thumb Code    58  ascii_protocol.o(i.CMD_SetRange)
    CMD_SetStandard                          0x080024c5   Thumb Code    48  ascii_protocol.o(i.CMD_SetStandard)
    CMD_SetThd                               0x0800254d   Thumb Code    32  ascii_protocol.o(i.CMD_SetThd)
    CMD_SingleMeas                           0x080025ad   Thumb Code    16  ascii_protocol.o(i.CMD_SingleMeas)
    CMD_StartCal                             0x080025c5   Thumb Code   108  ascii_protocol.o(i.CMD_StartCal)
    CMD_StartContisMeas                      0x080026dd   Thumb Code    16  ascii_protocol.o(i.CMD_StartContisMeas)
    CMD_StopCal                              0x080026f5   Thumb Code    44  ascii_protocol.o(i.CMD_StopCal)
    CMD_StopContisMeas                       0x0800273d   Thumb Code    30  ascii_protocol.o(i.CMD_StopContisMeas)
    CMD_TestWithSig                          0x08002769   Thumb Code    12  ascii_protocol.o(i.CMD_TestWithSig)
    CMD_TestWithoutSig                       0x0800277d   Thumb Code    14  ascii_protocol.o(i.CMD_TestWithoutSig)
    CRC16                                    0x08002795   Thumb Code    40  drv_crc16.o(i.CRC16)
    Cal_APDV                                 0x080027c1   Thumb Code    42  main.o(i.Cal_APDV)
    Cal_hdl                                  0x080027f5   Thumb Code   312  main.o(i.Cal_hdl)
    CalcDistance                             0x080029e5   Thumb Code    72  measure.o(i.CalcDistance)
    Contrl_635LD                             0x08002a3d   Thumb Code    18  main.o(i.Contrl_635LD)
    DMA1_Channel4_IRQHandler                 0x08002a55   Thumb Code    44  drv_uart.o(i.DMA1_Channel4_IRQHandler)
    DMA_ClearITPendingBit                    0x08002a89   Thumb Code    16  stm32f10x_dma.o(i.DMA_ClearITPendingBit)
    DMA_Cmd                                  0x08002aa1   Thumb Code    22  stm32f10x_dma.o(i.DMA_Cmd)
    DMA_DeInit                               0x08002ab9   Thumb Code   218  stm32f10x_dma.o(i.DMA_DeInit)
    DMA_GetITStatus                          0x08002b9d   Thumb Code    24  stm32f10x_dma.o(i.DMA_GetITStatus)
    DMA_ITConfig                             0x08002bbd   Thumb Code    16  stm32f10x_dma.o(i.DMA_ITConfig)
    DMA_Init                                 0x08002bcd   Thumb Code    58  stm32f10x_dma.o(i.DMA_Init)
    DMA_Init_Mem2Periph                      0x08002c07   Thumb Code    86  drv_uart.o(i.DMA_Init_Mem2Periph)
    DefaultSetting                           0x08002c5d   Thumb Code   144  ascii_protocol.o(i.DefaultSetting)
    EE_Flash_Init                            0x08002cf1   Thumb Code    26  drv_eeprom.o(i.EE_Flash_Init)
    EE_Flash_Read_All_Contents               0x08002d11   Thumb Code    10  drv_eeprom.o(i.EE_Flash_Read_All_Contents)
    EE_Flash_Write_All_Contents              0x08002d25   Thumb Code    20  drv_eeprom.o(i.EE_Flash_Write_All_Contents)
    ExDAC_Delay                              0x08002d41   Thumb Code    12  meas_current.o(i.ExDAC_Delay)
    ExDAC_Init                               0x08002d4d   Thumb Code    28  meas_current.o(i.ExDAC_Init)
    ExDAC_WriteDat                           0x08002d6d   Thumb Code     8  meas_current.o(i.ExDAC_WriteDat)
    FLASH_ErasePage                          0x08002d75   Thumb Code    56  stm32f10x_flash.o(i.FLASH_ErasePage)
    FLASH_GetBank1Status                     0x08002db1   Thumb Code    34  stm32f10x_flash.o(i.FLASH_GetBank1Status)
    FLASH_Lock                               0x08002dd9   Thumb Code    12  stm32f10x_flash.o(i.FLASH_Lock)
    FLASH_PrefetchBufferCmd                  0x08002de9   Thumb Code    18  stm32f10x_flash.o(i.FLASH_PrefetchBufferCmd)
    FLASH_ProgramHalfWord                    0x08002e01   Thumb Code    48  stm32f10x_flash.o(i.FLASH_ProgramHalfWord)
    FLASH_SetLatency                         0x08002e35   Thumb Code    14  stm32f10x_flash.o(i.FLASH_SetLatency)
    FLASH_Unlock                             0x08002e49   Thumb Code    12  stm32f10x_flash.o(i.FLASH_Unlock)
    FLASH_UserOptionByteConfig               0x08002e61   Thumb Code    78  stm32f10x_flash.o(i.FLASH_UserOptionByteConfig)
    FLASH_WaitForLastOperation               0x08002ec1   Thumb Code    36  stm32f10x_flash.o(i.FLASH_WaitForLastOperation)
    FilterBublesort                          0x08002ee5   Thumb Code   204  main.o(i.FilterBublesort)
    Flash_ReadData                           0x08002fb9   Thumb Code    30  drv_eeprom.o(i.Flash_ReadData)
    Flash_WriteData                          0x08002fdd   Thumb Code    30  drv_eeprom.o(i.Flash_WriteData)
    GPIO_Init                                0x08003001   Thumb Code   162  stm32f10x_gpio.o(i.GPIO_Init)
    GPIO_PinRemapConfig                      0x080030a5   Thumb Code    82  stm32f10x_gpio.o(i.GPIO_PinRemapConfig)
    GPIO_ResetBits                           0x080030fd   Thumb Code     4  stm32f10x_gpio.o(i.GPIO_ResetBits)
    GPIO_SetBits                             0x08003101   Thumb Code     4  stm32f10x_gpio.o(i.GPIO_SetBits)
    GetADCResult                             0x08003105   Thumb Code    56  drv_adc.o(i.GetADCResult)
    GetSoftDate                              0x08003141   Thumb Code   116  rtu_protocol.o(i.GetSoftDate)
    GetStrCmd                                0x080031c5   Thumb Code    44  drv_uart.o(i.GetStrCmd)
    GetStrDat                                0x080031f9   Thumb Code    40  drv_uart.o(i.GetStrDat)
    HardFault_Handler                        0x08003221   Thumb Code     2  stm32f10x_it.o(i.HardFault_Handler)
    HwTimer_InterrtpyInit                    0x08003225   Thumb Code    76  my_timer.o(i.HwTimer_InterrtpyInit)
    LittleCopy_32                            0x08003275   Thumb Code    38  drv_modbus.o(i.LittleCopy_32)
    McuFlash_EreasePage                      0x0800329b   Thumb Code    38  drv_eeprom.o(i.McuFlash_EreasePage)
    McuFlash_ReadData                        0x080032c1   Thumb Code    26  drv_eeprom.o(i.McuFlash_ReadData)
    McuFlash_WriteData                       0x080032dd   Thumb Code    60  drv_eeprom.o(i.McuFlash_WriteData)
    Mode_Config                              0x08003319   Thumb Code    96  measure.o(i.Mode_Config)
    NVIC_Init                                0x08003391   Thumb Code    94  misc.o(i.NVIC_Init)
    NVIC_PriorityGroupConfig                 0x080033f5   Thumb Code    10  misc.o(i.NVIC_PriorityGroupConfig)
    POWER_On_Init                            0x08003429   Thumb Code    70  main.o(i.POWER_On_Init)
    PWMSet_APD                               0x0800347d   Thumb Code    30  drv_pwmhv.o(i.PWMSet_APD)
    Packet                                   0x080034a1   Thumb Code    34  main.o(i.Packet)
    PulseGenerate                            0x080034d5   Thumb Code    34  measure.o(i.PulseGenerate)
    PulsePeakDetector                        0x080034fd   Thumb Code    40  main.o(i.PulsePeakDetector)
    PwmCongfig                               0x08003529   Thumb Code   180  drv_pwmhv.o(i.PwmCongfig)
    RCC_ADCCLKConfig                         0x080035e5   Thumb Code    14  stm32f10x_rcc.o(i.RCC_ADCCLKConfig)
    RCC_AHBPeriphClockCmd                    0x080035f9   Thumb Code    18  stm32f10x_rcc.o(i.RCC_AHBPeriphClockCmd)
    RCC_APB1PeriphClockCmd                   0x08003611   Thumb Code    18  stm32f10x_rcc.o(i.RCC_APB1PeriphClockCmd)
    RCC_APB1PeriphResetCmd                   0x08003629   Thumb Code    18  stm32f10x_rcc.o(i.RCC_APB1PeriphResetCmd)
    RCC_APB2PeriphClockCmd                   0x08003641   Thumb Code    18  stm32f10x_rcc.o(i.RCC_APB2PeriphClockCmd)
    RCC_APB2PeriphResetCmd                   0x08003659   Thumb Code    18  stm32f10x_rcc.o(i.RCC_APB2PeriphResetCmd)
    RCC_DeInit                               0x08003671   Thumb Code    50  stm32f10x_rcc.o(i.RCC_DeInit)
    RCC_GetClocksFreq                        0x080036b1   Thumb Code   128  stm32f10x_rcc.o(i.RCC_GetClocksFreq)
    RCC_GetFlagStatus                        0x08003741   Thumb Code    44  stm32f10x_rcc.o(i.RCC_GetFlagStatus)
    RCC_GetSYSCLKSource                      0x08003771   Thumb Code    10  stm32f10x_rcc.o(i.RCC_GetSYSCLKSource)
    RCC_HCLKConfig                           0x08003781   Thumb Code    14  stm32f10x_rcc.o(i.RCC_HCLKConfig)
    RCC_HSICmd                               0x08003795   Thumb Code     6  stm32f10x_rcc.o(i.RCC_HSICmd)
    RCC_PCLK1Config                          0x080037a1   Thumb Code    14  stm32f10x_rcc.o(i.RCC_PCLK1Config)
    RCC_PCLK2Config                          0x080037b5   Thumb Code    16  stm32f10x_rcc.o(i.RCC_PCLK2Config)
    RCC_PLLCmd                               0x080037c9   Thumb Code     6  stm32f10x_rcc.o(i.RCC_PLLCmd)
    RCC_PLLConfig                            0x080037d5   Thumb Code    16  stm32f10x_rcc.o(i.RCC_PLLConfig)
    RCC_SYSCLKConfig                         0x080037e9   Thumb Code    14  stm32f10x_rcc.o(i.RCC_SYSCLKConfig)
    ReadGP22Status                           0x080037fd   Thumb Code    28  measure.o(i.ReadGP22Status)
    SPI_Cmd                                  0x0800381d   Thumb Code    20  stm32f10x_spi.o(i.SPI_Cmd)
    SPI_Init                                 0x08003831   Thumb Code    56  stm32f10x_spi.o(i.SPI_Init)
    SetAdChannel                             0x08003869   Thumb Code   170  drv_adc.o(i.SetAdChannel)
    SettingRead                              0x0800391d   Thumb Code   460  ascii_protocol.o(i.SettingRead)
    SettingSave                              0x08003e39   Thumb Code    20  ascii_protocol.o(i.SettingSave)
    Slect_Gain                               0x08003e51   Thumb Code    78  measure.o(i.Slect_Gain)
    StartAdcSample                           0x08003ea9   Thumb Code    12  drv_adc.o(i.StartAdcSample)
    Str2Hex32                                0x08003eb9   Thumb Code    48  drv_uart.o(i.Str2Hex32)
    StrCmp                                   0x08003ee9   Thumb Code    28  drv_uart.o(i.StrCmp)
    SysParamInit                             0x08003f05   Thumb Code    88  ascii_protocol.o(i.SysParamInit)
    SysTickStop                              0x08003f65   Thumb Code    12  stm32f1_init.o(i.SysTickStop)
    SysTick_Handler                          0x08003f71   Thumb Code    10  stm32f10x_it.o(i.SysTick_Handler)
    SystemInit                               0x08003f81   Thumb Code     2  stm32f1_init.o(i.SystemInit)
    System_Init                              0x08003f85   Thumb Code   200  stm32f1_init.o(i.System_Init)
    TIM1_UP_IRQHandler                       0x08004055   Thumb Code     4  stm32f10x_it.o(i.TIM1_UP_IRQHandler)
    TIM3_IRQHandler                          0x08004059   Thumb Code   146  my_timer.o(i.TIM3_IRQHandler)
    TIM_ARRPreloadConfig                     0x08004125   Thumb Code    20  stm32f10x_tim.o(i.TIM_ARRPreloadConfig)
    TIM_ClearFlag                            0x08004139   Thumb Code     6  stm32f10x_tim.o(i.TIM_ClearFlag)
    TIM_ClearITPendingBit                    0x0800413f   Thumb Code     6  stm32f10x_tim.o(i.TIM_ClearITPendingBit)
    TIM_Cmd                                  0x08004145   Thumb Code    20  stm32f10x_tim.o(i.TIM_Cmd)
    TIM_CtrlPWMOutputs                       0x08004159   Thumb Code    22  stm32f10x_tim.o(i.TIM_CtrlPWMOutputs)
    TIM_DeInit                               0x08004171   Thumb Code   304  stm32f10x_tim.o(i.TIM_DeInit)
    TIM_ITConfig                             0x080042e1   Thumb Code    16  stm32f10x_tim.o(i.TIM_ITConfig)
    TIM_OC4Init                              0x080042f1   Thumb Code    90  stm32f10x_tim.o(i.TIM_OC4Init)
    TIM_OC4PreloadConfig                     0x08004355   Thumb Code    20  stm32f10x_tim.o(i.TIM_OC4PreloadConfig)
    TIM_SetCompare4                          0x08004369   Thumb Code     6  stm32f10x_tim.o(i.TIM_SetCompare4)
    TIM_TimeBaseInit                         0x08004371   Thumb Code   114  stm32f10x_tim.o(i.TIM_TimeBaseInit)
    TimerBoard_Init                          0x0800440d   Thumb Code   200  my_timer.o(i.TimerBoard_Init)
    UART_RxIRQ                               0x08004505   Thumb Code   136  drv_uart.o(i.UART_RxIRQ)
    UART_StartReceive                        0x08004599   Thumb Code    14  drv_uart.o(i.UART_StartReceive)
    UART_TimeOutIRQ                          0x080045ad   Thumb Code    48  drv_uart.o(i.UART_TimeOutIRQ)
    USART1_IRQHandler                        0x080045e5   Thumb Code    14  stm32f10x_it.o(i.USART1_IRQHandler)
    USART_ClearFlag                          0x080045f9   Thumb Code     6  stm32f10x_usart.o(i.USART_ClearFlag)
    USART_Cmd                                0x080045ff   Thumb Code    20  stm32f10x_usart.o(i.USART_Cmd)
    USART_CmdParse                           0x08004615   Thumb Code    84  drv_uart.o(i.USART_CmdParse)
    USART_DMACmd                             0x08004675   Thumb Code    16  stm32f10x_usart.o(i.USART_DMACmd)
    USART_ITConfig                           0x08004685   Thumb Code    48  stm32f10x_usart.o(i.USART_ITConfig)
    USART_Init                               0x080046b5   Thumb Code   166  stm32f10x_usart.o(i.USART_Init)
    Uart1_DMASendOutOnce                     0x08004761   Thumb Code    56  drv_uart.o(i.Uart1_DMASendOutOnce)
    __ARM_fpclassify                         0x080047a1   Thumb Code    40  fpclassify.o(i.__ARM_fpclassify)
    __kernel_poly                            0x080047c9   Thumb Code   170  poly.o(i.__kernel_poly)
    __mathlib_dbl_divzero                    0x08004875   Thumb Code    12  dunder.o(i.__mathlib_dbl_divzero)
    __mathlib_dbl_infnan                     0x08004885   Thumb Code     6  dunder.o(i.__mathlib_dbl_infnan)
    __mathlib_dbl_invalid                    0x0800488b   Thumb Code    12  dunder.o(i.__mathlib_dbl_invalid)
    _is_digit                                0x08004897   Thumb Code    14  __printf_wp.o(i._is_digit)
    cwdPrintf                                0x080048a5   Thumb Code   112  debug.o(i.cwdPrintf)
    delay1us                                 0x08004915   Thumb Code   130  measure.o(i.delay1us)
    dis_maxmin                               0x08004999   Thumb Code    44  main.o(i.dis_maxmin)
    dly100ns                                 0x080049e1   Thumb Code    14  measure.o(i.dly100ns)
    gp22_init                                0x080049f1   Thumb Code   130  measure.o(i.gp22_init)
    gp22_read_dword                          0x08004a91   Thumb Code    50  measure.o(i.gp22_read_dword)
    gp22_send_byte                           0x08004ac9   Thumb Code    26  measure.o(i.gp22_send_byte)
    gp22_write_config_reg                    0x08004ae9   Thumb Code    56  measure.o(i.gp22_write_config_reg)
    hr_TimerBaseInit                         0x08004b25   Thumb Code    66  my_timer.o(i.hr_TimerBaseInit)
    log                                      0x08004b69   Thumb Code   808  log.o(i.log)
    log10                                    0x08004ec5   Thumb Code   198  log10.o(i.log10)
    mPrintf                                  0x08004fa9   Thumb Code    44  debug.o(i.mPrintf)
    main                                     0x08004fd5   Thumb Code   116  main.o(i.main)
    meas_range                               0x08005051   Thumb Code   672  main.o(i.meas_range)
    printf_dec                               0x08005499   Thumb Code    88  debug.o(i.printf_dec)
    printf_hex                               0x080054f1   Thumb Code    52  debug.o(i.printf_hex)
    put_string                               0x08005525   Thumb Code    30  stm32f1_init.o(i.put_string)
    range_Get                                0x08005549   Thumb Code    88  main.o(i.range_Get)
    set_AGC_Gn                               0x080055a9   Thumb Code    16  measure.o(i.set_AGC_Gn)
    set_LD_HV                                0x080055bd   Thumb Code    14  measure.o(i.set_LD_HV)
    spi1_write_byte                          0x080055d1   Thumb Code    22  drv_spi.o(i.spi1_write_byte)
    spi2_write_word                          0x080055ed   Thumb Code    52  drv_spi.o(i.spi2_write_word)
    tlc5618_AGC_ADJ                          0x08005629   Thumb Code    44  measure.o(i.tlc5618_AGC_ADJ)
    tlc5618_execute                          0x08005659   Thumb Code    30  measure.o(i.tlc5618_execute)
    tlc5618_init                             0x0800567d   Thumb Code    10  measure.o(i.tlc5618_init)
    trigger_pulse                            0x0800568d   Thumb Code   112  measure.o(i.trigger_pulse)
    _get_lc_numeric                          0x08005711   Thumb Code    44  lc_numeric_c.o(locale$$code)
    __aeabi_d2f                              0x0800573d   Thumb Code     0  d2f.o(x$fpl$d2f)
    _d2f                                     0x0800573d   Thumb Code    98  d2f.o(x$fpl$d2f)
    __aeabi_dadd                             0x080057a1   Thumb Code     0  daddsub_clz.o(x$fpl$dadd)
    _dadd                                    0x080057a1   Thumb Code   332  daddsub_clz.o(x$fpl$dadd)
    __fpl_dcheck_NaN1                        0x080058f1   Thumb Code    10  dcheck1.o(x$fpl$dcheck1)
    __fpl_dcmp_Inf                           0x08005901   Thumb Code    24  dcmpi.o(x$fpl$dcmpinf)
    __aeabi_ddiv                             0x08005919   Thumb Code     0  ddiv.o(x$fpl$ddiv)
    _ddiv                                    0x08005919   Thumb Code   552  ddiv.o(x$fpl$ddiv)
    __aeabi_cdcmpeq                          0x08005bc9   Thumb Code     0  deqf.o(x$fpl$deqf)
    _dcmpeq                                  0x08005bc9   Thumb Code   120  deqf.o(x$fpl$deqf)
    __aeabi_d2iz                             0x08005c41   Thumb Code     0  dfix.o(x$fpl$dfix)
    _dfix                                    0x08005c41   Thumb Code    94  dfix.o(x$fpl$dfix)
    __aeabi_i2d                              0x08005c9f   Thumb Code     0  dflt_clz.o(x$fpl$dflt)
    _dflt                                    0x08005c9f   Thumb Code    46  dflt_clz.o(x$fpl$dflt)
    __aeabi_ui2d                             0x08005ccd   Thumb Code     0  dflt_clz.o(x$fpl$dfltu)
    _dfltu                                   0x08005ccd   Thumb Code    38  dflt_clz.o(x$fpl$dfltu)
    __aeabi_dmul                             0x08005cf5   Thumb Code     0  dmul.o(x$fpl$dmul)
    _dmul                                    0x08005cf5   Thumb Code   332  dmul.o(x$fpl$dmul)
    __fpl_dnaninf                            0x08005e49   Thumb Code   156  dnaninf.o(x$fpl$dnaninf)
    __fpl_dretinf                            0x08005ee5   Thumb Code    12  dretinf.o(x$fpl$dretinf)
    __aeabi_drsub                            0x08005ef1   Thumb Code     0  daddsub_clz.o(x$fpl$drsb)
    _drsb                                    0x08005ef1   Thumb Code    22  daddsub_clz.o(x$fpl$drsb)
    __aeabi_dsub                             0x08005f09   Thumb Code     0  daddsub_clz.o(x$fpl$dsub)
    _dsub                                    0x08005f09   Thumb Code   464  daddsub_clz.o(x$fpl$dsub)
    __aeabi_f2d                              0x080060dd   Thumb Code     0  f2d.o(x$fpl$f2d)
    _f2d                                     0x080060dd   Thumb Code    86  f2d.o(x$fpl$f2d)
    __aeabi_f2uiz                            0x08006135   Thumb Code     0  ffixu.o(x$fpl$ffixu)
    _ffixu                                   0x08006135   Thumb Code    62  ffixu.o(x$fpl$ffixu)
    __aeabi_ui2f                             0x08006175   Thumb Code     0  fflt_clz.o(x$fpl$ffltu)
    _ffltu                                   0x08006175   Thumb Code    38  fflt_clz.o(x$fpl$ffltu)
    __fpl_fnaninf                            0x0800619b   Thumb Code   140  fnaninf.o(x$fpl$fnaninf)
    __fpl_fretinf                            0x08006227   Thumb Code    10  fretinf.o(x$fpl$fretinf)
    _printf_fp_dec                           0x08006231   Thumb Code     4  printf1.o(x$fpl$printf1)
    __fpl_return_NaN                         0x08006235   Thumb Code   100  retnan.o(x$fpl$retnan)
    __ARM_scalbn                             0x08006299   Thumb Code    92  scalbn.o(x$fpl$scalbn)
    __fpl_cmpreturn                          0x080062f5   Thumb Code    48  trapv.o(x$fpl$trapveneer)
    HandleTab                                0x08006324   Data         200  ascii_protocol.o(.constdata)
    __I$use$fp                               0x08006324   Number         0  usenofp.o(x$fpl$usenofp)
    MAX_CMD_NUM                              0x080063ec   Data           1  ascii_protocol.o(.constdata)
    auchCRCHi                                0x08006414   Data         256  drv_crc16.o(.constdata)
    auchCRCLo                                0x08006514   Data         256  drv_crc16.o(.constdata)
    __mathlib_zero                           0x080066e8   Data           8  qnan.o(.constdata)
    Region$$Table$$Base                      0x08006854   Number         0  anon$$obj.o(Region$$Table)
    Region$$Table$$Limit                     0x08006874   Number         0  anon$$obj.o(Region$$Table)
    flag_disBool                             0x20000000   Data           1  main.o(.data)
    Flag_NormalTest                          0x20000001   Data           1  main.o(.data)
    Flag_Cal                                 0x20000002   Data           1  main.o(.data)
    Flag_QCTEST                              0x20000003   Data           1  main.o(.data)
    FreeRun                                  0x20000004   Data           1  main.o(.data)
    Flag_ApdGn                               0x20000005   Data           1  main.o(.data)
    APDGainState                             0x20000006   Data           1  main.o(.data)
    Flag_FirstDist                           0x20000007   Data           1  main.o(.data)
    z_index                                  0x20000008   Data           1  main.o(.data)
    z_index_down                             0x20000009   Data           1  main.o(.data)
    zjk_erro                                 0x2000000a   Data           1  main.o(.data)
    MeasStatus                               0x2000000b   Data           1  main.o(.data)
    data_typ_enu                             0x2000000c   Data           1  main.o(.data)
    cal_cnt                                  0x2000000e   Data           2  main.o(.data)
    dist_cnt                                 0x20000010   Data           2  main.o(.data)
    PEAK_ADC                                 0x20000012   Data           2  main.o(.data)
    dist_collect_tim_cnt                     0x20000014   Data           2  main.o(.data)
    dist_ok                                  0x20000016   Data           2  main.o(.data)
    AGC_NOW                                  0x20000018   Data           2  main.o(.data)
    Ax                                       0x2000001a   Data           2  main.o(.data)
    NormalCnt                                0x2000001c   Data           2  main.o(.data)
    CalNormDist                              0x2000001e   Data           2  main.o(.data)
    QC_DIST                                  0x20000020   Data           2  main.o(.data)
    QC_NUB                                   0x20000022   Data           2  main.o(.data)
    z_lis_dist                               0x20000024   Data           2  main.o(.data)
    Qc1                                      0x20000026   Data           2  main.o(.data)
    Qc2                                      0x20000028   Data           2  main.o(.data)
    Cal                                      0x2000002a   Data           2  main.o(.data)
    dist_final                               0x2000002c   Data           4  main.o(.data)
    dist                                     0x20000030   Data           4  main.o(.data)
    temper                                   0x20000034   Data           4  main.o(.data)
    dstMax                                   0x20000038   Data           4  main.o(.data)
    dstMin                                   0x2000003c   Data           4  main.o(.data)
    status_gp2                               0x20000040   Data           4  main.o(.data)
    Flag_SetingDis                           0x20000044   Data           1  ascii_protocol.o(.data)
    CurrentMark                              0x20000046   Data          10  ascii_protocol.o(.data)
    ProtocolType                             0x20000050   Data           1  ascii_protocol.o(.data)
    erro_dist_cnt                            0x20000058   Data           2  measure.o(.data)
    g_TimerNbr                               0x20000074   Data           1  my_timer.o(.data)
    rt_tick                                  0x20000076   Data           2  my_timer.o(.data)
    OutputTimeStr                            0x20000078   Data           4  my_timer.o(.data)
    dist_tab                                 0x2000007c   Data        8000  main.o(.bss)
    SysSeting                                0x20001fbc   Data          80  ascii_protocol.o(.bss)
    TxBuf                                    0x2000200c   Data          64  stm32f1_init.o(.bss)
    AdcData                                  0x2000204c   Data         200  drv_adc.o(.bss)
    FlashContents                            0x20002114   Data         128  drv_eeprom.o(.bss)
    UART0_RxBuf                              0x20002194   Data         130  drv_uart.o(.bss)
    UsartDatStr                              0x20002216   Data         204  drv_uart.o(.bss)
    __libspace_start                         0x200022e4   Data          96  libspace.o(.bss)
    __temporary_stack_top$libspace           0x20002344   Data           0  libspace.o(.bss)



==============================================================================

Memory Map of the image

  Image Entry point : 0x080001a9

  Load Region LR_1 (Base: 0x08000000, Size: 0x0000690c, Max: 0xffffffff, ABSOLUTE)

    Execution Region ER_RO (Exec base: 0x08000000, Load base: 0x08000000, Size: 0x00006890, Max: 0xffffffff, ABSOLUTE)

    Exec Addr    Load Addr    Size         Type   Attr      Idx    E Section Name        Object

    0x08000000   0x08000000   0x000000ec   Data   RO         1103    RESET               startup_stm32f10x_md.o
    0x080000ec   0x080000ec   0x00000008   Code   RO         3467  * !!!main             c_w.l(__main.o)
    0x080000f4   0x080000f4   0x00000034   Code   RO         3803    !!!scatter          c_w.l(__scatter.o)
    0x08000128   0x08000128   0x0000001a   Code   RO         3805    !!handler_copy      c_w.l(__scatter_copy.o)
    0x08000142   0x08000142   0x00000002   PAD
    0x08000144   0x08000144   0x0000001c   Code   RO         3807    !!handler_zi        c_w.l(__scatter_zi.o)
    0x08000160   0x08000160   0x00000000   Code   RO         3456    .ARM.Collect$$_printf_percent$$00000000  c_w.l(_printf_percent.o)
    0x08000160   0x08000160   0x00000006   Code   RO         3455    .ARM.Collect$$_printf_percent$$00000003  c_w.l(_printf_f.o)
    0x08000166   0x08000166   0x00000006   Code   RO         3454    .ARM.Collect$$_printf_percent$$00000009  c_w.l(_printf_d.o)
    0x0800016c   0x0800016c   0x00000004   Code   RO         3544    .ARM.Collect$$_printf_percent$$00000017  c_w.l(_printf_percent_end.o)
    0x08000170   0x08000170   0x00000002   Code   RO         3674    .ARM.Collect$$libinit$$00000000  c_w.l(libinit.o)
    0x08000172   0x08000172   0x00000000   Code   RO         3676    .ARM.Collect$$libinit$$00000002  c_w.l(libinit2.o)
    0x08000172   0x08000172   0x00000000   Code   RO         3678    .ARM.Collect$$libinit$$00000004  c_w.l(libinit2.o)
    0x08000172   0x08000172   0x00000000   Code   RO         3681    .ARM.Collect$$libinit$$0000000A  c_w.l(libinit2.o)
    0x08000172   0x08000172   0x00000000   Code   RO         3683    .ARM.Collect$$libinit$$0000000C  c_w.l(libinit2.o)
    0x08000172   0x08000172   0x00000000   Code   RO         3685    .ARM.Collect$$libinit$$0000000E  c_w.l(libinit2.o)
    0x08000172   0x08000172   0x00000006   Code   RO         3686    .ARM.Collect$$libinit$$0000000F  c_w.l(libinit2.o)
    0x08000178   0x08000178   0x00000000   Code   RO         3688    .ARM.Collect$$libinit$$00000011  c_w.l(libinit2.o)
    0x08000178   0x08000178   0x00000000   Code   RO         3690    .ARM.Collect$$libinit$$00000013  c_w.l(libinit2.o)
    0x08000178   0x08000178   0x00000000   Code   RO         3692    .ARM.Collect$$libinit$$00000015  c_w.l(libinit2.o)
    0x08000178   0x08000178   0x0000000a   Code   RO         3693    .ARM.Collect$$libinit$$00000016  c_w.l(libinit2.o)
    0x08000182   0x08000182   0x00000000   Code   RO         3694    .ARM.Collect$$libinit$$00000017  c_w.l(libinit2.o)
    0x08000182   0x08000182   0x00000000   Code   RO         3696    .ARM.Collect$$libinit$$00000019  c_w.l(libinit2.o)
    0x08000182   0x08000182   0x00000000   Code   RO         3698    .ARM.Collect$$libinit$$0000001B  c_w.l(libinit2.o)
    0x08000182   0x08000182   0x00000000   Code   RO         3700    .ARM.Collect$$libinit$$0000001D  c_w.l(libinit2.o)
    0x08000182   0x08000182   0x00000000   Code   RO         3702    .ARM.Collect$$libinit$$0000001F  c_w.l(libinit2.o)
    0x08000182   0x08000182   0x00000000   Code   RO         3704    .ARM.Collect$$libinit$$00000021  c_w.l(libinit2.o)
    0x08000182   0x08000182   0x00000000   Code   RO         3706    .ARM.Collect$$libinit$$00000023  c_w.l(libinit2.o)
    0x08000182   0x08000182   0x00000000   Code   RO         3708    .ARM.Collect$$libinit$$00000025  c_w.l(libinit2.o)
    0x08000182   0x08000182   0x00000000   Code   RO         3712    .ARM.Collect$$libinit$$0000002C  c_w.l(libinit2.o)
    0x08000182   0x08000182   0x00000000   Code   RO         3714    .ARM.Collect$$libinit$$0000002E  c_w.l(libinit2.o)
    0x08000182   0x08000182   0x00000000   Code   RO         3716    .ARM.Collect$$libinit$$00000030  c_w.l(libinit2.o)
    0x08000182   0x08000182   0x00000000   Code   RO         3718    .ARM.Collect$$libinit$$00000032  c_w.l(libinit2.o)
    0x08000182   0x08000182   0x00000002   Code   RO         3719    .ARM.Collect$$libinit$$00000033  c_w.l(libinit2.o)
    0x08000184   0x08000184   0x00000002   Code   RO         3768    .ARM.Collect$$libshutdown$$00000000  c_w.l(libshutdown.o)
    0x08000186   0x08000186   0x00000000   Code   RO         3786    .ARM.Collect$$libshutdown$$00000002  c_w.l(libshutdown2.o)
    0x08000186   0x08000186   0x00000000   Code   RO         3788    .ARM.Collect$$libshutdown$$00000004  c_w.l(libshutdown2.o)
    0x08000186   0x08000186   0x00000000   Code   RO         3791    .ARM.Collect$$libshutdown$$00000007  c_w.l(libshutdown2.o)
    0x08000186   0x08000186   0x00000000   Code   RO         3794    .ARM.Collect$$libshutdown$$0000000A  c_w.l(libshutdown2.o)
    0x08000186   0x08000186   0x00000000   Code   RO         3796    .ARM.Collect$$libshutdown$$0000000C  c_w.l(libshutdown2.o)
    0x08000186   0x08000186   0x00000000   Code   RO         3799    .ARM.Collect$$libshutdown$$0000000F  c_w.l(libshutdown2.o)
    0x08000186   0x08000186   0x00000002   Code   RO         3800    .ARM.Collect$$libshutdown$$00000010  c_w.l(libshutdown2.o)
    0x08000188   0x08000188   0x00000000   Code   RO         3527    .ARM.Collect$$rtentry$$00000000  c_w.l(__rtentry.o)
    0x08000188   0x08000188   0x00000000   Code   RO         3583    .ARM.Collect$$rtentry$$00000002  c_w.l(__rtentry2.o)
    0x08000188   0x08000188   0x00000006   Code   RO         3595    .ARM.Collect$$rtentry$$00000004  c_w.l(__rtentry4.o)
    0x0800018e   0x0800018e   0x00000000   Code   RO         3585    .ARM.Collect$$rtentry$$00000009  c_w.l(__rtentry2.o)
    0x0800018e   0x0800018e   0x00000004   Code   RO         3586    .ARM.Collect$$rtentry$$0000000A  c_w.l(__rtentry2.o)
    0x08000192   0x08000192   0x00000000   Code   RO         3588    .ARM.Collect$$rtentry$$0000000C  c_w.l(__rtentry2.o)
    0x08000192   0x08000192   0x00000008   Code   RO         3589    .ARM.Collect$$rtentry$$0000000D  c_w.l(__rtentry2.o)
    0x0800019a   0x0800019a   0x00000002   Code   RO         3722    .ARM.Collect$$rtexit$$00000000  c_w.l(rtexit.o)
    0x0800019c   0x0800019c   0x00000000   Code   RO         3737    .ARM.Collect$$rtexit$$00000002  c_w.l(rtexit2.o)
    0x0800019c   0x0800019c   0x00000004   Code   RO         3738    .ARM.Collect$$rtexit$$00000003  c_w.l(rtexit2.o)
    0x080001a0   0x080001a0   0x00000006   Code   RO         3739    .ARM.Collect$$rtexit$$00000004  c_w.l(rtexit2.o)
    0x080001a6   0x080001a6   0x00000002   PAD
    0x080001a8   0x080001a8   0x00000040   Code   RO         1104  * .text               startup_stm32f10x_md.o
    0x080001e8   0x080001e8   0x000000ee   Code   RO         3421    .text               c_w.l(lludivv7m.o)
    0x080002d6   0x080002d6   0x00000002   PAD
    0x080002d8   0x080002d8   0x00000028   Code   RO         3425    .text               c_w.l(noretval__2sprintf.o)
    0x08000300   0x08000300   0x00000078   Code   RO         3431    .text               c_w.l(_printf_dec.o)
    0x08000378   0x08000378   0x0000010e   Code   RO         3441    .text               c_w.l(__printf_wp.o)
    0x08000486   0x08000486   0x0000003e   Code   RO         3457    .text               c_w.l(strlen.o)
    0x080004c4   0x080004c4   0x00000064   Code   RO         3459    .text               c_w.l(rt_memcpy_w.o)
    0x08000528   0x08000528   0x00000044   Code   RO         3461    .text               c_w.l(rt_memclr.o)
    0x0800056c   0x0800056c   0x0000004e   Code   RO         3463    .text               c_w.l(rt_memclr_w.o)
    0x080005ba   0x080005ba   0x00000006   Code   RO         3465    .text               c_w.l(heapauxi.o)
    0x080005c0   0x080005c0   0x00000016   Code   RO         3532    .text               c_w.l(_rserrno.o)
    0x080005d6   0x080005d6   0x000000b2   Code   RO         3534    .text               c_w.l(_printf_intcommon.o)
    0x08000688   0x08000688   0x0000041e   Code   RO         3536    .text               c_w.l(_printf_fp_dec.o)
    0x08000aa6   0x08000aa6   0x00000002   PAD
    0x08000aa8   0x08000aa8   0x00000030   Code   RO         3538    .text               c_w.l(_printf_char_common.o)
    0x08000ad8   0x08000ad8   0x0000000a   Code   RO         3540    .text               c_w.l(_sputc.o)
    0x08000ae2   0x08000ae2   0x00000002   PAD
    0x08000ae4   0x08000ae4   0x00000008   Code   RO         3602    .text               c_w.l(rt_locale_intlibspace.o)
    0x08000aec   0x08000aec   0x00000008   Code   RO         3607    .text               c_w.l(rt_errno_addr_intlibspace.o)
    0x08000af4   0x08000af4   0x0000008a   Code   RO         3609    .text               c_w.l(lludiv10.o)
    0x08000b7e   0x08000b7e   0x00000002   PAD
    0x08000b80   0x08000b80   0x00000080   Code   RO         3611    .text               c_w.l(_printf_fp_infnan.o)
    0x08000c00   0x08000c00   0x000000e4   Code   RO         3615    .text               c_w.l(bigflt0.o)
    0x08000ce4   0x08000ce4   0x00000008   Code   RO         3656    .text               c_w.l(libspace.o)
    0x08000cec   0x08000cec   0x0000004a   Code   RO         3659    .text               c_w.l(sys_stackheap_outer.o)
    0x08000d36   0x08000d36   0x00000012   Code   RO         3661    .text               c_w.l(exit.o)
    0x08000d48   0x08000d48   0x00000080   Code   RO         3667    .text               c_w.l(strcmpv7m.o)
    0x08000dc8   0x08000dc8   0x0000000c   Code   RO         3734    .text               c_w.l(sys_exit.o)
    0x08000dd4   0x08000dd4   0x00000002   Code   RO         3755    .text               c_w.l(use_no_semi.o)
    0x08000dd6   0x08000dd6   0x00000000   Code   RO         3757    .text               c_w.l(indicate_semi.o)
    0x08000dd6   0x08000dd6   0x0000003e   Code   RO         3618    CL$$btod_d2e        c_w.l(btod.o)
    0x08000e14   0x08000e14   0x00000046   Code   RO         3620    CL$$btod_d2e_denorm_low  c_w.l(btod.o)
    0x08000e5a   0x08000e5a   0x00000060   Code   RO         3619    CL$$btod_d2e_norm_op1  c_w.l(btod.o)
    0x08000eba   0x08000eba   0x00000338   Code   RO         3628    CL$$btod_div_common  c_w.l(btod.o)
    0x080011f2   0x080011f2   0x000000dc   Code   RO         3625    CL$$btod_e2e        c_w.l(btod.o)
    0x080012ce   0x080012ce   0x0000002a   Code   RO         3622    CL$$btod_ediv       c_w.l(btod.o)
    0x080012f8   0x080012f8   0x0000002a   Code   RO         3621    CL$$btod_emul       c_w.l(btod.o)
    0x08001322   0x08001322   0x00000244   Code   RO         3627    CL$$btod_mult_common  c_w.l(btod.o)
    0x08001566   0x08001566   0x00000002   PAD
    0x08001568   0x08001568   0x0000005c   Code   RO         1491    i.AD5420_Write      meas_current.o
    0x080015c4   0x080015c4   0x00000014   Code   RO         1578    i.ADC_Cmd           stm32f10x_adc.o
    0x080015d8   0x080015d8   0x00000014   Code   RO         1579    i.ADC_DMACmd        stm32f10x_adc.o
    0x080015ec   0x080015ec   0x0000000e   Code   RO         1586    i.ADC_GetCalibrationStatus  stm32f10x_adc.o
    0x080015fa   0x080015fa   0x0000000e   Code   RO         1592    i.ADC_GetResetCalibrationStatus  stm32f10x_adc.o
    0x08001608   0x08001608   0x00000048   Code   RO         1596    i.ADC_Init          stm32f10x_adc.o
    0x08001650   0x08001650   0x00000074   Code   RO         1600    i.ADC_RegularChannelConfig  stm32f10x_adc.o
    0x080016c4   0x080016c4   0x0000000a   Code   RO         1601    i.ADC_ResetCalibration  stm32f10x_adc.o
    0x080016ce   0x080016ce   0x00000014   Code   RO         1603    i.ADC_SoftwareStartConvCmd  stm32f10x_adc.o
    0x080016e2   0x080016e2   0x0000000a   Code   RO         1605    i.ADC_StartCalibration  stm32f10x_adc.o
    0x080016ec   0x080016ec   0x00000120   Code   RO            3    i.AGC_RX            main.o
    0x0800180c   0x0800180c   0x0000002c   Code   RO            4    i.APD_HV_AdjWithTemper  main.o
    0x08001838   0x08001838   0x00000072   Code   RO          936    i.BSP_Clock_Init    stm32f1_init.o
    0x080018aa   0x080018aa   0x00000002   PAD
    0x080018ac   0x080018ac   0x000000a0   Code   RO          937    i.BSP_IO_Init       stm32f1_init.o
    0x0800194c   0x0800194c   0x0000008c   Code   RO          938    i.BSP_SPI1_Init     stm32f1_init.o
    0x080019d8   0x080019d8   0x00000094   Code   RO          939    i.BSP_SPI2_Init     stm32f1_init.o
    0x08001a6c   0x08001a6c   0x000000d4   Code   RO          940    i.BSP_USART_Config  stm32f1_init.o
    0x08001b40   0x08001b40   0x00000064   Code   RO          941    i.BSP_UartDMA_Config  stm32f1_init.o
    0x08001ba4   0x08001ba4   0x000000b0   Code   RO            5    i.CAlMEASURE        main.o
    0x08001c54   0x08001c54   0x00000020   Code   RO          324    i.CMD_FreeRun       ascii_protocol.o
    0x08001c74   0x08001c74   0x00000014   Code   RO          326    i.CMD_GetRange      ascii_protocol.o
    0x08001c88   0x08001c88   0x000000a8   Code   RO          327    i.CMD_GetVersion    ascii_protocol.o
    0x08001d30   0x08001d30   0x00000006   Code   RO          328    i.CMD_LedOff        ascii_protocol.o
    0x08001d36   0x08001d36   0x00000006   Code   RO          329    i.CMD_LedOn         ascii_protocol.o
    0x08001d3c   0x08001d3c   0x00000014   Code   RO          330    i.CMD_LsAddress     ascii_protocol.o
    0x08001d50   0x08001d50   0x00000370   Code   RO          335    i.CMD_ReadCal       ascii_protocol.o
    0x080020c0   0x080020c0   0x00000018   Code   RO          336    i.CMD_ReadFactorySettings  ascii_protocol.o
    0x080020d8   0x080020d8   0x00000078   Code   RO          337    i.CMD_ReadStandard  ascii_protocol.o
    0x08002150   0x08002150   0x0000004c   Code   RO          338    i.CMD_ReadThd       ascii_protocol.o
    0x0800219c   0x0800219c   0x0000005c   Code   RO          339    i.CMD_SetAddress    ascii_protocol.o
    0x080021f8   0x080021f8   0x000000b8   Code   RO          340    i.CMD_SetBaudrate   ascii_protocol.o
    0x080022b0   0x080022b0   0x0000007c   Code   RO          341    i.CMD_SetCal        ascii_protocol.o
    0x0800232c   0x0800232c   0x000000c4   Code   RO          345    i.CMD_SetOutputHZ   ascii_protocol.o
    0x080023f0   0x080023f0   0x00000064   Code   RO          346    i.CMD_SetPulseHZ    ascii_protocol.o
    0x08002454   0x08002454   0x00000070   Code   RO          347    i.CMD_SetRange      ascii_protocol.o
    0x080024c4   0x080024c4   0x00000088   Code   RO          348    i.CMD_SetStandard   ascii_protocol.o
    0x0800254c   0x0800254c   0x00000060   Code   RO          349    i.CMD_SetThd        ascii_protocol.o
    0x080025ac   0x080025ac   0x00000018   Code   RO          350    i.CMD_SingleMeas    ascii_protocol.o
    0x080025c4   0x080025c4   0x00000118   Code   RO          352    i.CMD_StartCal      ascii_protocol.o
    0x080026dc   0x080026dc   0x00000018   Code   RO          353    i.CMD_StartContisMeas  ascii_protocol.o
    0x080026f4   0x080026f4   0x00000048   Code   RO          354    i.CMD_StopCal       ascii_protocol.o
    0x0800273c   0x0800273c   0x0000002c   Code   RO          355    i.CMD_StopContisMeas  ascii_protocol.o
    0x08002768   0x08002768   0x00000014   Code   RO          357    i.CMD_TestWithSig   ascii_protocol.o
    0x0800277c   0x0800277c   0x00000018   Code   RO          358    i.CMD_TestWithoutSig  ascii_protocol.o
    0x08002794   0x08002794   0x0000002c   Code   RO         1198    i.CRC16             drv_crc16.o
    0x080027c0   0x080027c0   0x00000034   Code   RO            6    i.Cal_APDV          main.o
    0x080027f4   0x080027f4   0x000001f0   Code   RO            7    i.Cal_hdl           main.o
    0x080029e4   0x080029e4   0x00000058   Code   RO          620    i.CalcDistance      measure.o
    0x08002a3c   0x08002a3c   0x00000018   Code   RO            8    i.Contrl_635LD      main.o
    0x08002a54   0x08002a54   0x00000034   Code   RO         1401    i.DMA1_Channel4_IRQHandler  drv_uart.o
    0x08002a88   0x08002a88   0x00000018   Code   RO         1803    i.DMA_ClearITPendingBit  stm32f10x_dma.o
    0x08002aa0   0x08002aa0   0x00000016   Code   RO         1804    i.DMA_Cmd           stm32f10x_dma.o
    0x08002ab6   0x08002ab6   0x00000002   PAD
    0x08002ab8   0x08002ab8   0x000000e4   Code   RO         1805    i.DMA_DeInit        stm32f10x_dma.o
    0x08002b9c   0x08002b9c   0x00000020   Code   RO         1808    i.DMA_GetITStatus   stm32f10x_dma.o
    0x08002bbc   0x08002bbc   0x00000010   Code   RO         1809    i.DMA_ITConfig      stm32f10x_dma.o
    0x08002bcc   0x08002bcc   0x0000003a   Code   RO         1810    i.DMA_Init          stm32f10x_dma.o
    0x08002c06   0x08002c06   0x00000056   Code   RO         1402    i.DMA_Init_Mem2Periph  drv_uart.o
    0x08002c5c   0x08002c5c   0x00000094   Code   RO          359    i.DefaultSetting    ascii_protocol.o
    0x08002cf0   0x08002cf0   0x00000020   Code   RO         1221    i.EE_Flash_Init     drv_eeprom.o
    0x08002d10   0x08002d10   0x00000014   Code   RO         1222    i.EE_Flash_Read_All_Contents  drv_eeprom.o
    0x08002d24   0x08002d24   0x0000001c   Code   RO         1223    i.EE_Flash_Write_All_Contents  drv_eeprom.o
    0x08002d40   0x08002d40   0x0000000c   Code   RO         1492    i.ExDAC_Delay       meas_current.o
    0x08002d4c   0x08002d4c   0x00000020   Code   RO         1493    i.ExDAC_Init        meas_current.o
    0x08002d6c   0x08002d6c   0x00000008   Code   RO         1494    i.ExDAC_WriteDat    meas_current.o
    0x08002d74   0x08002d74   0x0000003c   Code   RO         1887    i.FLASH_ErasePage   stm32f10x_flash.o
    0x08002db0   0x08002db0   0x00000028   Code   RO         1888    i.FLASH_GetBank1Status  stm32f10x_flash.o
    0x08002dd8   0x08002dd8   0x00000010   Code   RO         1897    i.FLASH_Lock        stm32f10x_flash.o
    0x08002de8   0x08002de8   0x00000018   Code   RO         1899    i.FLASH_PrefetchBufferCmd  stm32f10x_flash.o
    0x08002e00   0x08002e00   0x00000034   Code   RO         1900    i.FLASH_ProgramHalfWord  stm32f10x_flash.o
    0x08002e34   0x08002e34   0x00000014   Code   RO         1904    i.FLASH_SetLatency  stm32f10x_flash.o
    0x08002e48   0x08002e48   0x00000018   Code   RO         1905    i.FLASH_Unlock      stm32f10x_flash.o
    0x08002e60   0x08002e60   0x00000060   Code   RO         1907    i.FLASH_UserOptionByteConfig  stm32f10x_flash.o
    0x08002ec0   0x08002ec0   0x00000024   Code   RO         1909    i.FLASH_WaitForLastOperation  stm32f10x_flash.o
    0x08002ee4   0x08002ee4   0x000000d4   Code   RO            9    i.FilterBublesort   main.o
    0x08002fb8   0x08002fb8   0x00000024   Code   RO         1224    i.Flash_ReadData    drv_eeprom.o
    0x08002fdc   0x08002fdc   0x00000024   Code   RO         1225    i.Flash_WriteData   drv_eeprom.o
    0x08003000   0x08003000   0x000000a2   Code   RO         2068    i.GPIO_Init         stm32f10x_gpio.o
    0x080030a2   0x080030a2   0x00000002   PAD
    0x080030a4   0x080030a4   0x00000058   Code   RO         2070    i.GPIO_PinRemapConfig  stm32f10x_gpio.o
    0x080030fc   0x080030fc   0x00000004   Code   RO         2075    i.GPIO_ResetBits    stm32f10x_gpio.o
    0x08003100   0x08003100   0x00000004   Code   RO         2076    i.GPIO_SetBits      stm32f10x_gpio.o
    0x08003104   0x08003104   0x0000003c   Code   RO         1157    i.GetADCResult      drv_adc.o
    0x08003140   0x08003140   0x00000084   Code   RO          795    i.GetSoftDate       rtu_protocol.o
    0x080031c4   0x080031c4   0x00000034   Code   RO         1403    i.GetStrCmd         drv_uart.o
    0x080031f8   0x080031f8   0x00000028   Code   RO         1404    i.GetStrDat         drv_uart.o
    0x08003220   0x08003220   0x00000002   Code   RO         1054    i.HardFault_Handler  stm32f10x_it.o
    0x08003222   0x08003222   0x00000002   PAD
    0x08003224   0x08003224   0x00000050   Code   RO         3341    i.HwTimer_InterrtpyInit  my_timer.o
    0x08003274   0x08003274   0x00000026   Code   RO         1285    i.LittleCopy_32     drv_modbus.o
    0x0800329a   0x0800329a   0x00000026   Code   RO         1226    i.McuFlash_EreasePage  drv_eeprom.o
    0x080032c0   0x080032c0   0x0000001a   Code   RO         1227    i.McuFlash_ReadData  drv_eeprom.o
    0x080032da   0x080032da   0x00000002   PAD
    0x080032dc   0x080032dc   0x0000003c   Code   RO         1228    i.McuFlash_WriteData  drv_eeprom.o
    0x08003318   0x08003318   0x00000078   Code   RO          621    i.Mode_Config       measure.o
    0x08003390   0x08003390   0x00000064   Code   RO         1528    i.NVIC_Init         misc.o
    0x080033f4   0x080033f4   0x00000014   Code   RO         1529    i.NVIC_PriorityGroupConfig  misc.o
    0x08003408   0x08003408   0x00000020   Code   RO           12    i.NVIC_SystemReset  main.o
    0x08003428   0x08003428   0x00000054   Code   RO           14    i.POWER_On_Init     main.o
    0x0800347c   0x0800347c   0x00000024   Code   RO         1311    i.PWMSet_APD        drv_pwmhv.o
    0x080034a0   0x080034a0   0x00000034   Code   RO           15    i.Packet            main.o
    0x080034d4   0x080034d4   0x00000028   Code   RO          622    i.PulseGenerate     measure.o
    0x080034fc   0x080034fc   0x0000002c   Code   RO           16    i.PulsePeakDetector  main.o
    0x08003528   0x08003528   0x000000bc   Code   RO         1317    i.PwmCongfig        drv_pwmhv.o
    0x080035e4   0x080035e4   0x00000014   Code   RO         2252    i.RCC_ADCCLKConfig  stm32f10x_rcc.o
    0x080035f8   0x080035f8   0x00000018   Code   RO         2253    i.RCC_AHBPeriphClockCmd  stm32f10x_rcc.o
    0x08003610   0x08003610   0x00000018   Code   RO         2254    i.RCC_APB1PeriphClockCmd  stm32f10x_rcc.o
    0x08003628   0x08003628   0x00000018   Code   RO         2255    i.RCC_APB1PeriphResetCmd  stm32f10x_rcc.o
    0x08003640   0x08003640   0x00000018   Code   RO         2256    i.RCC_APB2PeriphClockCmd  stm32f10x_rcc.o
    0x08003658   0x08003658   0x00000018   Code   RO         2257    i.RCC_APB2PeriphResetCmd  stm32f10x_rcc.o
    0x08003670   0x08003670   0x00000040   Code   RO         2263    i.RCC_DeInit        stm32f10x_rcc.o
    0x080036b0   0x080036b0   0x00000090   Code   RO         2264    i.RCC_GetClocksFreq  stm32f10x_rcc.o
    0x08003740   0x08003740   0x00000030   Code   RO         2265    i.RCC_GetFlagStatus  stm32f10x_rcc.o
    0x08003770   0x08003770   0x00000010   Code   RO         2267    i.RCC_GetSYSCLKSource  stm32f10x_rcc.o
    0x08003780   0x08003780   0x00000014   Code   RO         2268    i.RCC_HCLKConfig    stm32f10x_rcc.o
    0x08003794   0x08003794   0x0000000c   Code   RO         2270    i.RCC_HSICmd        stm32f10x_rcc.o
    0x080037a0   0x080037a0   0x00000014   Code   RO         2275    i.RCC_PCLK1Config   stm32f10x_rcc.o
    0x080037b4   0x080037b4   0x00000014   Code   RO         2276    i.RCC_PCLK2Config   stm32f10x_rcc.o
    0x080037c8   0x080037c8   0x0000000c   Code   RO         2277    i.RCC_PLLCmd        stm32f10x_rcc.o
    0x080037d4   0x080037d4   0x00000014   Code   RO         2278    i.RCC_PLLConfig     stm32f10x_rcc.o
    0x080037e8   0x080037e8   0x00000014   Code   RO         2281    i.RCC_SYSCLKConfig  stm32f10x_rcc.o
    0x080037fc   0x080037fc   0x00000020   Code   RO          623    i.ReadGP22Status    measure.o
    0x0800381c   0x0800381c   0x00000014   Code   RO         2465    i.SPI_Cmd           stm32f10x_spi.o
    0x08003830   0x08003830   0x00000038   Code   RO         2478    i.SPI_Init          stm32f10x_spi.o
    0x08003868   0x08003868   0x000000b4   Code   RO         1158    i.SetAdChannel      drv_adc.o
    0x0800391c   0x0800391c   0x0000051c   Code   RO          363    i.SettingRead       ascii_protocol.o
    0x08003e38   0x08003e38   0x00000018   Code   RO          364    i.SettingSave       ascii_protocol.o
    0x08003e50   0x08003e50   0x00000058   Code   RO          624    i.Slect_Gain        measure.o
    0x08003ea8   0x08003ea8   0x00000010   Code   RO         1159    i.StartAdcSample    drv_adc.o
    0x08003eb8   0x08003eb8   0x00000030   Code   RO         1405    i.Str2Hex32         drv_uart.o
    0x08003ee8   0x08003ee8   0x0000001c   Code   RO         1406    i.StrCmp            drv_uart.o
    0x08003f04   0x08003f04   0x00000060   Code   RO          365    i.SysParamInit      ascii_protocol.o
    0x08003f64   0x08003f64   0x0000000c   Code   RO          943    i.SysTickStop       stm32f1_init.o
    0x08003f70   0x08003f70   0x00000010   Code   RO         1055    i.SysTick_Handler   stm32f10x_it.o
    0x08003f80   0x08003f80   0x00000002   Code   RO          944    i.SystemInit        stm32f1_init.o
    0x08003f82   0x08003f82   0x00000002   PAD
    0x08003f84   0x08003f84   0x000000d0   Code   RO          945    i.System_Init       stm32f1_init.o
    0x08004054   0x08004054   0x00000004   Code   RO         1056    i.TIM1_UP_IRQHandler  stm32f10x_it.o
    0x08004058   0x08004058   0x000000cc   Code   RO         3343    i.TIM3_IRQHandler   my_timer.o
    0x08004124   0x08004124   0x00000014   Code   RO         2614    i.TIM_ARRPreloadConfig  stm32f10x_tim.o
    0x08004138   0x08004138   0x00000006   Code   RO         2620    i.TIM_ClearFlag     stm32f10x_tim.o
    0x0800413e   0x0800413e   0x00000006   Code   RO         2621    i.TIM_ClearITPendingBit  stm32f10x_tim.o
    0x08004144   0x08004144   0x00000014   Code   RO         2626    i.TIM_Cmd           stm32f10x_tim.o
    0x08004158   0x08004158   0x00000016   Code   RO         2628    i.TIM_CtrlPWMOutputs  stm32f10x_tim.o
    0x0800416e   0x0800416e   0x00000002   PAD
    0x08004170   0x08004170   0x00000170   Code   RO         2631    i.TIM_DeInit        stm32f10x_tim.o
    0x080042e0   0x080042e0   0x00000010   Code   RO         2651    i.TIM_ITConfig      stm32f10x_tim.o
    0x080042f0   0x080042f0   0x00000064   Code   RO         2670    i.TIM_OC4Init       stm32f10x_tim.o
    0x08004354   0x08004354   0x00000014   Code   RO         2672    i.TIM_OC4PreloadConfig  stm32f10x_tim.o
    0x08004368   0x08004368   0x00000006   Code   RO         2690    i.TIM_SetCompare4   stm32f10x_tim.o
    0x0800436e   0x0800436e   0x00000002   PAD
    0x08004370   0x08004370   0x0000009c   Code   RO         2697    i.TIM_TimeBaseInit  stm32f10x_tim.o
    0x0800440c   0x0800440c   0x000000f8   Code   RO         3344    i.TimerBoard_Init   my_timer.o
    0x08004504   0x08004504   0x00000094   Code   RO         1407    i.UART_RxIRQ        drv_uart.o
    0x08004598   0x08004598   0x00000014   Code   RO         1409    i.UART_StartReceive  drv_uart.o
    0x080045ac   0x080045ac   0x00000038   Code   RO         1410    i.UART_TimeOutIRQ   drv_uart.o
    0x080045e4   0x080045e4   0x00000014   Code   RO         1057    i.USART1_IRQHandler  stm32f10x_it.o
    0x080045f8   0x080045f8   0x00000006   Code   RO         3153    i.USART_ClearFlag   stm32f10x_usart.o
    0x080045fe   0x080045fe   0x00000014   Code   RO         3157    i.USART_Cmd         stm32f10x_usart.o
    0x08004612   0x08004612   0x00000002   PAD
    0x08004614   0x08004614   0x00000060   Code   RO         1411    i.USART_CmdParse    drv_uart.o
    0x08004674   0x08004674   0x00000010   Code   RO         3158    i.USART_DMACmd      stm32f10x_usart.o
    0x08004684   0x08004684   0x00000030   Code   RO         3163    i.USART_ITConfig    stm32f10x_usart.o
    0x080046b4   0x080046b4   0x000000ac   Code   RO         3164    i.USART_Init        stm32f10x_usart.o
    0x08004760   0x08004760   0x00000040   Code   RO         1412    i.Uart1_DMASendOutOnce  drv_uart.o
    0x080047a0   0x080047a0   0x00000028   Code   RO         3651    i.__ARM_fpclassify  m_ws.l(fpclassify.o)
    0x080047c8   0x080047c8   0x000000aa   Code   RO         3653    i.__kernel_poly     m_ws.l(poly.o)
    0x08004872   0x08004872   0x00000002   PAD
    0x08004874   0x08004874   0x00000010   Code   RO         3558    i.__mathlib_dbl_divzero  m_ws.l(dunder.o)
    0x08004884   0x08004884   0x00000006   Code   RO         3559    i.__mathlib_dbl_infnan  m_ws.l(dunder.o)
    0x0800488a   0x0800488a   0x0000000c   Code   RO         3561    i.__mathlib_dbl_invalid  m_ws.l(dunder.o)
    0x08004896   0x08004896   0x0000000e   Code   RO         3443    i._is_digit         c_w.l(__printf_wp.o)
    0x080048a4   0x080048a4   0x00000070   Code   RO         1110    i.cwdPrintf         debug.o
    0x08004914   0x08004914   0x00000082   Code   RO          625    i.delay1us          measure.o
    0x08004996   0x08004996   0x00000002   PAD
    0x08004998   0x08004998   0x00000048   Code   RO           19    i.dis_maxmin        main.o
    0x080049e0   0x080049e0   0x0000000e   Code   RO          626    i.dly100ns          measure.o
    0x080049ee   0x080049ee   0x00000002   PAD
    0x080049f0   0x080049f0   0x000000a0   Code   RO          627    i.gp22_init         measure.o
    0x08004a90   0x08004a90   0x00000038   Code   RO          628    i.gp22_read_dword   measure.o
    0x08004ac8   0x08004ac8   0x00000020   Code   RO          630    i.gp22_send_byte    measure.o
    0x08004ae8   0x08004ae8   0x0000003c   Code   RO          631    i.gp22_write_config_reg  measure.o
    0x08004b24   0x08004b24   0x00000042   Code   RO         3347    i.hr_TimerBaseInit  my_timer.o
    0x08004b66   0x08004b66   0x00000002   PAD
    0x08004b68   0x08004b68   0x0000035c   Code   RO         3573    i.log               m_ws.l(log.o)
    0x08004ec4   0x08004ec4   0x000000e4   Code   RO         3520    i.log10             m_ws.l(log10.o)
    0x08004fa8   0x08004fa8   0x0000002c   Code   RO         1111    i.mPrintf           debug.o
    0x08004fd4   0x08004fd4   0x0000007c   Code   RO           21    i.main              main.o
    0x08005050   0x08005050   0x00000448   Code   RO           22    i.meas_range        main.o
    0x08005498   0x08005498   0x00000058   Code   RO         1112    i.printf_dec        debug.o
    0x080054f0   0x080054f0   0x00000034   Code   RO         1113    i.printf_hex        debug.o
    0x08005524   0x08005524   0x00000024   Code   RO          949    i.put_string        stm32f1_init.o
    0x08005548   0x08005548   0x00000060   Code   RO           23    i.range_Get         main.o
    0x080055a8   0x080055a8   0x00000014   Code   RO          632    i.set_AGC_Gn        measure.o
    0x080055bc   0x080055bc   0x00000014   Code   RO          633    i.set_LD_HV         measure.o
    0x080055d0   0x080055d0   0x0000001c   Code   RO         1370    i.spi1_write_byte   drv_spi.o
    0x080055ec   0x080055ec   0x0000003c   Code   RO         1371    i.spi2_write_word   drv_spi.o
    0x08005628   0x08005628   0x00000030   Code   RO          634    i.tlc5618_AGC_ADJ   measure.o
    0x08005658   0x08005658   0x00000024   Code   RO          636    i.tlc5618_execute   measure.o
    0x0800567c   0x0800567c   0x00000010   Code   RO          637    i.tlc5618_init      measure.o
    0x0800568c   0x0800568c   0x00000084   Code   RO          638    i.trigger_pulse     measure.o
    0x08005710   0x08005710   0x0000002c   Code   RO         3641    locale$$code        c_w.l(lc_numeric_c.o)
    0x0800573c   0x0800573c   0x00000062   Code   RO         3469    x$fpl$d2f           fz_ws.l(d2f.o)
    0x0800579e   0x0800579e   0x00000002   PAD
    0x080057a0   0x080057a0   0x00000150   Code   RO         3471    x$fpl$dadd          fz_ws.l(daddsub_clz.o)
    0x080058f0   0x080058f0   0x00000010   Code   RO         3545    x$fpl$dcheck1       fz_ws.l(dcheck1.o)
    0x08005900   0x08005900   0x00000018   Code   RO         3643    x$fpl$dcmpinf       fz_ws.l(dcmpi.o)
    0x08005918   0x08005918   0x000002b0   Code   RO         3478    x$fpl$ddiv          fz_ws.l(ddiv.o)
    0x08005bc8   0x08005bc8   0x00000078   Code   RO         3645    x$fpl$deqf          fz_ws.l(deqf.o)
    0x08005c40   0x08005c40   0x0000005e   Code   RO         3481    x$fpl$dfix          fz_ws.l(dfix.o)
    0x08005c9e   0x08005c9e   0x0000002e   Code   RO         3486    x$fpl$dflt          fz_ws.l(dflt_clz.o)
    0x08005ccc   0x08005ccc   0x00000026   Code   RO         3485    x$fpl$dfltu         fz_ws.l(dflt_clz.o)
    0x08005cf2   0x08005cf2   0x00000002   PAD
    0x08005cf4   0x08005cf4   0x00000154   Code   RO         3491    x$fpl$dmul          fz_ws.l(dmul.o)
    0x08005e48   0x08005e48   0x0000009c   Code   RO         3549    x$fpl$dnaninf       fz_ws.l(dnaninf.o)
    0x08005ee4   0x08005ee4   0x0000000c   Code   RO         3551    x$fpl$dretinf       fz_ws.l(dretinf.o)
    0x08005ef0   0x08005ef0   0x00000016   Code   RO         3472    x$fpl$drsb          fz_ws.l(daddsub_clz.o)
    0x08005f06   0x08005f06   0x00000002   PAD
    0x08005f08   0x08005f08   0x000001d4   Code   RO         3473    x$fpl$dsub          fz_ws.l(daddsub_clz.o)
    0x080060dc   0x080060dc   0x00000056   Code   RO         3495    x$fpl$f2d           fz_ws.l(f2d.o)
    0x08006132   0x08006132   0x00000002   PAD
    0x08006134   0x08006134   0x0000003e   Code   RO         3503    x$fpl$ffixu         fz_ws.l(ffixu.o)
    0x08006172   0x08006172   0x00000002   PAD
    0x08006174   0x08006174   0x00000026   Code   RO         3507    x$fpl$ffltu         fz_ws.l(fflt_clz.o)
    0x0800619a   0x0800619a   0x0000008c   Code   RO         3553    x$fpl$fnaninf       fz_ws.l(fnaninf.o)
    0x08006226   0x08006226   0x0000000a   Code   RO         3555    x$fpl$fretinf       fz_ws.l(fretinf.o)
    0x08006230   0x08006230   0x00000004   Code   RO         3515    x$fpl$printf1       fz_ws.l(printf1.o)
    0x08006234   0x08006234   0x00000064   Code   RO         3649    x$fpl$retnan        fz_ws.l(retnan.o)
    0x08006298   0x08006298   0x0000005c   Code   RO         3517    x$fpl$scalbn        fz_ws.l(scalbn.o)
    0x080062f4   0x080062f4   0x00000030   Code   RO         3720    x$fpl$trapveneer    fz_ws.l(trapv.o)
    0x08006324   0x08006324   0x00000000   Code   RO         3557    x$fpl$usenofp       fz_ws.l(usenofp.o)
    0x08006324   0x08006324   0x000000c8   Data   RO          369    .constdata          ascii_protocol.o
    0x080063ec   0x080063ec   0x00000001   Data   RO          370    .constdata          ascii_protocol.o
    0x080063ed   0x080063ed   0x00000003   PAD
    0x080063f0   0x080063f0   0x00000024   Data   RO          798    .constdata          rtu_protocol.o
    0x08006414   0x08006414   0x00000200   Data   RO         1199    .constdata          drv_crc16.o
    0x08006614   0x08006614   0x00000004   PAD
    0x08006618   0x08006618   0x00000038   Data   RO         3574    .constdata          m_ws.l(log.o)
    0x08006650   0x08006650   0x00000094   Data   RO         3616    .constdata          c_w.l(bigflt0.o)
    0x080066e4   0x080066e4   0x00000004   PAD
    0x080066e8   0x080066e8   0x00000008   Data   RO         3655    .constdata          m_ws.l(qnan.o)
    0x080066f0   0x080066f0   0x00000162   Data   RO          371    .conststring        ascii_protocol.o
    0x08006852   0x08006852   0x00000002   PAD
    0x08006854   0x08006854   0x00000020   Data   RO         3801    Region$$Table       anon$$obj.o
    0x08006874   0x08006874   0x0000001c   Data   RO         3640    locale$$data        c_w.l(lc_numeric_c.o)


    Execution Region ER_RW (Exec base: 0x20000000, Load base: 0x08006890, Size: 0x0000007c, Max: 0xffffffff, ABSOLUTE)

    Exec Addr    Load Addr    Size         Type   Attr      Idx    E Section Name        Object

    0x20000000   0x08006890   0x00000040   Data   RW           27    .data               main.o
    0x20000040   0x080068d0   0x00000004   Data   RW           30    .data               main.o
    0x20000044   0x080068d4   0x0000000c   Data   RW          372    .data               ascii_protocol.o
    0x20000050   0x080068e0   0x00000001   Data   RW          373    .data               ascii_protocol.o
    0x20000051   0x080068e1   0x00000001   PAD
    0x20000052   0x080068e2   0x00000008   Data   RW          639    .data               measure.o
    0x2000005a   0x080068ea   0x00000006   Data   RW         1318    .data               drv_pwmhv.o
    0x20000060   0x080068f0   0x00000014   Data   RW         2284    .data               stm32f10x_rcc.o
    0x20000074   0x08006904   0x00000008   Data   RW         3351    .data               my_timer.o


    Execution Region ER_ZI (Exec base: 0x2000007c, Load base: 0x0800690c, Size: 0x000028cc, Max: 0xffffffff, ABSOLUTE)

    Exec Addr    Load Addr    Size         Type   Attr      Idx    E Section Name        Object

    0x2000007c        -       0x00001f40   Zero   RW           25    .bss                main.o
    0x20001fbc        -       0x00000050   Zero   RW          367    .bss                ascii_protocol.o
    0x2000200c        -       0x00000040   Zero   RW          950    .bss                stm32f1_init.o
    0x2000204c        -       0x000000c8   Zero   RW         1161    .bss                drv_adc.o
    0x20002114        -       0x00000080   Zero   RW         1229    .bss                drv_eeprom.o
    0x20002194        -       0x0000014e   Zero   RW         1414    .bss                drv_uart.o
    0x200022e2   0x0800690c   0x00000002   PAD
    0x200022e4        -       0x00000060   Zero   RW         3657    .bss                c_w.l(libspace.o)
    0x20002344   0x0800690c   0x00000004   PAD
    0x20002348        -       0x00000200   Zero   RW         1102    HEAP                startup_stm32f10x_md.o
    0x20002548        -       0x00000400   Zero   RW         1101    STACK               startup_stm32f10x_md.o


==============================================================================

Image component sizes


      Code (inc. data)   RO Data    RW Data    ZI Data      Debug   Object Name

      4456       2408        555         13         80      17077   ascii_protocol.o
       296          0          0          0          0       3348   debug.o
       256         18          0          0        200       2425   drv_adc.o
        44          4        512          0          0       1210   drv_crc16.o
       276         36          0          0        128       5433   drv_eeprom.o
        38          0          0          0          0       1017   drv_modbus.o
       224         14          0          6          0       1414   drv_pwmhv.o
        88         14          0          0          0       1048   drv_spi.o
       690         62          0          0        334       8182   drv_uart.o
      2892        796          0         68       8000     325945   main.o
       144         16          0          0          0       2501   meas_current.o
      1092        152          0          8          0      10383   measure.o
       120         16          0          0          0       1591   misc.o
       598        110          0          8          0      25954   my_timer.o
       132         16         36          0          0        814   rtu_protocol.o
        64         26        236          0       1536        820   startup_stm32f10x_md.o
       296         10          0          0          0       7689   stm32f10x_adc.o
       380         26          0          0          0       5519   stm32f10x_dma.o
       368         60          0          0          0       7385   stm32f10x_flash.o
       258          6          0          0          0       3834   stm32f10x_gpio.o
        42         12          0          0          0       1699   stm32f10x_it.o
       536        114          0         20          0      12496   stm32f10x_rcc.o
        76          0          0          0          0       2233   stm32f10x_spi.o
       740        116          0          0          0       8439   stm32f10x_tim.o
       262          6          0          0          0       4999   stm32f10x_usart.o
      1132         74          0          0         64      30913   stm32f1_init.o

    ----------------------------------------------------------------------
     15524       4112       1380        124      10344     494368   Object Totals
         0          0         32          0          0          0   (incl. Generated)
        24          0          9          1          2          0   (incl. Padding)

    ----------------------------------------------------------------------

      Code (inc. data)   RO Data    RW Data    ZI Data      Debug   Library Member Name

         8          0          0          0          0         68   __main.o
       284          0          0          0          0        156   __printf_wp.o
         0          0          0          0          0          0   __rtentry.o
        12          0          0          0          0          0   __rtentry2.o
         6          0          0          0          0          0   __rtentry4.o
        52          8          0          0          0          0   __scatter.o
        26          0          0          0          0          0   __scatter_copy.o
        28          0          0          0          0          0   __scatter_zi.o
        48          6          0          0          0         96   _printf_char_common.o
         6          0          0          0          0          0   _printf_d.o
       120         16          0          0          0         92   _printf_dec.o
         6          0          0          0          0          0   _printf_f.o
      1054          0          0          0          0        216   _printf_fp_dec.o
       128         16          0          0          0         84   _printf_fp_infnan.o
       178          0          0          0          0         88   _printf_intcommon.o
         0          0          0          0          0          0   _printf_percent.o
         4          0          0          0          0          0   _printf_percent_end.o
        22          0          0          0          0        100   _rserrno.o
        10          0          0          0          0         68   _sputc.o
       228          4        148          0          0         96   bigflt0.o
      1936        128          0          0          0        672   btod.o
        18          0          0          0          0         80   exit.o
         6          0          0          0          0        152   heapauxi.o
         0          0          0          0          0          0   indicate_semi.o
        44         10         28          0          0         76   lc_numeric_c.o
         2          0          0          0          0          0   libinit.o
        18          0          0          0          0          0   libinit2.o
         2          0          0          0          0          0   libshutdown.o
         2          0          0          0          0          0   libshutdown2.o
         8          4          0          0         96         68   libspace.o
       138          0          0          0          0         80   lludiv10.o
       238          0          0          0          0        100   lludivv7m.o
        40          6          0          0          0         84   noretval__2sprintf.o
         8          4          0          0          0         68   rt_errno_addr_intlibspace.o
         8          4          0          0          0         68   rt_locale_intlibspace.o
        68          0          0          0          0         68   rt_memclr.o
        78          0          0          0          0         80   rt_memclr_w.o
       100          0          0          0          0         80   rt_memcpy_w.o
         2          0          0          0          0          0   rtexit.o
        10          0          0          0          0          0   rtexit2.o
       128          0          0          0          0         68   strcmpv7m.o
        62          0          0          0          0         76   strlen.o
        12          4          0          0          0         68   sys_exit.o
        74          0          0          0          0         80   sys_stackheap_outer.o
         2          0          0          0          0         68   use_no_semi.o
        98          4          0          0          0         92   d2f.o
       826         16          0          0          0        348   daddsub_clz.o
        16          4          0          0          0         68   dcheck1.o
        24          0          0          0          0         68   dcmpi.o
       688        140          0          0          0        208   ddiv.o
       120          4          0          0          0         92   deqf.o
        94          4          0          0          0         92   dfix.o
        84          0          0          0          0        136   dflt_clz.o
       340         12          0          0          0        104   dmul.o
       156          4          0          0          0         92   dnaninf.o
        12          0          0          0          0         68   dretinf.o
        86          4          0          0          0         84   f2d.o
        62          4          0          0          0         84   ffixu.o
        38          0          0          0          0         68   fflt_clz.o
       140          4          0          0          0         84   fnaninf.o
        10          0          0          0          0         68   fretinf.o
         4          0          0          0          0         68   printf1.o
       100          0          0          0          0         68   retnan.o
        92          0          0          0          0         68   scalbn.o
        48          0          0          0          0         68   trapv.o
         0          0          0          0          0          0   usenofp.o
        34          4          0          0          0        204   dunder.o
        40          0          0          0          0         68   fpclassify.o
       860         52         56          0          0        256   log.o
       228         30          0          0          0        120   log10.o
       170          0          0          0          0         96   poly.o
         0          0          8          0          0          0   qnan.o

    ----------------------------------------------------------------------
      9620        496        244          0        100       5872   Library Totals
        26          0          4          0          4          0   (incl. Padding)

    ----------------------------------------------------------------------

      Code (inc. data)   RO Data    RW Data    ZI Data      Debug   Library Name

      5224        210        176          0         96       3100   c_w.l
      3038        200          0          0          0       2028   fz_ws.l
      1332         86         64          0          0        744   m_ws.l

    ----------------------------------------------------------------------
      9620        496        244          0        100       5872   Library Totals

    ----------------------------------------------------------------------

==============================================================================


      Code (inc. data)   RO Data    RW Data    ZI Data      Debug   

     25144       4608       1624        124      10444     487808   Grand Totals
     25144       4608       1624        124      10444     487808   ELF Image Totals
     25144       4608       1624        124          0          0   ROM Totals

==============================================================================

    Total RO  Size (Code + RO Data)                26768 (  26.14kB)
    Total RW  Size (RW Data + ZI Data)             10568 (  10.32kB)
    Total ROM Size (Code + RO Data + RW Data)      26892 (  26.26kB)

==============================================================================

